Archive member included to satisfy reference by file (symbol)

d:/soft/7.0/toolchain/avr8/avr8-gnu-toolchain/bin/../lib/gcc/avr/5.4.0/../../../../avr/lib/avr5\libm.a(divsf3.o)
                              task_command.o (__divsf3)
d:/soft/7.0/toolchain/avr8/avr8-gnu-toolchain/bin/../lib/gcc/avr/5.4.0/../../../../avr/lib/avr5\libm.a(divsf3x.o)
                              d:/soft/7.0/toolchain/avr8/avr8-gnu-toolchain/bin/../lib/gcc/avr/5.4.0/../../../../avr/lib/avr5\libm.a(divsf3.o) (__divsf3x)
d:/soft/7.0/toolchain/avr8/avr8-gnu-toolchain/bin/../lib/gcc/avr/5.4.0/../../../../avr/lib/avr5\libm.a(fp_inf.o)
                              d:/soft/7.0/toolchain/avr8/avr8-gnu-toolchain/bin/../lib/gcc/avr/5.4.0/../../../../avr/lib/avr5\libm.a(divsf3x.o) (__fp_inf)
d:/soft/7.0/toolchain/avr8/avr8-gnu-toolchain/bin/../lib/gcc/avr/5.4.0/../../../../avr/lib/avr5\libm.a(fp_nan.o)
                              d:/soft/7.0/toolchain/avr8/avr8-gnu-toolchain/bin/../lib/gcc/avr/5.4.0/../../../../avr/lib/avr5\libm.a(divsf3x.o) (__fp_nan)
d:/soft/7.0/toolchain/avr8/avr8-gnu-toolchain/bin/../lib/gcc/avr/5.4.0/../../../../avr/lib/avr5\libm.a(fp_pscA.o)
                              d:/soft/7.0/toolchain/avr8/avr8-gnu-toolchain/bin/../lib/gcc/avr/5.4.0/../../../../avr/lib/avr5\libm.a(divsf3x.o) (__fp_pscA)
d:/soft/7.0/toolchain/avr8/avr8-gnu-toolchain/bin/../lib/gcc/avr/5.4.0/../../../../avr/lib/avr5\libm.a(fp_pscB.o)
                              d:/soft/7.0/toolchain/avr8/avr8-gnu-toolchain/bin/../lib/gcc/avr/5.4.0/../../../../avr/lib/avr5\libm.a(divsf3x.o) (__fp_pscB)
d:/soft/7.0/toolchain/avr8/avr8-gnu-toolchain/bin/../lib/gcc/avr/5.4.0/../../../../avr/lib/avr5\libm.a(fp_round.o)
                              d:/soft/7.0/toolchain/avr8/avr8-gnu-toolchain/bin/../lib/gcc/avr/5.4.0/../../../../avr/lib/avr5\libm.a(divsf3.o) (__fp_round)
d:/soft/7.0/toolchain/avr8/avr8-gnu-toolchain/bin/../lib/gcc/avr/5.4.0/../../../../avr/lib/avr5\libm.a(fp_split3.o)
                              d:/soft/7.0/toolchain/avr8/avr8-gnu-toolchain/bin/../lib/gcc/avr/5.4.0/../../../../avr/lib/avr5\libm.a(divsf3x.o) (__fp_split3)
d:/soft/7.0/toolchain/avr8/avr8-gnu-toolchain/bin/../lib/gcc/avr/5.4.0/../../../../avr/lib/avr5\libm.a(fp_zero.o)
                              d:/soft/7.0/toolchain/avr8/avr8-gnu-toolchain/bin/../lib/gcc/avr/5.4.0/../../../../avr/lib/avr5\libm.a(divsf3x.o) (__fp_szero)
D:\Tmp\avr\P015_Watering\WaterWindow\Watering\FreeRTOS\Debug\libFreeRTOS.a(queue.o)
                              clock.o (xQueueGenericSend)
D:\Tmp\avr\P015_Watering\WaterWindow\Watering\FreeRTOS\Debug\libFreeRTOS.a(tasks.o)
                              main.o (xTaskCreate)
D:\Tmp\avr\P015_Watering\WaterWindow\Watering\FreeRTOS\Debug\libFreeRTOS.a(heap_1.o)
                              D:\Tmp\avr\P015_Watering\WaterWindow\Watering\FreeRTOS\Debug\libFreeRTOS.a(queue.o) (pvPortMalloc)
D:\Tmp\avr\P015_Watering\WaterWindow\Watering\FreeRTOS\Debug\libFreeRTOS.a(list.o)
                              D:\Tmp\avr\P015_Watering\WaterWindow\Watering\FreeRTOS\Debug\libFreeRTOS.a(queue.o) (vListInitialise)
D:\Tmp\avr\P015_Watering\WaterWindow\Watering\FreeRTOS\Debug\libFreeRTOS.a(port.o)
                              D:\Tmp\avr\P015_Watering\WaterWindow\Watering\FreeRTOS\Debug\libFreeRTOS.a(tasks.o) (pxPortInitialiseStack)
D:\Tmp\avr\P015_Watering\WaterWindow\Watering\Uart\Debug\libUart.a(HardwareSerial.o)
                              task_command.o (_ZN14HardwareSerial5beginEmh)
D:\Tmp\avr\P015_Watering\WaterWindow\Watering\Uart\Debug\libUart.a(HardwareSerial0.o)
                              task_command.o (Serial)
D:\Tmp\avr\P015_Watering\WaterWindow\Watering\Uart\Debug\libUart.a(Print.o)
                              D:\Tmp\avr\P015_Watering\WaterWindow\Watering\Uart\Debug\libUart.a(HardwareSerial.o) (_ZN5Print5writeEPKhj)
d:/soft/7.0/toolchain/avr8/avr8-gnu-toolchain/bin/../lib/gcc/avr/5.4.0/../../../../avr/lib/avr5\libm.a(addsf3.o)
                              D:\Tmp\avr\P015_Watering\WaterWindow\Watering\Uart\Debug\libUart.a(Print.o) (__subsf3)
d:/soft/7.0/toolchain/avr8/avr8-gnu-toolchain/bin/../lib/gcc/avr/5.4.0/../../../../avr/lib/avr5\libm.a(addsf3x.o)
                              d:/soft/7.0/toolchain/avr8/avr8-gnu-toolchain/bin/../lib/gcc/avr/5.4.0/../../../../avr/lib/avr5\libm.a(addsf3.o) (__addsf3x)
d:/soft/7.0/toolchain/avr8/avr8-gnu-toolchain/bin/../lib/gcc/avr/5.4.0/../../../../avr/lib/avr5\libm.a(cmpsf2.o)
                              D:\Tmp\avr\P015_Watering\WaterWindow\Watering\Uart\Debug\libUart.a(Print.o) (__ltsf2)
d:/soft/7.0/toolchain/avr8/avr8-gnu-toolchain/bin/../lib/gcc/avr/5.4.0/../../../../avr/lib/avr5\libm.a(fixunssfsi.o)
                              D:\Tmp\avr\P015_Watering\WaterWindow\Watering\Uart\Debug\libUart.a(Print.o) (__fixunssfsi)
d:/soft/7.0/toolchain/avr8/avr8-gnu-toolchain/bin/../lib/gcc/avr/5.4.0/../../../../avr/lib/avr5\libm.a(floatsisf.o)
[...]
Memory Configuration

Name             Origin             Length             Attributes
text             0x00000000         0x00008000         xr
data             0x00800100         0x00000800         rw !x
eeprom           0x00810000         0x00000400         rw !x
fuse             0x00820000         0x00000003         rw !x
lock             0x00830000         0x00000400         rw !x
signature        0x00840000         0x00000400         rw !x
user_signatures  0x00850000         0x00000400         rw !x
*default*        0x00000000         0xffffffff

Linker script and memory map

Address of section .data set to 0x800100
LOAD D:/Soft/7.0/Packs/atmel/ATmega_DFP/1.7.374/gcc/dev/atmega328p/avr5/crtatmega328p.o
LOAD global.o
LOAD main.o
LOAD clock.o
LOAD task_command.o
LOAD task_watering.o
LOAD task_window.o
START GROUP
LOAD d:/soft/7.0/toolchain/avr8/avr8-gnu-toolchain/bin/../lib/gcc/avr/5.4.0/../../../../avr/lib/avr5\libm.a
LOAD D:\Tmp\avr\P015_Watering\WaterWindow\Watering\FreeRTOS\Debug\libFreeRTOS.a
LOAD D:\Tmp\avr\P015_Watering\WaterWindow\Watering\Uart\Debug\libUart.a
END GROUP
LOAD d:/soft/7.0/toolchain/avr8/avr8-gnu-toolchain/bin/../lib/gcc/avr/5.4.0/avr5\libgcc.a
LOAD d:/soft/7.0/toolchain/avr8/avr8-gnu-toolchain/bin/../lib/gcc/avr/5.4.0/../../../../avr/lib/avr5\libm.a
START GROUP
LOAD d:/soft/7.0/toolchain/avr8/avr8-gnu-toolchain/bin/../lib/gcc/avr/5.4.0/avr5\libgcc.a
LOAD d:/soft/7.0/toolchain/avr8/avr8-gnu-toolchain/bin/../lib/gcc/avr/5.4.0/../../../../avr/lib/avr5\libm.a
LOAD d:/soft/7.0/toolchain/avr8/avr8-gnu-toolchain/bin/../lib/gcc/avr/5.4.0/../../../../avr/lib/avr5\libc.a
LOAD D:/Soft/7.0/Packs/atmel/ATmega_DFP/1.7.374/gcc/dev/atmega328p/avr5\libatmega328p.a
END GROUP
                0x00000000                __TEXT_REGION_ORIGIN__ = DEFINED (__TEXT_REGION_ORIGIN__)?__TEXT_REGION_ORIGIN__:0x0
                [0x00800100]                __DATA_REGION_ORIGIN__ = DEFINED (__DATA_REGION_ORIGIN__)?__DATA_REGION_ORIGIN__:0x800060
                [0x00008000]                __TEXT_REGION_LENGTH__ = DEFINED (__TEXT_REGION_LENGTH__)?__TEXT_REGION_LENGTH__:0x20000
                [0x00000800]                __DATA_REGION_LENGTH__ = DEFINED (__DATA_REGION_LENGTH__)?__DATA_REGION_LENGTH__:0xffa0
                [0x00000400]                __EEPROM_REGION_LENGTH__ = DEFINED (__EEPROM_REGION_LENGTH__)?__EEPROM_REGION_LENGTH__:0x10000
                [0x00000003]                __FUSE_REGION_LENGTH__ = DEFINED (__FUSE_REGION_LENGTH__)?__FUSE_REGION_LENGTH__:0x400
                0x00000400                __LOCK_REGION_LENGTH__ = DEFINED (__LOCK_REGION_LENGTH__)?__LOCK_REGION_LENGTH__:0x400
                0x00000400                __SIGNATURE_REGION_LENGTH__ = DEFINED (__SIGNATURE_REGION_LENGTH__)?__SIGNATURE_REGION_LENGTH__:0x400
                0x00000400                __USER_SIGNATURE_REGION_LENGTH__ = DEFINED (__USER_SIGNATURE_REGION_LENGTH__)?__USER_SIGNATURE_REGION_LENGTH__:0x400

.hash
 *(.hash)

.dynsym
 *(.dynsym)

.dynstr
 *(.dynstr)

.gnu.version
 *(.gnu.version)

.gnu.version_d
 *(.gnu.version_d)

.gnu.version_r
 *(.gnu.version_r)

.rel.init
 *(.rel.init)

.rela.init
 *(.rela.init)

.rel.text
 *(.rel.text)
 *(.rel.text.*)
 *(.rel.gnu.linkonce.t*)

.rela.text
 *(.rela.text)
 *(.rela.text.*)
 *(.rela.gnu.linkonce.t*)

.rel.fini
 *(.rel.fini)

.rela.fini
 *(.rela.fini)

.rel.rodata
 *(.rel.rodata)
 *(.rel.rodata.*)
 *(.rel.gnu.linkonce.r*)

.rela.rodata
 *(.rela.rodata)
 *(.rela.rodata.*)
 *(.rela.gnu.linkonce.r*)

.rel.data
 *(.rel.data)
 *(.rel.data.*)
 *(.rel.gnu.linkonce.d*)

.rela.data
 *(.rela.data)
 *(.rela.data.*)
 *(.rela.gnu.linkonce.d*)

.rel.ctors
 *(.rel.ctors)

.rela.ctors
 *(.rela.ctors)

.rel.dtors
 *(.rel.dtors)

.rela.dtors
 *(.rela.dtors)

.rel.got
 *(.rel.got)

.rela.got
 *(.rela.got)

.rel.bss
 *(.rel.bss)

.rela.bss
 *(.rela.bss)

.rel.plt
 *(.rel.plt)

.rela.plt
 *(.rela.plt)

.text           0x00000000     0x48a6
 *(.vectors)
 .vectors       0x00000000       0x68 D:/Soft/7.0/Packs/atmel/ATmega_DFP/1.7.374/gcc/dev/atmega328p/avr5/crtatmega328p.o
                0x00000000                __vector_default
                0x00000000                __vectors
 *(.vectors)
 *(.progmem.gcc*)
                0x00000068                . = ALIGN (0x2)
                0x00000068                __trampolines_start = .
 *(.trampolines)
 .trampolines   0x00000068        0x0 linker stubs
 *(.trampolines*)
                0x00000068                __trampolines_end = .
 *libprintf_flt.a:*(.progmem.data)
 *libc.a:*(.progmem.data)
 *(.progmem*)
                0x00000068                . = ALIGN (0x2)
 *(.jumptables)
 *(.jumptables*)
 *(.lowtext)
 *(.lowtext*)
                0x00000068                __ctors_start = .
 *(.ctors)
 .ctors         0x00000068        0x2 global.o
 .ctors         0x0000006a        0x2 D:\Tmp\avr\P015_Watering\WaterWindow\Watering\Uart\Debug\libUart.a(HardwareSerial0.o)
                0x0000006c                __ctors_end = .
                0x0000006c                __dtors_start = .
 *(.dtors)
                0x0000006c                __dtors_end = .
 SORT(*)(.ctors)
 SORT(*)(.dtors)
 *(.init0)
 .init0         0x0000006c        0x0 D:/Soft/7.0/Packs/atmel/ATmega_DFP/1.7.374/gcc/dev/atmega328p/avr5/crtatmega328p.o
                0x0000006c                __init
 *(.init0)
 *(.init1)
 *(.init1)
 *(.init2)
 .init2         0x0000006c        0xc D:/Soft/7.0/Packs/atmel/ATmega_DFP/1.7.374/gcc/dev/atmega328p/avr5/crtatmega328p.o
 *(.init2)
 *(.init3)
 *(.init3)
 *(.init4)
 .init4         0x00000078       0x16 d:/soft/7.0/toolchain/avr8/avr8-gnu-toolchain/bin/../lib/gcc/avr/5.4.0/avr5\libgcc.a(_copy_data.o)
                0x00000078                __do_copy_data
 .init4         0x0000008e       0x10 d:/soft/7.0/toolchain/avr8/avr8-gnu-toolchain/bin/../lib/gcc/avr/5.4.0/avr5\libgcc.a(_clear_bss.o)
                0x0000008e                __do_clear_bss
 *(.init4)
 *(.init5)
 *(.init5)
 *(.init6)
 .init6         0x0000009e       0x16 d:/soft/7.0/toolchain/avr8/avr8-gnu-toolchain/bin/../lib/gcc/avr/5.4.0/avr5\libgcc.a(_ctors.o)
                0x0000009e                __do_global_ctors
 *(.init6)
 *(.init7)
 *(.init7)
 *(.init8)
 *(.init8)
 *(.init9)
 .init9         0x000000b4        0x8 D:/Soft/7.0/Packs/atmel/ATmega_DFP/1.7.374/gcc/dev/atmega328p/avr5/crtatmega328p.o
 *(.init9)
 *(.text)
 .text          0x000000bc        0x4 D:/Soft/7.0/Packs/atmel/ATmega_DFP/1.7.374/gcc/dev/atmega328p/avr5/crtatmega328p.o
                0x000000bc                __vector_22
                0x000000bc                __vector_1
                0x000000bc                __vector_24
                0x000000bc                __vector_12
                0x000000bc                __bad_interrupt
                0x000000bc                __vector_6
                0x000000bc                __vector_3
                0x000000bc                __vector_23
                0x000000bc                __vector_25
                0x000000bc                __vector_13
                0x000000bc                __vector_17
                0x000000bc                __vector_7
                0x000000bc                __vector_5
                0x000000bc                __vector_4
                0x000000bc                __vector_9
                0x000000bc                __vector_2
                0x000000bc                __vector_21
                0x000000bc                __vector_15
                0x000000bc                __vector_8
                0x000000bc                __vector_14
                0x000000bc                __vector_10
                0x000000bc                __vector_20
                0x000000c0                . = ALIGN (0x2)
 *(.text.*)
 .text._Z41__static_initialization_and_destruction_0ii
                0x000000c0      0x14e global.o
 .text._GLOBAL__sub_I_Temp
                0x0000020e        0xe global.o
 .text.main     0x0000021c       0x5c main.o
                0x0000021c                main
 .text.__vector_16
                0x00000278       0x6a clock.o
                0x00000278                __vector_16
 .text._ZN3Std9make_pairIRmS1_EENS_4pairINS_5decayIT_E4typeES6_EEOS4_OT0_
                0x000002e2       0x5a clock.o
                0x000002e2                _ZN3Std9make_pairIRmS1_EENS_4pairINS_5decayIT_E4typeES6_EEOS4_OT0_
 .text._Z12update_clockPv
                0x0000033c      0x278 clock.o
                0x0000033c                _Z12update_clockPv
 .text._ZN3Stdli2svEPKcj
                0x000005b4        0xc task_command.o
                0x000005b4                _ZN3Stdli2svEPKcj
 .text._Z13parse_commandRN3Std11string_viewE
                0x000005c0       0xe8 task_command.o
                0x000005c0                _Z13parse_commandRN3Std11string_viewE
 .text._Z14parse_variableRN3Std11string_viewE
                0x000006a8      0x10c task_command.o
                0x000006a8                _Z14parse_variableRN3Std11string_viewE
 .text._Z11print_clockRK11hh_mm_ss_dd
                0x000007b4      0x106 task_command.o
                0x000007b4                _Z11print_clockRK11hh_mm_ss_dd
 .text._Z15get_float_param11float_pname
                0x000008ba      0x12c task_command.o
                0x000008ba                _Z15get_float_param11float_pname
 .text._Z16get_uint32_param12uint32_pname
                0x000009e6       0xcc task_command.o
                0x000009e6                _Z16get_uint32_param12uint32_pname
 .text._Z14print_durationm
                0x00000ab2       0xe8 task_command.o
                0x00000ab2                _Z14print_durationm
 .text._Z10print_planv
                0x00000b9a       0xb4 task_command.o
                0x00000b9a                _Z10print_planv
 .text._Z11print_everyv
                0x00000c4e       0xf8 task_command.o
                0x00000c4e                _Z11print_everyv
 .text._Z21task_command_executorPv
                0x00000d46      0x5f4 task_command.o
                0x00000d46                _Z21task_command_executorPv
 .text._Z18NextDayUpdatePlansv
                0x0000133a      0x130 task_watering.o
                0x0000133a                _Z18NextDayUpdatePlansv
 .text._Z13water_processRK11hh_mm_ss_ddm
                0x0000146a      0x31a task_watering.o
                0x0000146a                _Z13water_processRK11hh_mm_ss_ddm
 .text._Z13task_wateringPv
                0x00001784      0xdf6 task_watering.o
                0x00001784                _Z13task_wateringPv
 .text._Z11task_windowPv
                0x0000257a        0xa task_window.o
                0x0000257a                _Z11task_windowPv
 .text.avr-libc.fplib
                0x00002584        0x8 d:/soft/7.0/toolchain/avr8/avr8-gnu-toolchain/bin/../lib/gcc/avr/5.4.0/../../../../avr/lib/avr5\libm.a(divsf3.o)
                0x00002584                __divsf3
 .text.avr-libc.fplib
                0x0000258c       0xdc d:/soft/7.0/toolchain/avr8/avr8-gnu-toolchain/bin/../lib/gcc/avr/5.4.0/../../../../avr/lib/avr5\libm.a(divsf3x.o)
                0x000025ac                __divsf3x
                0x000025b2                __divsf3_pse
 .text.avr-libc.fplib
                0x00002668        0xc d:/soft/7.0/toolchain/avr8/avr8-gnu-toolchain/bin/../lib/gcc/avr/5.4.0/../../../../avr/lib/avr5\libm.a(fp_inf.o)
                0x00002668                __fp_inf
 .text.avr-libc.fplib
                0x00002674        0x6 d:/soft/7.0/toolchain/avr8/avr8-gnu-toolchain/bin/../lib/gcc/avr/5.4.0/../../../../avr/lib/avr5\libm.a(fp_nan.o)
                0x00002674                __fp_nan
 .text.avr-libc.fplib
                0x0000267a        0xe d:/soft/7.0/toolchain/avr8/avr8-gnu-toolchain/bin/../lib/gcc/avr/5.4.0/../../../../avr/lib/avr5\libm.a(fp_pscA.o)
                0x0000267a                __fp_pscA
 .text.avr-libc.fplib
                0x00002688        0xe d:/soft/7.0/toolchain/avr8/avr8-gnu-toolchain/bin/../lib/gcc/avr/5.4.0/../../../../avr/lib/avr5\libm.a(fp_pscB.o)
                0x00002688                __fp_pscB
 .text.avr-libc.fplib
                0x00002696       0x22 d:/soft/7.0/toolchain/avr8/avr8-gnu-toolchain/bin/../lib/gcc/avr/5.4.0/../../../../avr/lib/avr5\libm.a(fp_round.o)
                0x00002696                __fp_round
 .text.avr-libc.fplib
                0x000026b8       0x44 d:/soft/7.0/toolchain/avr8/avr8-gnu-toolchain/bin/../lib/gcc/avr/5.4.0/../../../../avr/lib/avr5\libm.a(fp_split3.o)
                0x000026b8                __fp_split3
                0x000026c8                __fp_splitA
 .text.avr-libc.fplib
                0x000026fc        0xe d:/soft/7.0/toolchain/avr8/avr8-gnu-toolchain/bin/../lib/gcc/avr/5.4.0/../../../../avr/lib/avr5\libm.a(fp_zero.o)
                0x000026fc                __fp_zero
                0x000026fe                __fp_szero
 .text.prvCopyDataToQueue
                0x0000270a       0x92 D:\Tmp\avr\P015_Watering\WaterWindow\Watering\FreeRTOS\Debug\libFreeRTOS.a(queue.o)
 .text.prvCopyDataFromQueue
                0x0000279c       0x34 D:\Tmp\avr\P015_Watering\WaterWindow\Watering\FreeRTOS\Debug\libFreeRTOS.a(queue.o)
 .text.prvUnlockQueue
                0x000027d0       0x9a D:\Tmp\avr\P015_Watering\WaterWindow\Watering\FreeRTOS\Debug\libFreeRTOS.a(queue.o)
 .text.xQueueGenericSend
                0x0000286a      0x142 D:\Tmp\avr\P015_Watering\WaterWindow\Watering\FreeRTOS\Debug\libFreeRTOS.a(queue.o)
                0x0000286a                xQueueGenericSend
 .text.xQueueGenericReceive
                0x000029ac      0x16a D:\Tmp\avr\P015_Watering\WaterWindow\Watering\FreeRTOS\Debug\libFreeRTOS.a(queue.o)
                0x000029ac                xQueueGenericReceive
 .text.prvResetNextTaskUnblockTime
                0x00002b16       0x3e D:\Tmp\avr\P015_Watering\WaterWindow\Watering\FreeRTOS\Debug\libFreeRTOS.a(tasks.o)
 .text.prvAddCurrentTaskToDelayedList
                0x00002b54       0xb0 D:\Tmp\avr\P015_Watering\WaterWindow\Watering\FreeRTOS\Debug\libFreeRTOS.a(tasks.o)
 .text.xTaskCreate
                0x00002c04      0x21a D:\Tmp\avr\P015_Watering\WaterWindow\Watering\FreeRTOS\Debug\libFreeRTOS.a(tasks.o)
                0x00002c04                xTaskCreate
 .text.vTaskStartScheduler
                0x00002e1e       0x54 D:\Tmp\avr\P015_Watering\WaterWindow\Watering\FreeRTOS\Debug\libFreeRTOS.a(tasks.o)
                0x00002e1e                vTaskStartScheduler
 .text.vTaskSuspendAll
                0x00002e72        0xc D:\Tmp\avr\P015_Watering\WaterWindow\Watering\FreeRTOS\Debug\libFreeRTOS.a(tasks.o)
                0x00002e72                vTaskSuspendAll
 .text.xTaskIncrementTick
                0x00002e7e      0x176 D:\Tmp\avr\P015_Watering\WaterWindow\Watering\FreeRTOS\Debug\libFreeRTOS.a(tasks.o)
                0x00002e7e                xTaskIncrementTick
 .text.xTaskResumeAll
                0x00002ff4       0xfe D:\Tmp\avr\P015_Watering\WaterWindow\Watering\FreeRTOS\Debug\libFreeRTOS.a(tasks.o)
                0x00002ff4                xTaskResumeAll
 .text.vTaskDelay
                0x000030f2       0x28 D:\Tmp\avr\P015_Watering\WaterWindow\Watering\FreeRTOS\Debug\libFreeRTOS.a(tasks.o)
                0x000030f2                vTaskDelay
 .text.prvIdleTask
                0x0000311a       0x7a D:\Tmp\avr\P015_Watering\WaterWindow\Watering\FreeRTOS\Debug\libFreeRTOS.a(tasks.o)
 .text.vTaskSwitchContext
                0x00003194       0xcc D:\Tmp\avr\P015_Watering\WaterWindow\Watering\FreeRTOS\Debug\libFreeRTOS.a(tasks.o)
                0x00003194                vTaskSwitchContext
 .text.vTaskPlaceOnEventList
                0x00003260       0x24 D:\Tmp\avr\P015_Watering\WaterWindow\Watering\FreeRTOS\Debug\libFreeRTOS.a(tasks.o)
                0x00003260                vTaskPlaceOnEventList
 .text.xTaskRemoveFromEventList
                0x00003284       0x90 D:\Tmp\avr\P015_Watering\WaterWindow\Watering\FreeRTOS\Debug\libFreeRTOS.a(tasks.o)
                0x00003284                xTaskRemoveFromEventList
 .text.vTaskSetTimeOutState
                0x00003314       0x16 D:\Tmp\avr\P015_Watering\WaterWindow\Watering\FreeRTOS\Debug\libFreeRTOS.a(tasks.o)
                0x00003314                vTaskSetTimeOutState
 .text.xTaskCheckForTimeOut
                0x0000332a       0x72 D:\Tmp\avr\P015_Watering\WaterWindow\Watering\FreeRTOS\Debug\libFreeRTOS.a(tasks.o)
                0x0000332a                xTaskCheckForTimeOut
 .text.vTaskMissedYield
                0x0000339c        0x8 D:\Tmp\avr\P015_Watering\WaterWindow\Watering\FreeRTOS\Debug\libFreeRTOS.a(tasks.o)
                0x0000339c                vTaskMissedYield
 .text.pvPortMalloc
                0x000033a4       0x6a D:\Tmp\avr\P015_Watering\WaterWindow\Watering\FreeRTOS\Debug\libFreeRTOS.a(heap_1.o)
                0x000033a4                pvPortMalloc
 .text.vPortFree
                0x0000340e        0x2 D:\Tmp\avr\P015_Watering\WaterWindow\Watering\FreeRTOS\Debug\libFreeRTOS.a(heap_1.o)
                0x0000340e                vPortFree
 .text.vListInitialise
                0x00003410       0x1c D:\Tmp\avr\P015_Watering\WaterWindow\Watering\FreeRTOS\Debug\libFreeRTOS.a(list.o)
                0x00003410                vListInitialise
 .text.vListInitialiseItem
                0x0000342c        0x8 D:\Tmp\avr\P015_Watering\WaterWindow\Watering\FreeRTOS\Debug\libFreeRTOS.a(list.o)
                0x0000342c                vListInitialiseItem
 .text.vListInsertEnd
                0x00003434       0x42 D:\Tmp\avr\P015_Watering\WaterWindow\Watering\FreeRTOS\Debug\libFreeRTOS.a(list.o)
                0x00003434                vListInsertEnd
 .text.vListInsert
                0x00003476       0x62 D:\Tmp\avr\P015_Watering\WaterWindow\Watering\FreeRTOS\Debug\libFreeRTOS.a(list.o)
                0x00003476                vListInsert
 .text.uxListRemove
                0x000034d8       0x4c D:\Tmp\avr\P015_Watering\WaterWindow\Watering\FreeRTOS\Debug\libFreeRTOS.a(list.o)
                0x000034d8                uxListRemove
 .text.pxPortInitialiseStack
                0x00003524       0xd8 D:\Tmp\avr\P015_Watering\WaterWindow\Watering\FreeRTOS\Debug\libFreeRTOS.a(port.o)
                0x00003524                pxPortInitialiseStack
 .text.xPortStartScheduler
                0x000035fc       0x78 D:\Tmp\avr\P015_Watering\WaterWindow\Watering\FreeRTOS\Debug\libFreeRTOS.a(port.o)
                0x000035fc                xPortStartScheduler
 .text.vPortYield
                0x00003674       0xb2 D:\Tmp\avr\P015_Watering\WaterWindow\Watering\FreeRTOS\Debug\libFreeRTOS.a(port.o)
                0x00003674                vPortYield
 .text.vPortYieldFromTick
                0x00003726       0xb8 D:\Tmp\avr\P015_Watering\WaterWindow\Watering\FreeRTOS\Debug\libFreeRTOS.a(port.o)
                0x00003726                vPortYieldFromTick
 .text.__vector_11
                0x000037de        0x6 D:\Tmp\avr\P015_Watering\WaterWindow\Watering\FreeRTOS\Debug\libFreeRTOS.a(port.o)
                0x000037de                __vector_11
 .text._ZN14HardwareSerial9availableEv
                0x000037e4       0x1a D:\Tmp\avr\P015_Watering\WaterWindow\Watering\Uart\Debug\libUart.a(HardwareSerial.o)
                0x000037e4                _ZN14HardwareSerial9availableEv
 .text._ZN14HardwareSerial4peekEv
                0x000037fe       0x1c D:\Tmp\avr\P015_Watering\WaterWindow\Watering\Uart\Debug\libUart.a(HardwareSerial.o)
                0x000037fe                _ZN14HardwareSerial4peekEv
 .text._ZN14HardwareSerial4readEv
                0x0000381a       0x28 D:\Tmp\avr\P015_Watering\WaterWindow\Watering\Uart\Debug\libUart.a(HardwareSerial.o)
                0x0000381a                _ZN14HardwareSerial4readEv
 .text._ZN14HardwareSerial17availableForWriteEv
                0x00003842       0x24 D:\Tmp\avr\P015_Watering\WaterWindow\Watering\Uart\Debug\libUart.a(HardwareSerial.o)
                0x00003842                _ZN14HardwareSerial17availableForWriteEv
 .text._ZN14HardwareSerial5writeEh
                0x00003866       0xf6 D:\Tmp\avr\P015_Watering\WaterWindow\Watering\Uart\Debug\libUart.a(HardwareSerial.o)
                0x00003866                _ZN14HardwareSerial5writeEh
 .text._ZN14HardwareSerial5flushEv
                0x0000395c       0xd6 D:\Tmp\avr\P015_Watering\WaterWindow\Watering\Uart\Debug\libUart.a(HardwareSerial.o)
                0x0000395c                _ZN14HardwareSerial5flushEv
 .text._ZN14HardwareSerial5beginEmh
                0x00003a32      0x11c D:\Tmp\avr\P015_Watering\WaterWindow\Watering\Uart\Debug\libUart.a(HardwareSerial.o)
                0x00003a32                _ZN14HardwareSerial5beginEmh
 .text._Z41__static_initialization_and_destruction_0ii
                0x00003b4e       0x7c D:\Tmp\avr\P015_Watering\WaterWindow\Watering\Uart\Debug\libUart.a(HardwareSerial0.o)
 .text.__vector_18
                0x00003bca       0x70 D:\Tmp\avr\P015_Watering\WaterWindow\Watering\Uart\Debug\libUart.a(HardwareSerial0.o)
                0x00003bca                __vector_18
 .text.__vector_19
                0x00003c3a       0x88 D:\Tmp\avr\P015_Watering\WaterWindow\Watering\Uart\Debug\libUart.a(HardwareSerial0.o)
                0x00003c3a                __vector_19
 .text._GLOBAL__sub_I___vector_18
                0x00003cc2        0xe D:\Tmp\avr\P015_Watering\WaterWindow\Watering\Uart\Debug\libUart.a(HardwareSerial0.o)
 .text._ZN5Print5writeEPKhj
                0x00003cd0       0x60 D:\Tmp\avr\P015_Watering\WaterWindow\Watering\Uart\Debug\libUart.a(Print.o)
                0x00003cd0                _ZN5Print5writeEPKhj
 .text._ZN5Print5printEPKc
                0x00003d30       0x2c D:\Tmp\avr\P015_Watering\WaterWindow\Watering\Uart\Debug\libUart.a(Print.o)
                0x00003d30                _ZN5Print5printEPKc
 .text._ZN5Print5printEc
                0x00003d5c       0x10 D:\Tmp\avr\P015_Watering\WaterWindow\Watering\Uart\Debug\libUart.a(Print.o)
                0x00003d5c                _ZN5Print5printEc
 .text._ZN5Print7printlnEv
                0x00003d6c       0x18 D:\Tmp\avr\P015_Watering\WaterWindow\Watering\Uart\Debug\libUart.a(Print.o)
                0x00003d6c                _ZN5Print7printlnEv
 .text._ZN5Print7printlnEPKc
                0x00003d84       0x24 D:\Tmp\avr\P015_Watering\WaterWindow\Watering\Uart\Debug\libUart.a(Print.o)
                0x00003d84                _ZN5Print7printlnEPKc
 .text._ZN5Print11printNumberEmh
                0x00003da8       0xcc D:\Tmp\avr\P015_Watering\WaterWindow\Watering\Uart\Debug\libUart.a(Print.o)
                0x00003da8                _ZN5Print11printNumberEmh
 .text._ZN5Print5printEli
                0x00003e74       0x78 D:\Tmp\avr\P015_Watering\WaterWindow\Watering\Uart\Debug\libUart.a(Print.o)
                0x00003e74                _ZN5Print5printEli
 .text._ZN5Print5printEii
                0x00003eec       0x10 D:\Tmp\avr\P015_Watering\WaterWindow\Watering\Uart\Debug\libUart.a(Print.o)
                0x00003eec                _ZN5Print5printEii
 .text._ZN5Print5printEmi
                0x00003efc       0x1e D:\Tmp\avr\P015_Watering\WaterWindow\Watering\Uart\Debug\libUart.a(Print.o)
                0x00003efc                _ZN5Print5printEmi
 .text._ZN5Print5printEji
                0x00003f1a        0xe D:\Tmp\avr\P015_Watering\WaterWindow\Watering\Uart\Debug\libUart.a(Print.o)
                0x00003f1a                _ZN5Print5printEji
 .text._ZN5Print7printlnEmi
                0x00003f28       0x24 D:\Tmp\avr\P015_Watering\WaterWindow\Watering\Uart\Debug\libUart.a(Print.o)
                0x00003f28                _ZN5Print7printlnEmi
 .text._ZN5Print10printFloatEdh
                0x00003f4c      0x1d0 D:\Tmp\avr\P015_Watering\WaterWindow\Watering\Uart\Debug\libUart.a(Print.o)
                0x00003f4c                _ZN5Print10printFloatEdh
 .text._ZN5Print5printEdi
                0x0000411c        0x6 D:\Tmp\avr\P015_Watering\WaterWindow\Watering\Uart\Debug\libUart.a(Print.o)
                0x0000411c                _ZN5Print5printEdi
 .text._ZN5Print7printlnEdi
                0x00004122       0x24 D:\Tmp\avr\P015_Watering\WaterWindow\Watering\Uart\Debug\libUart.a(Print.o)
                0x00004122                _ZN5Print7printlnEdi
 .text.avr-libc.fplib
                0x00004146        0xe d:/soft/7.0/toolchain/avr8/avr8-gnu-toolchain/bin/../lib/gcc/avr/5.4.0/../../../../avr/lib/avr5\libm.a(addsf3.o)
                0x00004146                __subsf3
                0x00004148                __addsf3
 .text.avr-libc.fplib
                0x00004154       0xcc d:/soft/7.0/toolchain/avr8/avr8-gnu-toolchain/bin/../lib/gcc/avr/5.4.0/../../../../avr/lib/avr5\libm.a(addsf3x.o)
                0x00004176                __addsf3x
 .text.avr-libc.fplib
                0x00004220        0xa d:/soft/7.0/toolchain/avr8/avr8-gnu-toolchain/bin/../lib/gcc/avr/5.4.0/../../../../avr/lib/avr5\libm.a(cmpsf2.o)
                0x00004220                __nesf2
                0x00004220                __eqsf2
                0x00004220                __cmpsf2
                0x00004220                __ltsf2
                0x00004220                __lesf2
 .text.avr-libc.fplib
                0x0000422a       0x5e d:/soft/7.0/toolchain/avr8/avr8-gnu-toolchain/bin/../lib/gcc/avr/5.4.0/../../../../avr/lib/avr5\libm.a(fixunssfsi.o)
                0x0000422a                __fixunssfsi
 .text.avr-libc.fplib
                0x00004288       0x7a d:/soft/7.0/toolchain/avr8/avr8-gnu-toolchain/bin/../lib/gcc/avr/5.4.0/../../../../avr/lib/avr5\libm.a(floatsisf.o)
                0x00004288                __floatunsisf
                0x0000428c                __floatsisf
 .text.avr-libc.fplib
                0x00004302       0x48 d:/soft/7.0/toolchain/avr8/avr8-gnu-toolchain/bin/../lib/gcc/avr/5.4.0/../../../../avr/lib/avr5\libm.a(fp_cmp.o)
                0x00004302                __fp_cmp
 .text.avr-libc.fplib
                0x0000434a        0xa d:/soft/7.0/toolchain/avr8/avr8-gnu-toolchain/bin/../lib/gcc/avr/5.4.0/../../../../avr/lib/avr5\libm.a(gesf2.o)
                0x0000434a                __gesf2
                0x0000434a                __gtsf2
 .text.avr-libc.fplib
                0x00004354        0x8 d:/soft/7.0/toolchain/avr8/avr8-gnu-toolchain/bin/../lib/gcc/avr/5.4.0/../../../../avr/lib/avr5\libm.a(mulsf3.o)
                0x00004354                __mulsf3
 .text.avr-libc.fplib
                0x0000435c       0xd2 d:/soft/7.0/toolchain/avr8/avr8-gnu-toolchain/bin/../lib/gcc/avr/5.4.0/../../../../avr/lib/avr5\libm.a(mulsf3x.o)
                0x0000437a                __mulsf3x
                0x00004380                __mulsf3_pse
 .text.avr-libc.fplib
                0x0000442e        0xa d:/soft/7.0/toolchain/avr8/avr8-gnu-toolchain/bin/../lib/gcc/avr/5.4.0/../../../../avr/lib/avr5\libm.a(unordsf2.o)
                0x0000442e                __unordsf2
 .text.libgcc.mul
                0x00004438       0x20 d:/soft/7.0/toolchain/avr8/avr8-gnu-toolchain/bin/../lib/gcc/avr/5.4.0/avr5\libgcc.a(_mulsi3.o)
                0x00004438                __mulsi3
 .text.libgcc.div
                0x00004458       0x44 d:/soft/7.0/toolchain/avr8/avr8-gnu-toolchain/bin/../lib/gcc/avr/5.4.0/avr5\libgcc.a(_udivmodsi4.o)
                0x00004458                __udivmodsi4
 .text.libgcc.mul
                0x0000449c       0x16 d:/soft/7.0/toolchain/avr8/avr8-gnu-toolchain/bin/../lib/gcc/avr/5.4.0/avr5\libgcc.a(_muluhisi3.o)
                0x0000449c                __muluhisi3
 .text.libgcc.div
                0x000044b2       0x1c d:/soft/7.0/toolchain/avr8/avr8-gnu-toolchain/bin/../lib/gcc/avr/5.4.0/avr5\libgcc.a(_udivdi3.o)
                0x000044b2                __umoddi3
                0x000044b6                __udivdi3
                0x000044b8                __udivdi3_umoddi3
 .text.libgcc.div
                0x000044ce       0xa2 d:/soft/7.0/toolchain/avr8/avr8-gnu-toolchain/bin/../lib/gcc/avr/5.4.0/avr5\libgcc.a(_udivmod64.o)
                0x000044ce                __udivmod64
 .text.libgcc   0x00004570       0x12 d:/soft/7.0/toolchain/avr8/avr8-gnu-toolchain/bin/../lib/gcc/avr/5.4.0/avr5\libgcc.a(_adddi3.o)
                0x00004570                __adddi3
 .text.libgcc   0x00004582       0x18 d:/soft/7.0/toolchain/avr8/avr8-gnu-toolchain/bin/../lib/gcc/avr/5.4.0/avr5\libgcc.a(_adddi3_s8.o)
                0x00004582                __adddi3_s8
 .text.libgcc   0x0000459a       0x12 d:/soft/7.0/toolchain/avr8/avr8-gnu-toolchain/bin/../lib/gcc/avr/5.4.0/avr5\libgcc.a(_subdi3.o)
                0x0000459a                __subdi3
 .text.libgcc   0x000045ac       0x12 d:/soft/7.0/toolchain/avr8/avr8-gnu-toolchain/bin/../lib/gcc/avr/5.4.0/avr5\libgcc.a(_cmpdi2.o)
                0x000045ac                __cmpdi2
 .text.libgcc   0x000045be        0xc d:/soft/7.0/toolchain/avr8/avr8-gnu-toolchain/bin/../lib/gcc/avr/5.4.0/avr5\libgcc.a(_tablejump2.o)
                0x000045be                __tablejump2__
 .text.libgcc.mul
                0x000045ca       0x1e d:/soft/7.0/toolchain/avr8/avr8-gnu-toolchain/bin/../lib/gcc/avr/5.4.0/avr5\libgcc.a(_umulhisi3.o)
                0x000045ca                __umulhisi3
 .text.avr-libc
                0x000045e8       0x38 d:/soft/7.0/toolchain/avr8/avr8-gnu-toolchain/bin/../lib/gcc/avr/5.4.0/../../../../avr/lib/avr5\libc.a(calloc.o)
                0x000045e8                calloc
 .text.avr-libc
                0x00004620      0x242 d:/soft/7.0/toolchain/avr8/avr8-gnu-toolchain/bin/../lib/gcc/avr/5.4.0/../../../../avr/lib/avr5\libc.a(malloc.o)
                0x00004620                malloc
                0x00004750                free
 .text.avr-libc
                0x00004862       0x12 d:/soft/7.0/toolchain/avr8/avr8-gnu-toolchain/bin/../lib/gcc/avr/5.4.0/../../../../avr/lib/avr5\libc.a(memcpy.o)
                0x00004862                memcpy
 .text.avr-libc
                0x00004874        0xe d:/soft/7.0/toolchain/avr8/avr8-gnu-toolchain/bin/../lib/gcc/avr/5.4.0/../../../../avr/lib/avr5\libc.a(memset.o)
                0x00004874                memset
 .text.avr-libc
                0x00004882       0x20 D:/Soft/7.0/Packs/atmel/ATmega_DFP/1.7.374/gcc/dev/atmega328p/avr5\libatmega328p.a(eerd_block.o)
                0x00004882                eeprom_read_block
                0x00004886                eeprom_read_blraw
                0x000048a2                . = ALIGN (0x2)
 *(.fini9)
 .fini9         0x000048a2        0x0 d:/soft/7.0/toolchain/avr8/avr8-gnu-toolchain/bin/../lib/gcc/avr/5.4.0/avr5\libgcc.a(_exit.o)
                0x000048a2                _exit
                0x000048a2                exit
 *(.fini9)
 *(.fini8)
 *(.fini8)
 *(.fini7)
 *(.fini7)
 *(.fini6)
 *(.fini6)
 *(.fini5)
 *(.fini5)
 *(.fini4)
 *(.fini4)
 *(.fini3)
 *(.fini3)
 *(.fini2)
 *(.fini2)
 *(.fini1)
 *(.fini1)
 *(.fini0)
 .fini0         0x000048a2        0x4 d:/soft/7.0/toolchain/avr8/avr8-gnu-toolchain/bin/../lib/gcc/avr/5.4.0/avr5\libgcc.a(_exit.o)
 *(.fini0)
                0x000048a6                _etext = .

.data           0x00800100       0xcc load address 0x000048a6
                0x00800100                PROVIDE (__data_start, .)
 *(.data)
 .data          0x00800100        0x6 d:/soft/7.0/toolchain/avr8/avr8-gnu-toolchain/bin/../lib/gcc/avr/5.4.0/../../../../avr/lib/avr5\libc.a(malloc.o)
                0x00800100                __malloc_heap_end
                0x00800102                __malloc_heap_start
                0x00800104                __malloc_margin
 *(.data*)
 *(.gnu.linkonce.d*)
 *(.rodata)
 *(.rodata*)
 .rodata.str1.1
                0x00800106        0x2 main.o
                                  0x8 (size before relaxing)
 .rodata.str1.1
                0x00800108       0x9d task_command.o
                                 0xaa (size before relaxing)
 .rodata.str1.1
                0x008001a5        0x5 D:\Tmp\avr\P015_Watering\WaterWindow\Watering\FreeRTOS\Debug\libFreeRTOS.a(tasks.o)
 .rodata._ZTV14HardwareSerial
                0x008001aa       0x12 D:\Tmp\avr\P015_Watering\WaterWindow\Watering\Uart\Debug\libUart.a(HardwareSerial.o)
                0x008001aa                _ZTV14HardwareSerial
 .rodata.str1.1
                0x008001bc        0xf D:\Tmp\avr\P015_Watering\WaterWindow\Watering\Uart\Debug\libUart.a(Print.o)
 *(.gnu.linkonce.r*)
                0x008001cc                . = ALIGN (0x2)
 *fill*         0x008001cb        0x1 
                0x008001cc                _edata = .
                0x008001cc                PROVIDE (__data_end, .)

.bss            0x008001cc      0x6e7
                0x008001cc                PROVIDE (__bss_start, .)
 *(.bss)
 *(.bss*)
 .bss.clocks    0x008001cc       0x31 global.o
                0x008001cc                clocks
 .bss.settings  0x008001fd       0x1e global.o
                0x008001fd                settings
 .bss.water_every
                0x0080021b        0x4 global.o
                0x0080021b                water_every
 .bss.water_plan
                0x0080021f        0x4 global.o
                0x0080021f                water_plan
 .bss.Temp      0x00800223        0x5 global.o
                0x00800223                Temp
 .bss.uxSchedulerSuspended
                0x00800228        0x1 D:\Tmp\avr\P015_Watering\WaterWindow\Watering\FreeRTOS\Debug\libFreeRTOS.a(tasks.o)
 .bss.xIdleTaskHandle
                0x00800229        0x2 D:\Tmp\avr\P015_Watering\WaterWindow\Watering\FreeRTOS\Debug\libFreeRTOS.a(tasks.o)
 .bss.xNextTaskUnblockTime
                0x0080022b        0x2 D:\Tmp\avr\P015_Watering\WaterWindow\Watering\FreeRTOS\Debug\libFreeRTOS.a(tasks.o)
 .bss.uxTaskNumber
                0x0080022d        0x1 D:\Tmp\avr\P015_Watering\WaterWindow\Watering\FreeRTOS\Debug\libFreeRTOS.a(tasks.o)
 .bss.xNumOfOverflows
                0x0080022e        0x1 D:\Tmp\avr\P015_Watering\WaterWindow\Watering\FreeRTOS\Debug\libFreeRTOS.a(tasks.o)
 .bss.xYieldPending
                0x0080022f        0x1 D:\Tmp\avr\P015_Watering\WaterWindow\Watering\FreeRTOS\Debug\libFreeRTOS.a(tasks.o)
 .bss.uxPendedTicks
                0x00800230        0x1 D:\Tmp\avr\P015_Watering\WaterWindow\Watering\FreeRTOS\Debug\libFreeRTOS.a(tasks.o)
 .bss.xSchedulerRunning
                0x00800231        0x1 D:\Tmp\avr\P015_Watering\WaterWindow\Watering\FreeRTOS\Debug\libFreeRTOS.a(tasks.o)
 .bss.uxTopReadyPriority
                0x00800232        0x1 D:\Tmp\avr\P015_Watering\WaterWindow\Watering\FreeRTOS\Debug\libFreeRTOS.a(tasks.o)
 .bss.xTickCount
                0x00800233        0x2 D:\Tmp\avr\P015_Watering\WaterWindow\Watering\FreeRTOS\Debug\libFreeRTOS.a(tasks.o)
 .bss.uxCurrentNumberOfTasks
                0x00800235        0x1 D:\Tmp\avr\P015_Watering\WaterWindow\Watering\FreeRTOS\Debug\libFreeRTOS.a(tasks.o)
 .bss.xSuspendedTaskList
                0x00800236        0x9 D:\Tmp\avr\P015_Watering\WaterWindow\Watering\FreeRTOS\Debug\libFreeRTOS.a(tasks.o)
 .bss.uxDeletedTasksWaitingCleanUp
                0x0080023f        0x1 D:\Tmp\avr\P015_Watering\WaterWindow\Watering\FreeRTOS\Debug\libFreeRTOS.a(tasks.o)
 .bss.xTasksWaitingTermination
                0x00800240        0x9 D:\Tmp\avr\P015_Watering\WaterWindow\Watering\FreeRTOS\Debug\libFreeRTOS.a(tasks.o)
 .bss.xPendingReadyList
                0x00800249        0x9 D:\Tmp\avr\P015_Watering\WaterWindow\Watering\FreeRTOS\Debug\libFreeRTOS.a(tasks.o)
 .bss.pxOverflowDelayedTaskList
                0x00800252        0x2 D:\Tmp\avr\P015_Watering\WaterWindow\Watering\FreeRTOS\Debug\libFreeRTOS.a(tasks.o)
 .bss.pxDelayedTaskList
                0x00800254        0x2 D:\Tmp\avr\P015_Watering\WaterWindow\Watering\FreeRTOS\Debug\libFreeRTOS.a(tasks.o)
 .bss.xDelayedTaskList2
                0x00800256        0x9 D:\Tmp\avr\P015_Watering\WaterWindow\Watering\FreeRTOS\Debug\libFreeRTOS.a(tasks.o)
 .bss.xDelayedTaskList1
                0x0080025f        0x9 D:\Tmp\avr\P015_Watering\WaterWindow\Watering\FreeRTOS\Debug\libFreeRTOS.a(tasks.o)
 .bss.pxReadyTasksLists
                0x00800268       0x24 D:\Tmp\avr\P015_Watering\WaterWindow\Watering\FreeRTOS\Debug\libFreeRTOS.a(tasks.o)
 .bss.pxCurrentTCB
                0x0080028c        0x2 D:\Tmp\avr\P015_Watering\WaterWindow\Watering\FreeRTOS\Debug\libFreeRTOS.a(tasks.o)
                0x0080028c                pxCurrentTCB
 .bss.pucAlignedHeap.2068
                0x0080028e        0x2 D:\Tmp\avr\P015_Watering\WaterWindow\Watering\FreeRTOS\Debug\libFreeRTOS.a(heap_1.o)
 .bss.xNextFreeByte
                0x00800290        0x2 D:\Tmp\avr\P015_Watering\WaterWindow\Watering\FreeRTOS\Debug\libFreeRTOS.a(heap_1.o)
 .bss.ucHeap    0x00800292      0x5dc D:\Tmp\avr\P015_Watering\WaterWindow\Watering\FreeRTOS\Debug\libFreeRTOS.a(heap_1.o)
 .bss.Serial    0x0080086e       0x41 D:\Tmp\avr\P015_Watering\WaterWindow\Watering\Uart\Debug\libUart.a(HardwareSerial0.o)
                0x0080086e                Serial
 *(COMMON)
 COMMON         0x008008af        0x4 d:/soft/7.0/toolchain/avr8/avr8-gnu-toolchain/bin/../lib/gcc/avr/5.4.0/../../../../avr/lib/avr5\libc.a(malloc.o)
                0x008008af                __brkval
                0x008008b1                __flp
                0x008008b3                PROVIDE (__bss_end, .)
                0x000048a6                __data_load_start = LOADADDR (.data)
                0x00004972                __data_load_end = (__data_load_start + SIZEOF (.data))

.noinit         0x008008b3        0x0
                [!provide]                PROVIDE (__noinit_start, .)
 *(.noinit*)
                [!provide]                PROVIDE (__noinit_end, .)
                0x008008b3                _end = .
                0x008008b3                PROVIDE (__heap_start, .)

.eeprom         0x00810000        0x0
 *(.eeprom*)
                0x00810000                __eeprom_end = .

.fuse
 *(.fuse)
 *(.lfuse)
 *(.hfuse)
 *(.efuse)

.lock
 *(.lock*)

.signature
 *(.signature*)

.user_signatures
 *(.user_signatures*)

.stab
 *(.stab)

.stabstr
 *(.stabstr)

.stab.excl
 *(.stab.excl)

.stab.exclstr
 *(.stab.exclstr)

.stab.index
 *(.stab.index)

.stab.indexstr
 *(.stab.indexstr)

.comment        0x00000000       0x30
 *(.comment)
 .comment       0x00000000       0x30 global.o
                                 0x31 (size before relaxing)
 .comment       0x00000030       0x31 main.o
 .comment       0x00000030       0x31 clock.o
 .comment       0x00000030       0x31 task_command.o
 .comment       0x00000030       0x31 task_watering.o
 .comment       0x00000030       0x31 task_window.o
 .comment       0x00000030       0x31 D:\Tmp\avr\P015_Watering\WaterWindow\Watering\FreeRTOS\Debug\libFreeRTOS.a(queue.o)
 .comment       0x00000030       0x31 D:\Tmp\avr\P015_Watering\WaterWindow\Watering\FreeRTOS\Debug\libFreeRTOS.a(tasks.o)
 .comment       0x00000030       0x31 D:\Tmp\avr\P015_Watering\WaterWindow\Watering\FreeRTOS\Debug\libFreeRTOS.a(heap_1.o)
 .comment       0x00000030       0x31 D:\Tmp\avr\P015_Watering\WaterWindow\Watering\FreeRTOS\Debug\libFreeRTOS.a(list.o)
 .comment       0x00000030       0x31 D:\Tmp\avr\P015_Watering\WaterWindow\Watering\FreeRTOS\Debug\libFreeRTOS.a(port.o)
 .comment       0x00000030       0x31 D:\Tmp\avr\P015_Watering\WaterWindow\Watering\Uart\Debug\libUart.a(HardwareSerial.o)
 .comment       0x00000030       0x31 D:\Tmp\avr\P015_Watering\WaterWindow\Watering\Uart\Debug\libUart.a(HardwareSerial0.o)
 .comment       0x00000030       0x31 D:\Tmp\avr\P015_Watering\WaterWindow\Watering\Uart\Debug\libUart.a(Print.o)
 .comment       0x00000030       0x31 d:/soft/7.0/toolchain/avr8/avr8-gnu-toolchain/bin/../lib/gcc/avr/5.4.0/../../../../avr/lib/avr5\libc.a(calloc.o)
 .comment       0x00000030       0x31 d:/soft/7.0/toolchain/avr8/avr8-gnu-toolchain/bin/../lib/gcc/avr/5.4.0/../../../../avr/lib/avr5\libc.a(malloc.o)

.note.gnu.avr.deviceinfo
                0x00000000       0x40
 .note.gnu.avr.deviceinfo
                0x00000000       0x40 D:/Soft/7.0/Packs/atmel/ATmega_DFP/1.7.374/gcc/dev/atmega328p/avr5/crtatmega328p.o

.note.gnu.build-id
 *(.note.gnu.build-id)

.debug
 *(.debug)

.line
 *(.line)

.debug_srcinfo
 *(.debug_srcinfo)

.debug_sfnames
 *(.debug_sfnames)

.debug_aranges  0x00000000      0x568
 *(.debug_aranges)
 .debug_aranges
                0x00000000       0x28 global.o
 .debug_aranges
                0x00000028       0x20 main.o
 .debug_aranges
                0x00000048       0x38 clock.o
 .debug_aranges
                0x00000080       0x78 task_command.o
 .debug_aranges
                0x000000f8       0x30 task_watering.o
 .debug_aranges
                0x00000128       0x20 task_window.o
 .debug_aranges
                0x00000148       0xa0 D:\Tmp\avr\P015_Watering\WaterWindow\Watering\FreeRTOS\Debug\libFreeRTOS.a(queue.o)
 .debug_aranges
                0x000001e8      0x128 D:\Tmp\avr\P015_Watering\WaterWindow\Watering\FreeRTOS\Debug\libFreeRTOS.a(tasks.o)
 .debug_aranges
                0x00000310       0x38 D:\Tmp\avr\P015_Watering\WaterWindow\Watering\FreeRTOS\Debug\libFreeRTOS.a(heap_1.o)
 .debug_aranges
                0x00000348       0x40 D:\Tmp\avr\P015_Watering\WaterWindow\Watering\FreeRTOS\Debug\libFreeRTOS.a(list.o)
 .debug_aranges
                0x00000388       0x48 D:\Tmp\avr\P015_Watering\WaterWindow\Watering\FreeRTOS\Debug\libFreeRTOS.a(port.o)
 .debug_aranges
                0x000003d0       0x60 D:\Tmp\avr\P015_Watering\WaterWindow\Watering\Uart\Debug\libUart.a(HardwareSerial.o)
 .debug_aranges
                0x00000430       0x50 D:\Tmp\avr\P015_Watering\WaterWindow\Watering\Uart\Debug\libUart.a(HardwareSerial0.o)
 .debug_aranges
                0x00000480       0xc8 D:\Tmp\avr\P015_Watering\WaterWindow\Watering\Uart\Debug\libUart.a(Print.o)
 .debug_aranges
                0x00000548       0x20 D:/Soft/7.0/Packs/atmel/ATmega_DFP/1.7.374/gcc/dev/atmega328p/avr5\libatmega328p.a(eerd_block.o)

.debug_pubnames
 *(.debug_pubnames)

.debug_info     0x00000000    0x12a9d
 *(.debug_info .gnu.linkonce.wi.*)
 .debug_info    0x00000000      0x5f4 D:/Soft/7.0/Packs/atmel/ATmega_DFP/1.7.374/gcc/dev/atmega328p/avr5/crtatmega328p.o
 .debug_info    0x000005f4     0x1bd6 global.o
 .debug_info    0x000021ca      0x7a5 main.o
 .debug_info    0x0000296f      0xcdb clock.o
 .debug_info    0x0000364a     0x64c4 task_command.o
 .debug_info    0x00009b0e     0x2b91 task_watering.o
 .debug_info    0x0000c69f      0x6a4 task_window.o
 .debug_info    0x0000cd43     0x108f D:\Tmp\avr\P015_Watering\WaterWindow\Watering\FreeRTOS\Debug\libFreeRTOS.a(queue.o)
 .debug_info    0x0000ddd2     0x1b2d D:\Tmp\avr\P015_Watering\WaterWindow\Watering\FreeRTOS\Debug\libFreeRTOS.a(tasks.o)
 .debug_info    0x0000f8ff      0x1a4 D:\Tmp\avr\P015_Watering\WaterWindow\Watering\FreeRTOS\Debug\libFreeRTOS.a(heap_1.o)
 .debug_info    0x0000faa3      0x2cd D:\Tmp\avr\P015_Watering\WaterWindow\Watering\FreeRTOS\Debug\libFreeRTOS.a(list.o)
 .debug_info    0x0000fd70      0x260 D:\Tmp\avr\P015_Watering\WaterWindow\Watering\FreeRTOS\Debug\libFreeRTOS.a(port.o)
 .debug_info    0x0000ffd0      0xd91 D:\Tmp\avr\P015_Watering\WaterWindow\Watering\Uart\Debug\libUart.a(HardwareSerial.o)
 .debug_info    0x00010d61      0xa48 D:\Tmp\avr\P015_Watering\WaterWindow\Watering\Uart\Debug\libUart.a(HardwareSerial0.o)
 .debug_info    0x000117a9     0x1259 D:\Tmp\avr\P015_Watering\WaterWindow\Watering\Uart\Debug\libUart.a(Print.o)
 .debug_info    0x00012a02       0x9b D:/Soft/7.0/Packs/atmel/ATmega_DFP/1.7.374/gcc/dev/atmega328p/avr5\libatmega328p.a(eerd_block.o)

.debug_abbrev   0x00000000     0x2e01
 *(.debug_abbrev)
 .debug_abbrev  0x00000000      0x5a2 D:/Soft/7.0/Packs/atmel/ATmega_DFP/1.7.374/gcc/dev/atmega328p/avr5/crtatmega328p.o
 .debug_abbrev  0x000005a2      0x3cb global.o
 .debug_abbrev  0x0000096d      0x226 main.o
 .debug_abbrev  0x00000b93      0x3ba clock.o
 .debug_abbrev  0x00000f4d      0x627 task_command.o
 .debug_abbrev  0x00001574      0x441 task_watering.o
 .debug_abbrev  0x000019b5      0x223 task_window.o
 .debug_abbrev  0x00001bd8      0x261 D:\Tmp\avr\P015_Watering\WaterWindow\Watering\FreeRTOS\Debug\libFreeRTOS.a(queue.o)
 .debug_abbrev  0x00001e39      0x329 D:\Tmp\avr\P015_Watering\WaterWindow\Watering\FreeRTOS\Debug\libFreeRTOS.a(tasks.o)
 .debug_abbrev  0x00002162      0x11c D:\Tmp\avr\P015_Watering\WaterWindow\Watering\FreeRTOS\Debug\libFreeRTOS.a(heap_1.o)
 .debug_abbrev  0x0000227e       0xf8 D:\Tmp\avr\P015_Watering\WaterWindow\Watering\FreeRTOS\Debug\libFreeRTOS.a(list.o)
 .debug_abbrev  0x00002376      0x155 D:\Tmp\avr\P015_Watering\WaterWindow\Watering\FreeRTOS\Debug\libFreeRTOS.a(port.o)
 .debug_abbrev  0x000024cb      0x36a D:\Tmp\avr\P015_Watering\WaterWindow\Watering\Uart\Debug\libUart.a(HardwareSerial.o)
 .debug_abbrev  0x00002835      0x2e8 D:\Tmp\avr\P015_Watering\WaterWindow\Watering\Uart\Debug\libUart.a(HardwareSerial0.o)
 .debug_abbrev  0x00002b1d      0x2d0 D:\Tmp\avr\P015_Watering\WaterWindow\Watering\Uart\Debug\libUart.a(Print.o)
 .debug_abbrev  0x00002ded       0x14 D:/Soft/7.0/Packs/atmel/ATmega_DFP/1.7.374/gcc/dev/atmega328p/avr5\libatmega328p.a(eerd_block.o)

.debug_line     0x00000000     0x4a22
 *(.debug_line .debug_line.* .debug_line_end)
 .debug_line    0x00000000      0x134 D:/Soft/7.0/Packs/atmel/ATmega_DFP/1.7.374/gcc/dev/atmega328p/avr5/crtatmega328p.o
 .debug_line    0x00000134      0x310 global.o
 .debug_line    0x00000444      0x18c main.o
 .debug_line    0x000005d0      0x2b6 clock.o
 .debug_line    0x00000886     0x1047 task_command.o
 .debug_line    0x000018cd      0x6f3 task_watering.o
 .debug_line    0x00001fc0      0x17d task_window.o
 .debug_line    0x0000213d      0x7b0 D:\Tmp\avr\P015_Watering\WaterWindow\Watering\FreeRTOS\Debug\libFreeRTOS.a(queue.o)
 .debug_line    0x000028ed      0xe11 D:\Tmp\avr\P015_Watering\WaterWindow\Watering\FreeRTOS\Debug\libFreeRTOS.a(tasks.o)
 .debug_line    0x000036fe      0x167 D:\Tmp\avr\P015_Watering\WaterWindow\Watering\FreeRTOS\Debug\libFreeRTOS.a(heap_1.o)
 .debug_line    0x00003865      0x1af D:\Tmp\avr\P015_Watering\WaterWindow\Watering\FreeRTOS\Debug\libFreeRTOS.a(list.o)
 .debug_line    0x00003a14      0x260 D:\Tmp\avr\P015_Watering\WaterWindow\Watering\FreeRTOS\Debug\libFreeRTOS.a(port.o)
 .debug_line    0x00003c74      0x570 D:\Tmp\avr\P015_Watering\WaterWindow\Watering\Uart\Debug\libUart.a(HardwareSerial.o)
 .debug_line    0x000041e4      0x23a D:\Tmp\avr\P015_Watering\WaterWindow\Watering\Uart\Debug\libUart.a(HardwareSerial0.o)
 .debug_line    0x0000441e      0x559 D:\Tmp\avr\P015_Watering\WaterWindow\Watering\Uart\Debug\libUart.a(Print.o)
 .debug_line    0x00004977       0xab D:/Soft/7.0/Packs/atmel/ATmega_DFP/1.7.374/gcc/dev/atmega328p/avr5\libatmega328p.a(eerd_block.o)

.debug_frame    0x00000000     0x1170
 *(.debug_frame)
 .debug_frame   0x00000000       0x44 global.o
 .debug_frame   0x00000044       0x24 main.o
 .debug_frame   0x00000068      0x114 clock.o
 .debug_frame   0x0000017c      0x230 task_command.o
 .debug_frame   0x000003ac       0xd8 task_watering.o
 .debug_frame   0x00000484       0x24 task_window.o
 .debug_frame   0x000004a8      0x258 D:\Tmp\avr\P015_Watering\WaterWindow\Watering\FreeRTOS\Debug\libFreeRTOS.a(queue.o)
 .debug_frame   0x00000700      0x450 D:\Tmp\avr\P015_Watering\WaterWindow\Watering\FreeRTOS\Debug\libFreeRTOS.a(tasks.o)
 .debug_frame   0x00000b50       0x60 D:\Tmp\avr\P015_Watering\WaterWindow\Watering\FreeRTOS\Debug\libFreeRTOS.a(heap_1.o)
 .debug_frame   0x00000bb0       0x88 D:\Tmp\avr\P015_Watering\WaterWindow\Watering\FreeRTOS\Debug\libFreeRTOS.a(list.o)
 .debug_frame   0x00000c38       0x74 D:\Tmp\avr\P015_Watering\WaterWindow\Watering\FreeRTOS\Debug\libFreeRTOS.a(port.o)
 .debug_frame   0x00000cac       0xec D:\Tmp\avr\P015_Watering\WaterWindow\Watering\Uart\Debug\libUart.a(HardwareSerial.o)
 .debug_frame   0x00000d98       0xe4 D:\Tmp\avr\P015_Watering\WaterWindow\Watering\Uart\Debug\libUart.a(HardwareSerial0.o)
 .debug_frame   0x00000e7c      0x2f4 D:\Tmp\avr\P015_Watering\WaterWindow\Watering\Uart\Debug\libUart.a(Print.o)

.debug_str      0x00000000     0x5f3f
 *(.debug_str)
 .debug_str     0x00000000      0x208 D:/Soft/7.0/Packs/atmel/ATmega_DFP/1.7.374/gcc/dev/atmega328p/avr5/crtatmega328p.o
 .debug_str     0x00000208     0x17d9 global.o
                               0x18b8 (size before relaxing)
 .debug_str     0x000019e1       0x33 main.o
                                0x6f4 (size before relaxing)
 .debug_str     0x00001a14      0x2ca clock.o
                                0x9ab (size before relaxing)
 .debug_str     0x00001cde     0x25ed task_command.o
                               0x38af (size before relaxing)
 .debug_str     0x000042cb      0x2d3 task_watering.o
                               0x16a8 (size before relaxing)
 .debug_str     0x0000459e       0x33 task_window.o
                                0x6ff (size before relaxing)
 .debug_str     0x000045d1      0x5a1 D:\Tmp\avr\P015_Watering\WaterWindow\Watering\FreeRTOS\Debug\libFreeRTOS.a(queue.o)
                                0x6ba (size before relaxing)
 .debug_str     0x00004b72      0x818 D:\Tmp\avr\P015_Watering\WaterWindow\Watering\FreeRTOS\Debug\libFreeRTOS.a(tasks.o)
                                0xbdd (size before relaxing)
 .debug_str     0x0000538a       0x72 D:\Tmp\avr\P015_Watering\WaterWindow\Watering\FreeRTOS\Debug\libFreeRTOS.a(heap_1.o)
                                0x21d (size before relaxing)
 .debug_str     0x000053fc       0x54 D:\Tmp\avr\P015_Watering\WaterWindow\Watering\FreeRTOS\Debug\libFreeRTOS.a(list.o)
                                0x2ac (size before relaxing)
 .debug_str     0x00005450       0x77 D:\Tmp\avr\P015_Watering\WaterWindow\Watering\FreeRTOS\Debug\libFreeRTOS.a(port.o)
                                0x2a6 (size before relaxing)
 .debug_str     0x000054c7      0x78a D:\Tmp\avr\P015_Watering\WaterWindow\Watering\Uart\Debug\libUart.a(HardwareSerial.o)
                                0x9f9 (size before relaxing)
 .debug_str     0x00005c51       0x7f D:\Tmp\avr\P015_Watering\WaterWindow\Watering\Uart\Debug\libUart.a(HardwareSerial0.o)
                                0x7d7 (size before relaxing)
 .debug_str     0x00005cd0      0x26f D:\Tmp\avr\P015_Watering\WaterWindow\Watering\Uart\Debug\libUart.a(Print.o)
                                0x583 (size before relaxing)

.debug_loc      0x00000000     0x7719
 *(.debug_loc)
 .debug_loc     0x00000000      0x151 global.o
 .debug_loc     0x00000151      0x303 clock.o
 .debug_loc     0x00000454     0x1827 task_command.o
 .debug_loc     0x00001c7b      0x993 task_watering.o
 .debug_loc     0x0000260e     0x1498 D:\Tmp\avr\P015_Watering\WaterWindow\Watering\FreeRTOS\Debug\libFreeRTOS.a(queue.o)
 .debug_loc     0x00003aa6     0x1cfd D:\Tmp\avr\P015_Watering\WaterWindow\Watering\FreeRTOS\Debug\libFreeRTOS.a(tasks.o)
 .debug_loc     0x000057a3       0xf1 D:\Tmp\avr\P015_Watering\WaterWindow\Watering\FreeRTOS\Debug\libFreeRTOS.a(heap_1.o)
 .debug_loc     0x00005894      0x145 D:\Tmp\avr\P015_Watering\WaterWindow\Watering\FreeRTOS\Debug\libFreeRTOS.a(list.o)
 .debug_loc     0x000059d9      0x274 D:\Tmp\avr\P015_Watering\WaterWindow\Watering\FreeRTOS\Debug\libFreeRTOS.a(port.o)
 .debug_loc     0x00005c4d      0x428 D:\Tmp\avr\P015_Watering\WaterWindow\Watering\Uart\Debug\libUart.a(HardwareSerial.o)
 .debug_loc     0x00006075      0x217 D:\Tmp\avr\P015_Watering\WaterWindow\Watering\Uart\Debug\libUart.a(HardwareSerial0.o)
 .debug_loc     0x0000628c     0x148d D:\Tmp\avr\P015_Watering\WaterWindow\Watering\Uart\Debug\libUart.a(Print.o)

.debug_macinfo
 *(.debug_macinfo)

.debug_weaknames
 *(.debug_weaknames)

.debug_funcnames
 *(.debug_funcnames)

.debug_typenames
 *(.debug_typenames)

.debug_varnames
 *(.debug_varnames)

.debug_pubtypes
 *(.debug_pubtypes)

.debug_ranges   0x00000000      0x630
 *(.debug_ranges)
 .debug_ranges  0x00000000       0x18 global.o
 .debug_ranges  0x00000018       0x10 main.o
 .debug_ranges  0x00000028       0x28 clock.o
 .debug_ranges  0x00000050      0x140 task_command.o
 .debug_ranges  0x00000190       0x20 task_watering.o
 .debug_ranges  0x000001b0       0x10 task_window.o
 .debug_ranges  0x000001c0       0xf0 D:\Tmp\avr\P015_Watering\WaterWindow\Watering\FreeRTOS\Debug\libFreeRTOS.a(queue.o)
 .debug_ranges  0x000002b0      0x190 D:\Tmp\avr\P015_Watering\WaterWindow\Watering\FreeRTOS\Debug\libFreeRTOS.a(tasks.o)
 .debug_ranges  0x00000440       0x28 D:\Tmp\avr\P015_Watering\WaterWindow\Watering\FreeRTOS\Debug\libFreeRTOS.a(heap_1.o)
 .debug_ranges  0x00000468       0x30 D:\Tmp\avr\P015_Watering\WaterWindow\Watering\FreeRTOS\Debug\libFreeRTOS.a(list.o)
 .debug_ranges  0x00000498       0x38 D:\Tmp\avr\P015_Watering\WaterWindow\Watering\FreeRTOS\Debug\libFreeRTOS.a(port.o)
 .debug_ranges  0x000004d0       0x50 D:\Tmp\avr\P015_Watering\WaterWindow\Watering\Uart\Debug\libUart.a(HardwareSerial.o)
 .debug_ranges  0x00000520       0x40 D:\Tmp\avr\P015_Watering\WaterWindow\Watering\Uart\Debug\libUart.a(HardwareSerial0.o)
 .debug_ranges  0x00000560       0xd0 D:\Tmp\avr\P015_Watering\WaterWindow\Watering\Uart\Debug\libUart.a(Print.o)

.debug_macro
 *(.debug_macro)
OUTPUT(Watering.elf elf32-avr)
LOAD linker stubs
