Archive member included to satisfy reference by file (symbol)

d:/soft/7.0/toolchain/avr8/avr8-gnu-toolchain/bin/../lib/gcc/avr/5.4.0/../../../../avr/lib/avr5\libm.a(divsf3.o)
                              task_command.o (__divsf3)
d:/soft/7.0/toolchain/avr8/avr8-gnu-toolchain/bin/../lib/gcc/avr/5.4.0/../../../../avr/lib/avr5\libm.a(divsf3x.o)
                              d:/soft/7.0/toolchain/avr8/avr8-gnu-toolchain/bin/../lib/gcc/avr/5.4.0/../../../../avr/lib/avr5\libm.a(divsf3.o) (__divsf3x)
d:/soft/7.0/toolchain/avr8/avr8-gnu-toolchain/bin/../lib/gcc/avr/5.4.0/../../../../avr/lib/avr5\libm.a(fp_inf.o)
                              d:/soft/7.0/toolchain/avr8/avr8-gnu-toolchain/bin/../lib/gcc/avr/5.4.0/../../../../avr/lib/avr5\libm.a(divsf3x.o) (__fp_inf)
d:/soft/7.0/toolchain/avr8/avr8-gnu-toolchain/bin/../lib/gcc/avr/5.4.0/../../../../avr/lib/avr5\libm.a(fp_nan.o)
                              d:/soft/7.0/toolchain/avr8/avr8-gnu-toolchain/bin/../lib/gcc/avr/5.4.0/../../../../avr/lib/avr5\libm.a(divsf3x.o) (__fp_nan)
d:/soft/7.0/toolchain/avr8/avr8-gnu-toolchain/bin/../lib/gcc/avr/5.4.0/../../../../avr/lib/avr5\libm.a(fp_pscA.o)
                              d:/soft/7.0/toolchain/avr8/avr8-gnu-toolchain/bin/../lib/gcc/avr/5.4.0/../../../../avr/lib/avr5\libm.a(divsf3x.o) (__fp_pscA)
d:/soft/7.0/toolchain/avr8/avr8-gnu-toolchain/bin/../lib/gcc/avr/5.4.0/../../../../avr/lib/avr5\libm.a(fp_pscB.o)
                              d:/soft/7.0/toolchain/avr8/avr8-gnu-toolchain/bin/../lib/gcc/avr/5.4.0/../../../../avr/lib/avr5\libm.a(divsf3x.o) (__fp_pscB)
d:/soft/7.0/toolchain/avr8/avr8-gnu-toolchain/bin/../lib/gcc/avr/5.4.0/../../../../avr/lib/avr5\libm.a(fp_round.o)
                              d:/soft/7.0/toolchain/avr8/avr8-gnu-toolchain/bin/../lib/gcc/avr/5.4.0/../../../../avr/lib/avr5\libm.a(divsf3.o) (__fp_round)
d:/soft/7.0/toolchain/avr8/avr8-gnu-toolchain/bin/../lib/gcc/avr/5.4.0/../../../../avr/lib/avr5\libm.a(fp_split3.o)
                              d:/soft/7.0/toolchain/avr8/avr8-gnu-toolchain/bin/../lib/gcc/avr/5.4.0/../../../../avr/lib/avr5\libm.a(divsf3x.o) (__fp_split3)
d:/soft/7.0/toolchain/avr8/avr8-gnu-toolchain/bin/../lib/gcc/avr/5.4.0/../../../../avr/lib/avr5\libm.a(fp_zero.o)
                              d:/soft/7.0/toolchain/avr8/avr8-gnu-toolchain/bin/../lib/gcc/avr/5.4.0/../../../../avr/lib/avr5\libm.a(divsf3x.o) (__fp_szero)
D:\Tmp\avr\P015_Watering\WaterWindow\Watering\FreeRTOS\Debug\libFreeRTOS.a(queue.o)
                              clock.o (xQueueGenericSend)
D:\Tmp\avr\P015_Watering\WaterWindow\Watering\FreeRTOS\Debug\libFreeRTOS.a(tasks.o)
                              main.o (xTaskCreate)
D:\Tmp\avr\P015_Watering\WaterWindow\Watering\FreeRTOS\Debug\libFreeRTOS.a(heap_1.o)
                              D:\Tmp\avr\P015_Watering\WaterWindow\Watering\FreeRTOS\Debug\libFreeRTOS.a(queue.o) (pvPortMalloc)
D:\Tmp\avr\P015_Watering\WaterWindow\Watering\FreeRTOS\Debug\libFreeRTOS.a(list.o)
                              D:\Tmp\avr\P015_Watering\WaterWindow\Watering\FreeRTOS\Debug\libFreeRTOS.a(queue.o) (vListInitialise)
D:\Tmp\avr\P015_Watering\WaterWindow\Watering\FreeRTOS\Debug\libFreeRTOS.a(port.o)
                              D:\Tmp\avr\P015_Watering\WaterWindow\Watering\FreeRTOS\Debug\libFreeRTOS.a(tasks.o) (pxPortInitialiseStack)
D:\Tmp\avr\P015_Watering\WaterWindow\Watering\Uart\Debug\libUart.a(HardwareSerial.o)
                              main.o (_ZN14HardwareSerial5beginEmh)
D:\Tmp\avr\P015_Watering\WaterWindow\Watering\Uart\Debug\libUart.a(HardwareSerial0.o)
                              main.o (Serial)
D:\Tmp\avr\P015_Watering\WaterWindow\Watering\Uart\Debug\libUart.a(Print.o)
                              D:\Tmp\avr\P015_Watering\WaterWindow\Watering\Uart\Debug\libUart.a(HardwareSerial.o) (_ZN5Print5writeEPKhj)
D:\Tmp\avr\P015_Watering\WaterWindow\Watering\Uart\Debug\libUart.a(Stream.o)
                              task_command.o (_ZN6Stream14readBytesUntilEcPcj)
d:/soft/7.0/toolchain/avr8/avr8-gnu-toolchain/bin/../lib/gcc/avr/5.4.0/../../../../avr/lib/avr5\libm.a(addsf3.o)
                              D:\Tmp\avr\P015_Watering\WaterWindow\Watering\Uart\Debug\libUart.a(Print.o) (__subsf3)
d:/soft/7.0/toolchain/avr8/avr8-gnu-toolchain/bin/../lib/gcc/avr/5.4.0/../../../../avr/lib/avr5\libm.a(addsf3x.o)
                              d:/soft/7.0/toolchain/avr8/avr8-gnu-toolchain/bin/../lib/gcc/avr/5.4.0/../../../../avr/lib/avr5\libm.a(addsf3.o) (__addsf3x)
d:/soft/7.0/toolchain/avr8/avr8-gnu-toolchain/bin/../lib/gcc/avr/5.4.0/../../../../avr/lib/avr5\libm.a(cmpsf2.o)
                              D:\Tmp\avr\P015_Watering\WaterWindow\Watering\Uart\Debug\libUart.a(Print.o) (__ltsf2)
d:/soft/7.0/toolchain/avr8/avr8-gnu-toolchain/bin/../lib/gcc/avr/5.4.0/../../../../avr/lib/avr5\libm.a(fixunssfsi.o)
                              D:\Tmp\avr\P015_Watering\WaterWindow\Watering\Uart\Debug\libUart.a(Print.o) (__fixunssfsi)
[...]
Memory Configuration

Name             Origin             Length             Attributes
text             0x00000000         0x00008000         xr
data             0x00800100         0x00000800         rw !x
eeprom           0x00810000         0x00000400         rw !x
fuse             0x00820000         0x00000003         rw !x
lock             0x00830000         0x00000400         rw !x
signature        0x00840000         0x00000400         rw !x
user_signatures  0x00850000         0x00000400         rw !x
*default*        0x00000000         0xffffffff

Linker script and memory map

Address of section .data set to 0x800100
LOAD D:/Soft/7.0/Packs/atmel/ATmega_DFP/1.7.374/gcc/dev/atmega328p/avr5/crtatmega328p.o
LOAD global.o
LOAD main.o
LOAD clock.o
LOAD task_command.o
LOAD task_watering.o
LOAD task_window.o
START GROUP
LOAD d:/soft/7.0/toolchain/avr8/avr8-gnu-toolchain/bin/../lib/gcc/avr/5.4.0/../../../../avr/lib/avr5\libm.a
LOAD D:\Tmp\avr\P015_Watering\WaterWindow\Watering\FreeRTOS\Debug\libFreeRTOS.a
LOAD D:\Tmp\avr\P015_Watering\WaterWindow\Watering\Uart\Debug\libUart.a
END GROUP
LOAD d:/soft/7.0/toolchain/avr8/avr8-gnu-toolchain/bin/../lib/gcc/avr/5.4.0/avr5\libgcc.a
LOAD d:/soft/7.0/toolchain/avr8/avr8-gnu-toolchain/bin/../lib/gcc/avr/5.4.0/../../../../avr/lib/avr5\libm.a
START GROUP
LOAD d:/soft/7.0/toolchain/avr8/avr8-gnu-toolchain/bin/../lib/gcc/avr/5.4.0/avr5\libgcc.a
LOAD d:/soft/7.0/toolchain/avr8/avr8-gnu-toolchain/bin/../lib/gcc/avr/5.4.0/../../../../avr/lib/avr5\libm.a
LOAD d:/soft/7.0/toolchain/avr8/avr8-gnu-toolchain/bin/../lib/gcc/avr/5.4.0/../../../../avr/lib/avr5\libc.a
LOAD D:/Soft/7.0/Packs/atmel/ATmega_DFP/1.7.374/gcc/dev/atmega328p/avr5\libatmega328p.a
END GROUP
                0x00000000                __TEXT_REGION_ORIGIN__ = DEFINED (__TEXT_REGION_ORIGIN__)?__TEXT_REGION_ORIGIN__:0x0
                [0x00800100]                __DATA_REGION_ORIGIN__ = DEFINED (__DATA_REGION_ORIGIN__)?__DATA_REGION_ORIGIN__:0x800060
                [0x00008000]                __TEXT_REGION_LENGTH__ = DEFINED (__TEXT_REGION_LENGTH__)?__TEXT_REGION_LENGTH__:0x20000
                [0x00000800]                __DATA_REGION_LENGTH__ = DEFINED (__DATA_REGION_LENGTH__)?__DATA_REGION_LENGTH__:0xffa0
                [0x00000400]                __EEPROM_REGION_LENGTH__ = DEFINED (__EEPROM_REGION_LENGTH__)?__EEPROM_REGION_LENGTH__:0x10000
                [0x00000003]                __FUSE_REGION_LENGTH__ = DEFINED (__FUSE_REGION_LENGTH__)?__FUSE_REGION_LENGTH__:0x400
                0x00000400                __LOCK_REGION_LENGTH__ = DEFINED (__LOCK_REGION_LENGTH__)?__LOCK_REGION_LENGTH__:0x400
                0x00000400                __SIGNATURE_REGION_LENGTH__ = DEFINED (__SIGNATURE_REGION_LENGTH__)?__SIGNATURE_REGION_LENGTH__:0x400
                0x00000400                __USER_SIGNATURE_REGION_LENGTH__ = DEFINED (__USER_SIGNATURE_REGION_LENGTH__)?__USER_SIGNATURE_REGION_LENGTH__:0x400

.hash
 *(.hash)

.dynsym
 *(.dynsym)

.dynstr
 *(.dynstr)

.gnu.version
 *(.gnu.version)

.gnu.version_d
 *(.gnu.version_d)

.gnu.version_r
 *(.gnu.version_r)

.rel.init
 *(.rel.init)

.rela.init
 *(.rela.init)

.rel.text
 *(.rel.text)
 *(.rel.text.*)
 *(.rel.gnu.linkonce.t*)

.rela.text
 *(.rela.text)
 *(.rela.text.*)
 *(.rela.gnu.linkonce.t*)

.rel.fini
 *(.rel.fini)

.rela.fini
 *(.rela.fini)

.rel.rodata
 *(.rel.rodata)
 *(.rel.rodata.*)
 *(.rel.gnu.linkonce.r*)

.rela.rodata
 *(.rela.rodata)
 *(.rela.rodata.*)
 *(.rela.gnu.linkonce.r*)

.rel.data
 *(.rel.data)
 *(.rel.data.*)
 *(.rel.gnu.linkonce.d*)

.rela.data
 *(.rela.data)
 *(.rela.data.*)
 *(.rela.gnu.linkonce.d*)

.rel.ctors
 *(.rel.ctors)

.rela.ctors
 *(.rela.ctors)

.rel.dtors
 *(.rel.dtors)

.rela.dtors
 *(.rela.dtors)

.rel.got
 *(.rel.got)

.rela.got
 *(.rela.got)

.rel.bss
 *(.rel.bss)

.rela.bss
 *(.rela.bss)

.rel.plt
 *(.rel.plt)

.rela.plt
 *(.rela.plt)

.text           0x00000000     0x3cf2
 *(.vectors)
 .vectors       0x00000000       0x68 D:/Soft/7.0/Packs/atmel/ATmega_DFP/1.7.374/gcc/dev/atmega328p/avr5/crtatmega328p.o
                0x00000000                __vector_default
                0x00000000                __vectors
 *(.vectors)
 *(.progmem.gcc*)
                0x00000068                . = ALIGN (0x2)
                0x00000068                __trampolines_start = .
 *(.trampolines)
 .trampolines   0x00000068        0x0 linker stubs
 *(.trampolines*)
                0x00000068                __trampolines_end = .
 *libprintf_flt.a:*(.progmem.data)
 *libc.a:*(.progmem.data)
 *(.progmem*)
                0x00000068                . = ALIGN (0x2)
 *(.jumptables)
 *(.jumptables*)
 *(.lowtext)
 *(.lowtext*)
                0x00000068                __ctors_start = .
 *(.ctors)
 .ctors         0x00000068        0x2 global.o
 .ctors         0x0000006a        0x2 D:\Tmp\avr\P015_Watering\WaterWindow\Watering\Uart\Debug\libUart.a(HardwareSerial0.o)
                0x0000006c                __ctors_end = .
                0x0000006c                __dtors_start = .
 *(.dtors)
                0x0000006c                __dtors_end = .
 SORT(*)(.ctors)
 SORT(*)(.dtors)
 *(.init0)
 .init0         0x0000006c        0x0 D:/Soft/7.0/Packs/atmel/ATmega_DFP/1.7.374/gcc/dev/atmega328p/avr5/crtatmega328p.o
                0x0000006c                __init
 *(.init0)
 *(.init1)
 *(.init1)
 *(.init2)
 .init2         0x0000006c        0xc D:/Soft/7.0/Packs/atmel/ATmega_DFP/1.7.374/gcc/dev/atmega328p/avr5/crtatmega328p.o
 *(.init2)
 *(.init3)
 *(.init3)
 *(.init4)
 .init4         0x00000078       0x16 d:/soft/7.0/toolchain/avr8/avr8-gnu-toolchain/bin/../lib/gcc/avr/5.4.0/avr5\libgcc.a(_copy_data.o)
                0x00000078                __do_copy_data
 .init4         0x0000008e       0x10 d:/soft/7.0/toolchain/avr8/avr8-gnu-toolchain/bin/../lib/gcc/avr/5.4.0/avr5\libgcc.a(_clear_bss.o)
                0x0000008e                __do_clear_bss
 *(.init4)
 *(.init5)
 *(.init5)
 *(.init6)
 .init6         0x0000009e       0x16 d:/soft/7.0/toolchain/avr8/avr8-gnu-toolchain/bin/../lib/gcc/avr/5.4.0/avr5\libgcc.a(_ctors.o)
                0x0000009e                __do_global_ctors
 *(.init6)
 *(.init7)
 *(.init7)
 *(.init8)
 *(.init8)
 *(.init9)
 .init9         0x000000b4        0x8 D:/Soft/7.0/Packs/atmel/ATmega_DFP/1.7.374/gcc/dev/atmega328p/avr5/crtatmega328p.o
 *(.init9)
 *(.text)
 .text          0x000000bc        0x4 D:/Soft/7.0/Packs/atmel/ATmega_DFP/1.7.374/gcc/dev/atmega328p/avr5/crtatmega328p.o
                0x000000bc                __vector_22
                0x000000bc                __vector_1
                0x000000bc                __vector_24
                0x000000bc                __vector_12
                0x000000bc                __bad_interrupt
                0x000000bc                __vector_6
                0x000000bc                __vector_3
                0x000000bc                __vector_23
                0x000000bc                __vector_25
                0x000000bc                __vector_13
                0x000000bc                __vector_17
                0x000000bc                __vector_7
                0x000000bc                __vector_5
                0x000000bc                __vector_4
                0x000000bc                __vector_9
                0x000000bc                __vector_2
                0x000000bc                __vector_21
                0x000000bc                __vector_15
                0x000000bc                __vector_8
                0x000000bc                __vector_14
                0x000000bc                __vector_10
                0x000000bc                __vector_20
                0x000000c0                . = ALIGN (0x2)
 *(.text.*)
 .text._Z41__static_initialization_and_destruction_0ii
                0x000000c0      0x14e global.o
 .text._GLOBAL__sub_I_Temp
                0x0000020e        0xe global.o
 .text.main     0x0000021c       0x5c main.o
                0x0000021c                main
 .text.__vector_16
                0x00000278       0x6a clock.o
                0x00000278                __vector_16
 .text._ZN3Std9make_pairIRmS1_EENS_4pairINS_5decayIT_E4typeES6_EEOS4_OT0_
                0x000002e2       0x5a clock.o
                0x000002e2                _ZN3Std9make_pairIRmS1_EENS_4pairINS_5decayIT_E4typeES6_EEOS4_OT0_
 .text._Z12update_clockPv
                0x0000033c      0x278 clock.o
                0x0000033c                _Z12update_clockPv
 .text._Z13parse_commandRN3Std11string_viewE
                0x000005b4       0xe8 task_command.o
                0x000005b4                _Z13parse_commandRN3Std11string_viewE
 .text._Z14parse_variableRN3Std11string_viewE
                0x0000069c      0x10c task_command.o
                0x0000069c                _Z14parse_variableRN3Std11string_viewE
 .text._Z11print_clockRK11hh_mm_ss_dd
                0x000007a8       0x48 task_command.o
                0x000007a8                _Z11print_clockRK11hh_mm_ss_dd
 .text._Z15get_float_param11float_pname
                0x000007f0      0x12c task_command.o
                0x000007f0                _Z15get_float_param11float_pname
 .text._Z16get_uint32_param12uint32_pname
                0x0000091c       0xcc task_command.o
                0x0000091c                _Z16get_uint32_param12uint32_pname
 .text._Z14print_durationm
                0x000009e8       0xe8 task_command.o
                0x000009e8                _Z14print_durationm
 .text._Z10print_planv
                0x00000ad0       0xb4 task_command.o
                0x00000ad0                _Z10print_planv
 .text._Z11print_everyv
                0x00000b84       0xf8 task_command.o
                0x00000b84                _Z11print_everyv
 .text._Z21task_command_executorPv
                0x00000c7c      0x498 task_command.o
                0x00000c7c                _Z21task_command_executorPv
 .text._Z18NextDayUpdatePlansv
                0x00001114      0x130 task_watering.o
                0x00001114                _Z18NextDayUpdatePlansv
 .text._Z13water_processRK11hh_mm_ss_ddm
                0x00001244      0x31a task_watering.o
                0x00001244                _Z13water_processRK11hh_mm_ss_ddm
 .text._Z13task_wateringPv
                0x0000155e      0x520 task_watering.o
                0x0000155e                _Z13task_wateringPv
 .text._Z11task_windowPv
                0x00001a7e        0xa task_window.o
                0x00001a7e                _Z11task_windowPv
 .text.avr-libc.fplib
                0x00001a88        0x8 d:/soft/7.0/toolchain/avr8/avr8-gnu-toolchain/bin/../lib/gcc/avr/5.4.0/../../../../avr/lib/avr5\libm.a(divsf3.o)
                0x00001a88                __divsf3
 .text.avr-libc.fplib
                0x00001a90       0xdc d:/soft/7.0/toolchain/avr8/avr8-gnu-toolchain/bin/../lib/gcc/avr/5.4.0/../../../../avr/lib/avr5\libm.a(divsf3x.o)
                0x00001ab0                __divsf3x
                0x00001ab6                __divsf3_pse
 .text.avr-libc.fplib
                0x00001b6c        0xc d:/soft/7.0/toolchain/avr8/avr8-gnu-toolchain/bin/../lib/gcc/avr/5.4.0/../../../../avr/lib/avr5\libm.a(fp_inf.o)
                0x00001b6c                __fp_inf
 .text.avr-libc.fplib
                0x00001b78        0x6 d:/soft/7.0/toolchain/avr8/avr8-gnu-toolchain/bin/../lib/gcc/avr/5.4.0/../../../../avr/lib/avr5\libm.a(fp_nan.o)
                0x00001b78                __fp_nan
 .text.avr-libc.fplib
                0x00001b7e        0xe d:/soft/7.0/toolchain/avr8/avr8-gnu-toolchain/bin/../lib/gcc/avr/5.4.0/../../../../avr/lib/avr5\libm.a(fp_pscA.o)
                0x00001b7e                __fp_pscA
 .text.avr-libc.fplib
                0x00001b8c        0xe d:/soft/7.0/toolchain/avr8/avr8-gnu-toolchain/bin/../lib/gcc/avr/5.4.0/../../../../avr/lib/avr5\libm.a(fp_pscB.o)
                0x00001b8c                __fp_pscB
 .text.avr-libc.fplib
                0x00001b9a       0x22 d:/soft/7.0/toolchain/avr8/avr8-gnu-toolchain/bin/../lib/gcc/avr/5.4.0/../../../../avr/lib/avr5\libm.a(fp_round.o)
                0x00001b9a                __fp_round
 .text.avr-libc.fplib
                0x00001bbc       0x44 d:/soft/7.0/toolchain/avr8/avr8-gnu-toolchain/bin/../lib/gcc/avr/5.4.0/../../../../avr/lib/avr5\libm.a(fp_split3.o)
                0x00001bbc                __fp_split3
                0x00001bcc                __fp_splitA
 .text.avr-libc.fplib
                0x00001c00        0xe d:/soft/7.0/toolchain/avr8/avr8-gnu-toolchain/bin/../lib/gcc/avr/5.4.0/../../../../avr/lib/avr5\libm.a(fp_zero.o)
                0x00001c00                __fp_zero
                0x00001c02                __fp_szero
 .text.prvCopyDataToQueue
                0x00001c0e       0x92 D:\Tmp\avr\P015_Watering\WaterWindow\Watering\FreeRTOS\Debug\libFreeRTOS.a(queue.o)
 .text.prvCopyDataFromQueue
                0x00001ca0       0x34 D:\Tmp\avr\P015_Watering\WaterWindow\Watering\FreeRTOS\Debug\libFreeRTOS.a(queue.o)
 .text.prvUnlockQueue
                0x00001cd4       0x9a D:\Tmp\avr\P015_Watering\WaterWindow\Watering\FreeRTOS\Debug\libFreeRTOS.a(queue.o)
 .text.xQueueGenericSend
                0x00001d6e      0x142 D:\Tmp\avr\P015_Watering\WaterWindow\Watering\FreeRTOS\Debug\libFreeRTOS.a(queue.o)
                0x00001d6e                xQueueGenericSend
 .text.xQueueGenericReceive
                0x00001eb0      0x16a D:\Tmp\avr\P015_Watering\WaterWindow\Watering\FreeRTOS\Debug\libFreeRTOS.a(queue.o)
                0x00001eb0                xQueueGenericReceive
 .text.prvResetNextTaskUnblockTime
                0x0000201a       0x3e D:\Tmp\avr\P015_Watering\WaterWindow\Watering\FreeRTOS\Debug\libFreeRTOS.a(tasks.o)
 .text.prvAddCurrentTaskToDelayedList
                0x00002058       0xb0 D:\Tmp\avr\P015_Watering\WaterWindow\Watering\FreeRTOS\Debug\libFreeRTOS.a(tasks.o)
 .text.xTaskCreate
                0x00002108      0x21a D:\Tmp\avr\P015_Watering\WaterWindow\Watering\FreeRTOS\Debug\libFreeRTOS.a(tasks.o)
                0x00002108                xTaskCreate
 .text.vTaskStartScheduler
                0x00002322       0x54 D:\Tmp\avr\P015_Watering\WaterWindow\Watering\FreeRTOS\Debug\libFreeRTOS.a(tasks.o)
                0x00002322                vTaskStartScheduler
 .text.vTaskSuspendAll
                0x00002376        0xc D:\Tmp\avr\P015_Watering\WaterWindow\Watering\FreeRTOS\Debug\libFreeRTOS.a(tasks.o)
                0x00002376                vTaskSuspendAll
 .text.xTaskIncrementTick
                0x00002382      0x176 D:\Tmp\avr\P015_Watering\WaterWindow\Watering\FreeRTOS\Debug\libFreeRTOS.a(tasks.o)
                0x00002382                xTaskIncrementTick
 .text.xTaskResumeAll
                0x000024f8       0xfe D:\Tmp\avr\P015_Watering\WaterWindow\Watering\FreeRTOS\Debug\libFreeRTOS.a(tasks.o)
                0x000024f8                xTaskResumeAll
 .text.vTaskDelay
                0x000025f6       0x28 D:\Tmp\avr\P015_Watering\WaterWindow\Watering\FreeRTOS\Debug\libFreeRTOS.a(tasks.o)
                0x000025f6                vTaskDelay
 .text.prvIdleTask
                0x0000261e       0x7a D:\Tmp\avr\P015_Watering\WaterWindow\Watering\FreeRTOS\Debug\libFreeRTOS.a(tasks.o)
 .text.vTaskSwitchContext
                0x00002698       0xcc D:\Tmp\avr\P015_Watering\WaterWindow\Watering\FreeRTOS\Debug\libFreeRTOS.a(tasks.o)
                0x00002698                vTaskSwitchContext
 .text.vTaskPlaceOnEventList
                0x00002764       0x24 D:\Tmp\avr\P015_Watering\WaterWindow\Watering\FreeRTOS\Debug\libFreeRTOS.a(tasks.o)
                0x00002764                vTaskPlaceOnEventList
 .text.xTaskRemoveFromEventList
                0x00002788       0x90 D:\Tmp\avr\P015_Watering\WaterWindow\Watering\FreeRTOS\Debug\libFreeRTOS.a(tasks.o)
                0x00002788                xTaskRemoveFromEventList
 .text.vTaskSetTimeOutState
                0x00002818       0x16 D:\Tmp\avr\P015_Watering\WaterWindow\Watering\FreeRTOS\Debug\libFreeRTOS.a(tasks.o)
                0x00002818                vTaskSetTimeOutState
 .text.xTaskCheckForTimeOut
                0x0000282e       0x72 D:\Tmp\avr\P015_Watering\WaterWindow\Watering\FreeRTOS\Debug\libFreeRTOS.a(tasks.o)
                0x0000282e                xTaskCheckForTimeOut
 .text.vTaskMissedYield
                0x000028a0        0x8 D:\Tmp\avr\P015_Watering\WaterWindow\Watering\FreeRTOS\Debug\libFreeRTOS.a(tasks.o)
                0x000028a0                vTaskMissedYield
 .text.pvPortMalloc
                0x000028a8       0x6a D:\Tmp\avr\P015_Watering\WaterWindow\Watering\FreeRTOS\Debug\libFreeRTOS.a(heap_1.o)
                0x000028a8                pvPortMalloc
 .text.vPortFree
                0x00002912        0x2 D:\Tmp\avr\P015_Watering\WaterWindow\Watering\FreeRTOS\Debug\libFreeRTOS.a(heap_1.o)
                0x00002912                vPortFree
 .text.vListInitialise
                0x00002914       0x1c D:\Tmp\avr\P015_Watering\WaterWindow\Watering\FreeRTOS\Debug\libFreeRTOS.a(list.o)
                0x00002914                vListInitialise
 .text.vListInitialiseItem
                0x00002930        0x8 D:\Tmp\avr\P015_Watering\WaterWindow\Watering\FreeRTOS\Debug\libFreeRTOS.a(list.o)
                0x00002930                vListInitialiseItem
 .text.vListInsertEnd
                0x00002938       0x42 D:\Tmp\avr\P015_Watering\WaterWindow\Watering\FreeRTOS\Debug\libFreeRTOS.a(list.o)
                0x00002938                vListInsertEnd
 .text.vListInsert
                0x0000297a       0x62 D:\Tmp\avr\P015_Watering\WaterWindow\Watering\FreeRTOS\Debug\libFreeRTOS.a(list.o)
                0x0000297a                vListInsert
 .text.uxListRemove
                0x000029dc       0x4c D:\Tmp\avr\P015_Watering\WaterWindow\Watering\FreeRTOS\Debug\libFreeRTOS.a(list.o)
                0x000029dc                uxListRemove
 .text.pxPortInitialiseStack
                0x00002a28       0xd8 D:\Tmp\avr\P015_Watering\WaterWindow\Watering\FreeRTOS\Debug\libFreeRTOS.a(port.o)
                0x00002a28                pxPortInitialiseStack
 .text.xPortStartScheduler
                0x00002b00       0x78 D:\Tmp\avr\P015_Watering\WaterWindow\Watering\FreeRTOS\Debug\libFreeRTOS.a(port.o)
                0x00002b00                xPortStartScheduler
 .text.vPortYield
                0x00002b78       0xb2 D:\Tmp\avr\P015_Watering\WaterWindow\Watering\FreeRTOS\Debug\libFreeRTOS.a(port.o)
                0x00002b78                vPortYield
 .text.vPortYieldFromTick
                0x00002c2a       0xb8 D:\Tmp\avr\P015_Watering\WaterWindow\Watering\FreeRTOS\Debug\libFreeRTOS.a(port.o)
                0x00002c2a                vPortYieldFromTick
 .text.__vector_11
                0x00002ce2        0x6 D:\Tmp\avr\P015_Watering\WaterWindow\Watering\FreeRTOS\Debug\libFreeRTOS.a(port.o)
                0x00002ce2                __vector_11
 .text._ZN14HardwareSerial9availableEv
                0x00002ce8       0x1a D:\Tmp\avr\P015_Watering\WaterWindow\Watering\Uart\Debug\libUart.a(HardwareSerial.o)
                0x00002ce8                _ZN14HardwareSerial9availableEv
 .text._ZN14HardwareSerial4peekEv
                0x00002d02       0x1c D:\Tmp\avr\P015_Watering\WaterWindow\Watering\Uart\Debug\libUart.a(HardwareSerial.o)
                0x00002d02                _ZN14HardwareSerial4peekEv
 .text._ZN14HardwareSerial4readEv
                0x00002d1e       0x28 D:\Tmp\avr\P015_Watering\WaterWindow\Watering\Uart\Debug\libUart.a(HardwareSerial.o)
                0x00002d1e                _ZN14HardwareSerial4readEv
 .text._ZN14HardwareSerial17availableForWriteEv
                0x00002d46       0x24 D:\Tmp\avr\P015_Watering\WaterWindow\Watering\Uart\Debug\libUart.a(HardwareSerial.o)
                0x00002d46                _ZN14HardwareSerial17availableForWriteEv
 .text._ZN14HardwareSerial5writeEh
                0x00002d6a       0xf6 D:\Tmp\avr\P015_Watering\WaterWindow\Watering\Uart\Debug\libUart.a(HardwareSerial.o)
                0x00002d6a                _ZN14HardwareSerial5writeEh
 .text._ZN14HardwareSerial5flushEv
                0x00002e60       0xd6 D:\Tmp\avr\P015_Watering\WaterWindow\Watering\Uart\Debug\libUart.a(HardwareSerial.o)
                0x00002e60                _ZN14HardwareSerial5flushEv
 .text._Z41__static_initialization_and_destruction_0ii
                0x00002f36       0x7c D:\Tmp\avr\P015_Watering\WaterWindow\Watering\Uart\Debug\libUart.a(HardwareSerial0.o)
 .text.__vector_18
                0x00002fb2       0x70 D:\Tmp\avr\P015_Watering\WaterWindow\Watering\Uart\Debug\libUart.a(HardwareSerial0.o)
                0x00002fb2                __vector_18
 .text.__vector_19
                0x00003022       0x88 D:\Tmp\avr\P015_Watering\WaterWindow\Watering\Uart\Debug\libUart.a(HardwareSerial0.o)
                0x00003022                __vector_19
 .text._GLOBAL__sub_I___vector_18
                0x000030aa        0xe D:\Tmp\avr\P015_Watering\WaterWindow\Watering\Uart\Debug\libUart.a(HardwareSerial0.o)
 .text._ZN5Print5writeEPKhj
                0x000030b8       0x60 D:\Tmp\avr\P015_Watering\WaterWindow\Watering\Uart\Debug\libUart.a(Print.o)
                0x000030b8                _ZN5Print5writeEPKhj
 .text._ZN5Print5printEPKc
                0x00003118       0x2c D:\Tmp\avr\P015_Watering\WaterWindow\Watering\Uart\Debug\libUart.a(Print.o)
                0x00003118                _ZN5Print5printEPKc
 .text._ZN5Print5printEc
                0x00003144       0x10 D:\Tmp\avr\P015_Watering\WaterWindow\Watering\Uart\Debug\libUart.a(Print.o)
                0x00003144                _ZN5Print5printEc
 .text._ZN5Print7printlnEv
                0x00003154       0x18 D:\Tmp\avr\P015_Watering\WaterWindow\Watering\Uart\Debug\libUart.a(Print.o)
                0x00003154                _ZN5Print7printlnEv
 .text._ZN5Print7printlnEPKc
                0x0000316c       0x24 D:\Tmp\avr\P015_Watering\WaterWindow\Watering\Uart\Debug\libUart.a(Print.o)
                0x0000316c                _ZN5Print7printlnEPKc
 .text._ZN5Print11printNumberEmh
                0x00003190       0xcc D:\Tmp\avr\P015_Watering\WaterWindow\Watering\Uart\Debug\libUart.a(Print.o)
                0x00003190                _ZN5Print11printNumberEmh
 .text._ZN5Print5printEli
                0x0000325c       0x78 D:\Tmp\avr\P015_Watering\WaterWindow\Watering\Uart\Debug\libUart.a(Print.o)
                0x0000325c                _ZN5Print5printEli
 .text._ZN5Print5printEii
                0x000032d4       0x10 D:\Tmp\avr\P015_Watering\WaterWindow\Watering\Uart\Debug\libUart.a(Print.o)
                0x000032d4                _ZN5Print5printEii
 .text._ZN5Print5printEmi
                0x000032e4       0x1e D:\Tmp\avr\P015_Watering\WaterWindow\Watering\Uart\Debug\libUart.a(Print.o)
                0x000032e4                _ZN5Print5printEmi
 .text._ZN5Print5printEji
                0x00003302        0xe D:\Tmp\avr\P015_Watering\WaterWindow\Watering\Uart\Debug\libUart.a(Print.o)
                0x00003302                _ZN5Print5printEji
 .text._ZN5Print7printlnEmi
                0x00003310       0x24 D:\Tmp\avr\P015_Watering\WaterWindow\Watering\Uart\Debug\libUart.a(Print.o)
                0x00003310                _ZN5Print7printlnEmi
 .text._ZN5Print10printFloatEdh
                0x00003334      0x1d0 D:\Tmp\avr\P015_Watering\WaterWindow\Watering\Uart\Debug\libUart.a(Print.o)
                0x00003334                _ZN5Print10printFloatEdh
 .text._ZN5Print5printEdi
                0x00003504        0x6 D:\Tmp\avr\P015_Watering\WaterWindow\Watering\Uart\Debug\libUart.a(Print.o)
                0x00003504                _ZN5Print5printEdi
 .text._ZN5Print7printlnEdi
                0x0000350a       0x24 D:\Tmp\avr\P015_Watering\WaterWindow\Watering\Uart\Debug\libUart.a(Print.o)
                0x0000350a                _ZN5Print7printlnEdi
 .text._ZN6Stream14readBytesUntilEcPcj
                0x0000352e       0x64 D:\Tmp\avr\P015_Watering\WaterWindow\Watering\Uart\Debug\libUart.a(Stream.o)
                0x0000352e                _ZN6Stream14readBytesUntilEcPcj
 .text.avr-libc.fplib
                0x00003592        0xe d:/soft/7.0/toolchain/avr8/avr8-gnu-toolchain/bin/../lib/gcc/avr/5.4.0/../../../../avr/lib/avr5\libm.a(addsf3.o)
                0x00003592                __subsf3
                0x00003594                __addsf3
 .text.avr-libc.fplib
                0x000035a0       0xcc d:/soft/7.0/toolchain/avr8/avr8-gnu-toolchain/bin/../lib/gcc/avr/5.4.0/../../../../avr/lib/avr5\libm.a(addsf3x.o)
                0x000035c2                __addsf3x
 .text.avr-libc.fplib
                0x0000366c        0xa d:/soft/7.0/toolchain/avr8/avr8-gnu-toolchain/bin/../lib/gcc/avr/5.4.0/../../../../avr/lib/avr5\libm.a(cmpsf2.o)
                0x0000366c                __nesf2
                0x0000366c                __eqsf2
                0x0000366c                __cmpsf2
                0x0000366c                __ltsf2
                0x0000366c                __lesf2
 .text.avr-libc.fplib
                0x00003676       0x5e d:/soft/7.0/toolchain/avr8/avr8-gnu-toolchain/bin/../lib/gcc/avr/5.4.0/../../../../avr/lib/avr5\libm.a(fixunssfsi.o)
                0x00003676                __fixunssfsi
 .text.avr-libc.fplib
                0x000036d4       0x7a d:/soft/7.0/toolchain/avr8/avr8-gnu-toolchain/bin/../lib/gcc/avr/5.4.0/../../../../avr/lib/avr5\libm.a(floatsisf.o)
                0x000036d4                __floatunsisf
                0x000036d8                __floatsisf
 .text.avr-libc.fplib
                0x0000374e       0x48 d:/soft/7.0/toolchain/avr8/avr8-gnu-toolchain/bin/../lib/gcc/avr/5.4.0/../../../../avr/lib/avr5\libm.a(fp_cmp.o)
                0x0000374e                __fp_cmp
 .text.avr-libc.fplib
                0x00003796        0xa d:/soft/7.0/toolchain/avr8/avr8-gnu-toolchain/bin/../lib/gcc/avr/5.4.0/../../../../avr/lib/avr5\libm.a(gesf2.o)
                0x00003796                __gesf2
                0x00003796                __gtsf2
 .text.avr-libc.fplib
                0x000037a0        0x8 d:/soft/7.0/toolchain/avr8/avr8-gnu-toolchain/bin/../lib/gcc/avr/5.4.0/../../../../avr/lib/avr5\libm.a(mulsf3.o)
                0x000037a0                __mulsf3
 .text.avr-libc.fplib
                0x000037a8       0xd2 d:/soft/7.0/toolchain/avr8/avr8-gnu-toolchain/bin/../lib/gcc/avr/5.4.0/../../../../avr/lib/avr5\libm.a(mulsf3x.o)
                0x000037c6                __mulsf3x
                0x000037cc                __mulsf3_pse
 .text.avr-libc.fplib
                0x0000387a        0xa d:/soft/7.0/toolchain/avr8/avr8-gnu-toolchain/bin/../lib/gcc/avr/5.4.0/../../../../avr/lib/avr5\libm.a(unordsf2.o)
                0x0000387a                __unordsf2
 .text.libgcc.mul
                0x00003884       0x20 d:/soft/7.0/toolchain/avr8/avr8-gnu-toolchain/bin/../lib/gcc/avr/5.4.0/avr5\libgcc.a(_mulsi3.o)
                0x00003884                __mulsi3
 .text.libgcc.div
                0x000038a4       0x44 d:/soft/7.0/toolchain/avr8/avr8-gnu-toolchain/bin/../lib/gcc/avr/5.4.0/avr5\libgcc.a(_udivmodsi4.o)
                0x000038a4                __udivmodsi4
 .text.libgcc.mul
                0x000038e8       0x16 d:/soft/7.0/toolchain/avr8/avr8-gnu-toolchain/bin/../lib/gcc/avr/5.4.0/avr5\libgcc.a(_muluhisi3.o)
                0x000038e8                __muluhisi3
 .text.libgcc.div
                0x000038fe       0x1c d:/soft/7.0/toolchain/avr8/avr8-gnu-toolchain/bin/../lib/gcc/avr/5.4.0/avr5\libgcc.a(_udivdi3.o)
                0x000038fe                __umoddi3
                0x00003902                __udivdi3
                0x00003904                __udivdi3_umoddi3
 .text.libgcc.div
                0x0000391a       0xa2 d:/soft/7.0/toolchain/avr8/avr8-gnu-toolchain/bin/../lib/gcc/avr/5.4.0/avr5\libgcc.a(_udivmod64.o)
                0x0000391a                __udivmod64
 .text.libgcc   0x000039bc       0x12 d:/soft/7.0/toolchain/avr8/avr8-gnu-toolchain/bin/../lib/gcc/avr/5.4.0/avr5\libgcc.a(_adddi3.o)
                0x000039bc                __adddi3
 .text.libgcc   0x000039ce       0x18 d:/soft/7.0/toolchain/avr8/avr8-gnu-toolchain/bin/../lib/gcc/avr/5.4.0/avr5\libgcc.a(_adddi3_s8.o)
                0x000039ce                __adddi3_s8
 .text.libgcc   0x000039e6       0x12 d:/soft/7.0/toolchain/avr8/avr8-gnu-toolchain/bin/../lib/gcc/avr/5.4.0/avr5\libgcc.a(_subdi3.o)
                0x000039e6                __subdi3
 .text.libgcc   0x000039f8       0x12 d:/soft/7.0/toolchain/avr8/avr8-gnu-toolchain/bin/../lib/gcc/avr/5.4.0/avr5\libgcc.a(_cmpdi2.o)
                0x000039f8                __cmpdi2
 .text.libgcc   0x00003a0a        0xc d:/soft/7.0/toolchain/avr8/avr8-gnu-toolchain/bin/../lib/gcc/avr/5.4.0/avr5\libgcc.a(_tablejump2.o)
                0x00003a0a                __tablejump2__
 .text.libgcc.mul
                0x00003a16       0x1e d:/soft/7.0/toolchain/avr8/avr8-gnu-toolchain/bin/../lib/gcc/avr/5.4.0/avr5\libgcc.a(_umulhisi3.o)
                0x00003a16                __umulhisi3
 .text.avr-libc
                0x00003a34       0x38 d:/soft/7.0/toolchain/avr8/avr8-gnu-toolchain/bin/../lib/gcc/avr/5.4.0/../../../../avr/lib/avr5\libc.a(calloc.o)
                0x00003a34                calloc
 .text.avr-libc
                0x00003a6c      0x242 d:/soft/7.0/toolchain/avr8/avr8-gnu-toolchain/bin/../lib/gcc/avr/5.4.0/../../../../avr/lib/avr5\libc.a(malloc.o)
                0x00003a6c                malloc
                0x00003b9c                free
 .text.avr-libc
                0x00003cae       0x12 d:/soft/7.0/toolchain/avr8/avr8-gnu-toolchain/bin/../lib/gcc/avr/5.4.0/../../../../avr/lib/avr5\libc.a(memcpy.o)
                0x00003cae                memcpy
 .text.avr-libc
                0x00003cc0        0xe d:/soft/7.0/toolchain/avr8/avr8-gnu-toolchain/bin/../lib/gcc/avr/5.4.0/../../../../avr/lib/avr5\libc.a(memset.o)
                0x00003cc0                memset
 .text.avr-libc
                0x00003cce       0x20 D:/Soft/7.0/Packs/atmel/ATmega_DFP/1.7.374/gcc/dev/atmega328p/avr5\libatmega328p.a(eerd_block.o)
                0x00003cce                eeprom_read_block
                0x00003cd2                eeprom_read_blraw
                0x00003cee                . = ALIGN (0x2)
 *(.fini9)
 .fini9         0x00003cee        0x0 d:/soft/7.0/toolchain/avr8/avr8-gnu-toolchain/bin/../lib/gcc/avr/5.4.0/avr5\libgcc.a(_exit.o)
                0x00003cee                _exit
                0x00003cee                exit
 *(.fini9)
 *(.fini8)
 *(.fini8)
 *(.fini7)
 *(.fini7)
 *(.fini6)
 *(.fini6)
 *(.fini5)
 *(.fini5)
 *(.fini4)
 *(.fini4)
 *(.fini3)
 *(.fini3)
 *(.fini2)
 *(.fini2)
 *(.fini1)
 *(.fini1)
 *(.fini0)
 .fini0         0x00003cee        0x4 d:/soft/7.0/toolchain/avr8/avr8-gnu-toolchain/bin/../lib/gcc/avr/5.4.0/avr5\libgcc.a(_exit.o)
 *(.fini0)
                0x00003cf2                _etext = .

.data           0x00800100       0xde load address 0x00003cf2
                0x00800100                PROVIDE (__data_start, .)
 *(.data)
 .data          0x00800100        0x6 d:/soft/7.0/toolchain/avr8/avr8-gnu-toolchain/bin/../lib/gcc/avr/5.4.0/../../../../avr/lib/avr5\libc.a(malloc.o)
                0x00800100                __malloc_heap_end
                0x00800102                __malloc_heap_start
                0x00800104                __malloc_margin
 *(.data*)
 *(.gnu.linkonce.d*)
 *(.rodata)
 *(.rodata*)
 .rodata.str1.1
                0x00800106       0x3c main.o
 .rodata.str1.1
                0x00800142       0x76 task_command.o
                                 0x7e (size before relaxing)
 .rodata.str1.1
                0x008001b8        0x5 D:\Tmp\avr\P015_Watering\WaterWindow\Watering\FreeRTOS\Debug\libFreeRTOS.a(tasks.o)
 .rodata._ZTV14HardwareSerial
                0x008001bd       0x12 D:\Tmp\avr\P015_Watering\WaterWindow\Watering\Uart\Debug\libUart.a(HardwareSerial.o)
                0x008001bd                _ZTV14HardwareSerial
 .rodata.str1.1
                0x008001cf        0xf D:\Tmp\avr\P015_Watering\WaterWindow\Watering\Uart\Debug\libUart.a(Print.o)
 *(.gnu.linkonce.r*)
                0x008001de                . = ALIGN (0x2)
                0x008001de                _edata = .
                0x008001de                PROVIDE (__data_end, .)

.bss            0x008001de      0x6e7
                0x008001de                PROVIDE (__bss_start, .)
 *(.bss)
 *(.bss*)
 .bss.clocks    0x008001de       0x31 global.o
                0x008001de                clocks
 .bss.settings  0x0080020f       0x1e global.o
                0x0080020f                settings
 .bss.water_every
                0x0080022d        0x4 global.o
                0x0080022d                water_every
 .bss.water_plan
                0x00800231        0x4 global.o
                0x00800231                water_plan
 .bss.Temp      0x00800235        0x5 global.o
                0x00800235                Temp
 .bss.uxSchedulerSuspended
                0x0080023a        0x1 D:\Tmp\avr\P015_Watering\WaterWindow\Watering\FreeRTOS\Debug\libFreeRTOS.a(tasks.o)
 .bss.xIdleTaskHandle
                0x0080023b        0x2 D:\Tmp\avr\P015_Watering\WaterWindow\Watering\FreeRTOS\Debug\libFreeRTOS.a(tasks.o)
 .bss.xNextTaskUnblockTime
                0x0080023d        0x2 D:\Tmp\avr\P015_Watering\WaterWindow\Watering\FreeRTOS\Debug\libFreeRTOS.a(tasks.o)
 .bss.uxTaskNumber
                0x0080023f        0x1 D:\Tmp\avr\P015_Watering\WaterWindow\Watering\FreeRTOS\Debug\libFreeRTOS.a(tasks.o)
 .bss.xNumOfOverflows
                0x00800240        0x1 D:\Tmp\avr\P015_Watering\WaterWindow\Watering\FreeRTOS\Debug\libFreeRTOS.a(tasks.o)
 .bss.xYieldPending
                0x00800241        0x1 D:\Tmp\avr\P015_Watering\WaterWindow\Watering\FreeRTOS\Debug\libFreeRTOS.a(tasks.o)
 .bss.uxPendedTicks
                0x00800242        0x1 D:\Tmp\avr\P015_Watering\WaterWindow\Watering\FreeRTOS\Debug\libFreeRTOS.a(tasks.o)
 .bss.xSchedulerRunning
                0x00800243        0x1 D:\Tmp\avr\P015_Watering\WaterWindow\Watering\FreeRTOS\Debug\libFreeRTOS.a(tasks.o)
 .bss.uxTopReadyPriority
                0x00800244        0x1 D:\Tmp\avr\P015_Watering\WaterWindow\Watering\FreeRTOS\Debug\libFreeRTOS.a(tasks.o)
 .bss.xTickCount
                0x00800245        0x2 D:\Tmp\avr\P015_Watering\WaterWindow\Watering\FreeRTOS\Debug\libFreeRTOS.a(tasks.o)
 .bss.uxCurrentNumberOfTasks
                0x00800247        0x1 D:\Tmp\avr\P015_Watering\WaterWindow\Watering\FreeRTOS\Debug\libFreeRTOS.a(tasks.o)
 .bss.xSuspendedTaskList
                0x00800248        0x9 D:\Tmp\avr\P015_Watering\WaterWindow\Watering\FreeRTOS\Debug\libFreeRTOS.a(tasks.o)
 .bss.uxDeletedTasksWaitingCleanUp
                0x00800251        0x1 D:\Tmp\avr\P015_Watering\WaterWindow\Watering\FreeRTOS\Debug\libFreeRTOS.a(tasks.o)
 .bss.xTasksWaitingTermination
                0x00800252        0x9 D:\Tmp\avr\P015_Watering\WaterWindow\Watering\FreeRTOS\Debug\libFreeRTOS.a(tasks.o)
 .bss.xPendingReadyList
                0x0080025b        0x9 D:\Tmp\avr\P015_Watering\WaterWindow\Watering\FreeRTOS\Debug\libFreeRTOS.a(tasks.o)
 .bss.pxOverflowDelayedTaskList
                0x00800264        0x2 D:\Tmp\avr\P015_Watering\WaterWindow\Watering\FreeRTOS\Debug\libFreeRTOS.a(tasks.o)
 .bss.pxDelayedTaskList
                0x00800266        0x2 D:\Tmp\avr\P015_Watering\WaterWindow\Watering\FreeRTOS\Debug\libFreeRTOS.a(tasks.o)
 .bss.xDelayedTaskList2
                0x00800268        0x9 D:\Tmp\avr\P015_Watering\WaterWindow\Watering\FreeRTOS\Debug\libFreeRTOS.a(tasks.o)
 .bss.xDelayedTaskList1
                0x00800271        0x9 D:\Tmp\avr\P015_Watering\WaterWindow\Watering\FreeRTOS\Debug\libFreeRTOS.a(tasks.o)
 .bss.pxReadyTasksLists
                0x0080027a       0x24 D:\Tmp\avr\P015_Watering\WaterWindow\Watering\FreeRTOS\Debug\libFreeRTOS.a(tasks.o)
 .bss.pxCurrentTCB
                0x0080029e        0x2 D:\Tmp\avr\P015_Watering\WaterWindow\Watering\FreeRTOS\Debug\libFreeRTOS.a(tasks.o)
                0x0080029e                pxCurrentTCB
 .bss.pucAlignedHeap.2068
                0x008002a0        0x2 D:\Tmp\avr\P015_Watering\WaterWindow\Watering\FreeRTOS\Debug\libFreeRTOS.a(heap_1.o)
 .bss.xNextFreeByte
                0x008002a2        0x2 D:\Tmp\avr\P015_Watering\WaterWindow\Watering\FreeRTOS\Debug\libFreeRTOS.a(heap_1.o)
 .bss.ucHeap    0x008002a4      0x5dc D:\Tmp\avr\P015_Watering\WaterWindow\Watering\FreeRTOS\Debug\libFreeRTOS.a(heap_1.o)
 .bss.Serial    0x00800880       0x41 D:\Tmp\avr\P015_Watering\WaterWindow\Watering\Uart\Debug\libUart.a(HardwareSerial0.o)
                0x00800880                Serial
 *(COMMON)
 COMMON         0x008008c1        0x4 d:/soft/7.0/toolchain/avr8/avr8-gnu-toolchain/bin/../lib/gcc/avr/5.4.0/../../../../avr/lib/avr5\libc.a(malloc.o)
                0x008008c1                __brkval
                0x008008c3                __flp
                0x008008c5                PROVIDE (__bss_end, .)
                0x00003cf2                __data_load_start = LOADADDR (.data)
                0x00003dd0                __data_load_end = (__data_load_start + SIZEOF (.data))

.noinit         0x008008c5        0x0
                [!provide]                PROVIDE (__noinit_start, .)
 *(.noinit*)
                [!provide]                PROVIDE (__noinit_end, .)
                0x008008c5                _end = .
                0x008008c5                PROVIDE (__heap_start, .)

.eeprom         0x00810000        0x0
 *(.eeprom*)
                0x00810000                __eeprom_end = .

.fuse
 *(.fuse)
 *(.lfuse)
 *(.hfuse)
 *(.efuse)

.lock
 *(.lock*)

.signature
 *(.signature*)

.user_signatures
 *(.user_signatures*)

.stab
 *(.stab)

.stabstr
 *(.stabstr)

.stab.excl
 *(.stab.excl)

.stab.exclstr
 *(.stab.exclstr)

.stab.index
 *(.stab.index)

.stab.indexstr
 *(.stab.indexstr)

.comment        0x00000000       0x30
 *(.comment)
 .comment       0x00000000       0x30 global.o
                                 0x31 (size before relaxing)
 .comment       0x00000030       0x31 main.o
 .comment       0x00000030       0x31 clock.o
 .comment       0x00000030       0x31 task_command.o
 .comment       0x00000030       0x31 task_watering.o
 .comment       0x00000030       0x31 task_window.o
 .comment       0x00000030       0x31 D:\Tmp\avr\P015_Watering\WaterWindow\Watering\FreeRTOS\Debug\libFreeRTOS.a(queue.o)
 .comment       0x00000030       0x31 D:\Tmp\avr\P015_Watering\WaterWindow\Watering\FreeRTOS\Debug\libFreeRTOS.a(tasks.o)
 .comment       0x00000030       0x31 D:\Tmp\avr\P015_Watering\WaterWindow\Watering\FreeRTOS\Debug\libFreeRTOS.a(heap_1.o)
 .comment       0x00000030       0x31 D:\Tmp\avr\P015_Watering\WaterWindow\Watering\FreeRTOS\Debug\libFreeRTOS.a(list.o)
 .comment       0x00000030       0x31 D:\Tmp\avr\P015_Watering\WaterWindow\Watering\FreeRTOS\Debug\libFreeRTOS.a(port.o)
 .comment       0x00000030       0x31 D:\Tmp\avr\P015_Watering\WaterWindow\Watering\Uart\Debug\libUart.a(HardwareSerial.o)
 .comment       0x00000030       0x31 D:\Tmp\avr\P015_Watering\WaterWindow\Watering\Uart\Debug\libUart.a(HardwareSerial0.o)
 .comment       0x00000030       0x31 D:\Tmp\avr\P015_Watering\WaterWindow\Watering\Uart\Debug\libUart.a(Print.o)
 .comment       0x00000030       0x31 D:\Tmp\avr\P015_Watering\WaterWindow\Watering\Uart\Debug\libUart.a(Stream.o)
 .comment       0x00000030       0x31 d:/soft/7.0/toolchain/avr8/avr8-gnu-toolchain/bin/../lib/gcc/avr/5.4.0/../../../../avr/lib/avr5\libc.a(calloc.o)
 .comment       0x00000030       0x31 d:/soft/7.0/toolchain/avr8/avr8-gnu-toolchain/bin/../lib/gcc/avr/5.4.0/../../../../avr/lib/avr5\libc.a(malloc.o)

.note.gnu.avr.deviceinfo
                0x00000000       0x40
 .note.gnu.avr.deviceinfo
                0x00000000       0x40 D:/Soft/7.0/Packs/atmel/ATmega_DFP/1.7.374/gcc/dev/atmega328p/avr5/crtatmega328p.o

.note.gnu.build-id
 *(.note.gnu.build-id)

.debug
 *(.debug)

.line
 *(.line)

.debug_srcinfo
 *(.debug_srcinfo)

.debug_sfnames
 *(.debug_sfnames)

.debug_aranges  0x00000000      0x5e0
 *(.debug_aranges)
 .debug_aranges
                0x00000000       0x28 global.o
 .debug_aranges
                0x00000028       0x28 main.o
 .debug_aranges
                0x00000050       0x38 clock.o
 .debug_aranges
                0x00000088       0x78 task_command.o
 .debug_aranges
                0x00000100       0x30 task_watering.o
 .debug_aranges
                0x00000130       0x20 task_window.o
 .debug_aranges
                0x00000150       0xa0 D:\Tmp\avr\P015_Watering\WaterWindow\Watering\FreeRTOS\Debug\libFreeRTOS.a(queue.o)
 .debug_aranges
                0x000001f0      0x128 D:\Tmp\avr\P015_Watering\WaterWindow\Watering\FreeRTOS\Debug\libFreeRTOS.a(tasks.o)
 .debug_aranges
                0x00000318       0x38 D:\Tmp\avr\P015_Watering\WaterWindow\Watering\FreeRTOS\Debug\libFreeRTOS.a(heap_1.o)
 .debug_aranges
                0x00000350       0x40 D:\Tmp\avr\P015_Watering\WaterWindow\Watering\FreeRTOS\Debug\libFreeRTOS.a(list.o)
 .debug_aranges
                0x00000390       0x48 D:\Tmp\avr\P015_Watering\WaterWindow\Watering\FreeRTOS\Debug\libFreeRTOS.a(port.o)
 .debug_aranges
                0x000003d8       0x60 D:\Tmp\avr\P015_Watering\WaterWindow\Watering\Uart\Debug\libUart.a(HardwareSerial.o)
 .debug_aranges
                0x00000438       0x50 D:\Tmp\avr\P015_Watering\WaterWindow\Watering\Uart\Debug\libUart.a(HardwareSerial0.o)
 .debug_aranges
                0x00000488       0xc8 D:\Tmp\avr\P015_Watering\WaterWindow\Watering\Uart\Debug\libUart.a(Print.o)
 .debug_aranges
                0x00000550       0x70 D:\Tmp\avr\P015_Watering\WaterWindow\Watering\Uart\Debug\libUart.a(Stream.o)
 .debug_aranges
                0x000005c0       0x20 D:/Soft/7.0/Packs/atmel/ATmega_DFP/1.7.374/gcc/dev/atmega328p/avr5\libatmega328p.a(eerd_block.o)

.debug_pubnames
 *(.debug_pubnames)

.debug_info     0x00000000    0x129fb
 *(.debug_info .gnu.linkonce.wi.*)
 .debug_info    0x00000000      0x5f4 D:/Soft/7.0/Packs/atmel/ATmega_DFP/1.7.374/gcc/dev/atmega328p/avr5/crtatmega328p.o
 .debug_info    0x000005f4     0x1bce global.o
 .debug_info    0x000021c2      0xc12 main.o
 .debug_info    0x00002dd4      0xcdb clock.o
 .debug_info    0x00003aaf     0x58d5 task_command.o
 .debug_info    0x00009384     0x261f task_watering.o
 .debug_info    0x0000b9a3      0x6a4 task_window.o
 .debug_info    0x0000c047     0x108f D:\Tmp\avr\P015_Watering\WaterWindow\Watering\FreeRTOS\Debug\libFreeRTOS.a(queue.o)
 .debug_info    0x0000d0d6     0x1b2d D:\Tmp\avr\P015_Watering\WaterWindow\Watering\FreeRTOS\Debug\libFreeRTOS.a(tasks.o)
 .debug_info    0x0000ec03      0x1a4 D:\Tmp\avr\P015_Watering\WaterWindow\Watering\FreeRTOS\Debug\libFreeRTOS.a(heap_1.o)
 .debug_info    0x0000eda7      0x2cd D:\Tmp\avr\P015_Watering\WaterWindow\Watering\FreeRTOS\Debug\libFreeRTOS.a(list.o)
 .debug_info    0x0000f074      0x260 D:\Tmp\avr\P015_Watering\WaterWindow\Watering\FreeRTOS\Debug\libFreeRTOS.a(port.o)
 .debug_info    0x0000f2d4      0xd91 D:\Tmp\avr\P015_Watering\WaterWindow\Watering\Uart\Debug\libUart.a(HardwareSerial.o)
 .debug_info    0x00010065      0xa48 D:\Tmp\avr\P015_Watering\WaterWindow\Watering\Uart\Debug\libUart.a(HardwareSerial0.o)
 .debug_info    0x00010aad     0x1259 D:\Tmp\avr\P015_Watering\WaterWindow\Watering\Uart\Debug\libUart.a(Print.o)
 .debug_info    0x00011d06      0xc5a D:\Tmp\avr\P015_Watering\WaterWindow\Watering\Uart\Debug\libUart.a(Stream.o)
 .debug_info    0x00012960       0x9b D:/Soft/7.0/Packs/atmel/ATmega_DFP/1.7.374/gcc/dev/atmega328p/avr5\libatmega328p.a(eerd_block.o)

.debug_abbrev   0x00000000     0x31d8
 *(.debug_abbrev)
 .debug_abbrev  0x00000000      0x5a2 D:/Soft/7.0/Packs/atmel/ATmega_DFP/1.7.374/gcc/dev/atmega328p/avr5/crtatmega328p.o
 .debug_abbrev  0x000005a2      0x3cb global.o
 .debug_abbrev  0x0000096d      0x399 main.o
 .debug_abbrev  0x00000d06      0x3ba clock.o
 .debug_abbrev  0x000010c0      0x624 task_command.o
 .debug_abbrev  0x000016e4      0x434 task_watering.o
 .debug_abbrev  0x00001b18      0x223 task_window.o
 .debug_abbrev  0x00001d3b      0x261 D:\Tmp\avr\P015_Watering\WaterWindow\Watering\FreeRTOS\Debug\libFreeRTOS.a(queue.o)
 .debug_abbrev  0x00001f9c      0x329 D:\Tmp\avr\P015_Watering\WaterWindow\Watering\FreeRTOS\Debug\libFreeRTOS.a(tasks.o)
 .debug_abbrev  0x000022c5      0x11c D:\Tmp\avr\P015_Watering\WaterWindow\Watering\FreeRTOS\Debug\libFreeRTOS.a(heap_1.o)
 .debug_abbrev  0x000023e1       0xf8 D:\Tmp\avr\P015_Watering\WaterWindow\Watering\FreeRTOS\Debug\libFreeRTOS.a(list.o)
 .debug_abbrev  0x000024d9      0x155 D:\Tmp\avr\P015_Watering\WaterWindow\Watering\FreeRTOS\Debug\libFreeRTOS.a(port.o)
 .debug_abbrev  0x0000262e      0x36a D:\Tmp\avr\P015_Watering\WaterWindow\Watering\Uart\Debug\libUart.a(HardwareSerial.o)
 .debug_abbrev  0x00002998      0x2e8 D:\Tmp\avr\P015_Watering\WaterWindow\Watering\Uart\Debug\libUart.a(HardwareSerial0.o)
 .debug_abbrev  0x00002c80      0x2d0 D:\Tmp\avr\P015_Watering\WaterWindow\Watering\Uart\Debug\libUart.a(Print.o)
 .debug_abbrev  0x00002f50      0x274 D:\Tmp\avr\P015_Watering\WaterWindow\Watering\Uart\Debug\libUart.a(Stream.o)
 .debug_abbrev  0x000031c4       0x14 D:/Soft/7.0/Packs/atmel/ATmega_DFP/1.7.374/gcc/dev/atmega328p/avr5\libatmega328p.a(eerd_block.o)

.debug_line     0x00000000     0x4dde
 *(.debug_line .debug_line.* .debug_line_end)
 .debug_line    0x00000000      0x134 D:/Soft/7.0/Packs/atmel/ATmega_DFP/1.7.374/gcc/dev/atmega328p/avr5/crtatmega328p.o
 .debug_line    0x00000134      0x310 global.o
 .debug_line    0x00000444      0x262 main.o
 .debug_line    0x000006a6      0x2b6 clock.o
 .debug_line    0x0000095c      0xf93 task_command.o
 .debug_line    0x000018ef      0x60f task_watering.o
 .debug_line    0x00001efe      0x17d task_window.o
 .debug_line    0x0000207b      0x7b0 D:\Tmp\avr\P015_Watering\WaterWindow\Watering\FreeRTOS\Debug\libFreeRTOS.a(queue.o)
 .debug_line    0x0000282b      0xe11 D:\Tmp\avr\P015_Watering\WaterWindow\Watering\FreeRTOS\Debug\libFreeRTOS.a(tasks.o)
 .debug_line    0x0000363c      0x167 D:\Tmp\avr\P015_Watering\WaterWindow\Watering\FreeRTOS\Debug\libFreeRTOS.a(heap_1.o)
 .debug_line    0x000037a3      0x1af D:\Tmp\avr\P015_Watering\WaterWindow\Watering\FreeRTOS\Debug\libFreeRTOS.a(list.o)
 .debug_line    0x00003952      0x260 D:\Tmp\avr\P015_Watering\WaterWindow\Watering\FreeRTOS\Debug\libFreeRTOS.a(port.o)
 .debug_line    0x00003bb2      0x570 D:\Tmp\avr\P015_Watering\WaterWindow\Watering\Uart\Debug\libUart.a(HardwareSerial.o)
 .debug_line    0x00004122      0x23a D:\Tmp\avr\P015_Watering\WaterWindow\Watering\Uart\Debug\libUart.a(HardwareSerial0.o)
 .debug_line    0x0000435c      0x559 D:\Tmp\avr\P015_Watering\WaterWindow\Watering\Uart\Debug\libUart.a(Print.o)
 .debug_line    0x000048b5      0x47e D:\Tmp\avr\P015_Watering\WaterWindow\Watering\Uart\Debug\libUart.a(Stream.o)
 .debug_line    0x00004d33       0xab D:/Soft/7.0/Packs/atmel/ATmega_DFP/1.7.374/gcc/dev/atmega328p/avr5\libatmega328p.a(eerd_block.o)

.debug_frame    0x00000000     0x13c4
 *(.debug_frame)
 .debug_frame   0x00000000       0x44 global.o
 .debug_frame   0x00000044       0x44 main.o
 .debug_frame   0x00000088      0x114 clock.o
 .debug_frame   0x0000019c      0x230 task_command.o
 .debug_frame   0x000003cc       0xd4 task_watering.o
 .debug_frame   0x000004a0       0x24 task_window.o
 .debug_frame   0x000004c4      0x258 D:\Tmp\avr\P015_Watering\WaterWindow\Watering\FreeRTOS\Debug\libFreeRTOS.a(queue.o)
 .debug_frame   0x0000071c      0x450 D:\Tmp\avr\P015_Watering\WaterWindow\Watering\FreeRTOS\Debug\libFreeRTOS.a(tasks.o)
 .debug_frame   0x00000b6c       0x60 D:\Tmp\avr\P015_Watering\WaterWindow\Watering\FreeRTOS\Debug\libFreeRTOS.a(heap_1.o)
 .debug_frame   0x00000bcc       0x88 D:\Tmp\avr\P015_Watering\WaterWindow\Watering\FreeRTOS\Debug\libFreeRTOS.a(list.o)
 .debug_frame   0x00000c54       0x74 D:\Tmp\avr\P015_Watering\WaterWindow\Watering\FreeRTOS\Debug\libFreeRTOS.a(port.o)
 .debug_frame   0x00000cc8       0xec D:\Tmp\avr\P015_Watering\WaterWindow\Watering\Uart\Debug\libUart.a(HardwareSerial.o)
 .debug_frame   0x00000db4       0xe4 D:\Tmp\avr\P015_Watering\WaterWindow\Watering\Uart\Debug\libUart.a(HardwareSerial0.o)
 .debug_frame   0x00000e98      0x2f4 D:\Tmp\avr\P015_Watering\WaterWindow\Watering\Uart\Debug\libUart.a(Print.o)
 .debug_frame   0x0000118c      0x238 D:\Tmp\avr\P015_Watering\WaterWindow\Watering\Uart\Debug\libUart.a(Stream.o)

.debug_str      0x00000000     0x5520
 *(.debug_str)
 .debug_str     0x00000000      0x208 D:/Soft/7.0/Packs/atmel/ATmega_DFP/1.7.374/gcc/dev/atmega328p/avr5/crtatmega328p.o
 .debug_str     0x00000208     0x17c2 global.o
                               0x18a1 (size before relaxing)
 .debug_str     0x000019ca      0x248 main.o
                                0x9db (size before relaxing)
 .debug_str     0x00001c12      0x2bc clock.o
                                0x9ab (size before relaxing)
 .debug_str     0x00001ece     0x1d7b task_command.o
                               0x2ffb (size before relaxing)
 .debug_str     0x00003c49      0x280 task_watering.o
                               0x14ff (size before relaxing)
 .debug_str     0x00003ec9       0x33 task_window.o
                                0x6ff (size before relaxing)
 .debug_str     0x00003efc      0x5a1 D:\Tmp\avr\P015_Watering\WaterWindow\Watering\FreeRTOS\Debug\libFreeRTOS.a(queue.o)
                                0x6ba (size before relaxing)
 .debug_str     0x0000449d      0x7f6 D:\Tmp\avr\P015_Watering\WaterWindow\Watering\FreeRTOS\Debug\libFreeRTOS.a(tasks.o)
                                0xbdd (size before relaxing)
 .debug_str     0x00004c93       0x72 D:\Tmp\avr\P015_Watering\WaterWindow\Watering\FreeRTOS\Debug\libFreeRTOS.a(heap_1.o)
                                0x21d (size before relaxing)
 .debug_str     0x00004d05       0x54 D:\Tmp\avr\P015_Watering\WaterWindow\Watering\FreeRTOS\Debug\libFreeRTOS.a(list.o)
                                0x2ac (size before relaxing)
 .debug_str     0x00004d59       0x77 D:\Tmp\avr\P015_Watering\WaterWindow\Watering\FreeRTOS\Debug\libFreeRTOS.a(port.o)
                                0x2a6 (size before relaxing)
 .debug_str     0x00004dd0      0x3e6 D:\Tmp\avr\P015_Watering\WaterWindow\Watering\Uart\Debug\libUart.a(HardwareSerial.o)
                                0x9f9 (size before relaxing)
 .debug_str     0x000051b6       0x7f D:\Tmp\avr\P015_Watering\WaterWindow\Watering\Uart\Debug\libUart.a(HardwareSerial0.o)
                                0x7d7 (size before relaxing)
 .debug_str     0x00005235      0x25b D:\Tmp\avr\P015_Watering\WaterWindow\Watering\Uart\Debug\libUart.a(Print.o)
                                0x583 (size before relaxing)
 .debug_str     0x00005490       0x90 D:\Tmp\avr\P015_Watering\WaterWindow\Watering\Uart\Debug\libUart.a(Stream.o)
                                0x621 (size before relaxing)

.debug_loc      0x00000000     0x7fba
 *(.debug_loc)
 .debug_loc     0x00000000      0x151 global.o
 .debug_loc     0x00000151       0x88 main.o
 .debug_loc     0x000001d9      0x303 clock.o
 .debug_loc     0x000004dc     0x15d1 task_command.o
 .debug_loc     0x00001aad      0x54a task_watering.o
 .debug_loc     0x00001ff7     0x1498 D:\Tmp\avr\P015_Watering\WaterWindow\Watering\FreeRTOS\Debug\libFreeRTOS.a(queue.o)
 .debug_loc     0x0000348f     0x1cfd D:\Tmp\avr\P015_Watering\WaterWindow\Watering\FreeRTOS\Debug\libFreeRTOS.a(tasks.o)
 .debug_loc     0x0000518c       0xf1 D:\Tmp\avr\P015_Watering\WaterWindow\Watering\FreeRTOS\Debug\libFreeRTOS.a(heap_1.o)
 .debug_loc     0x0000527d      0x145 D:\Tmp\avr\P015_Watering\WaterWindow\Watering\FreeRTOS\Debug\libFreeRTOS.a(list.o)
 .debug_loc     0x000053c2      0x274 D:\Tmp\avr\P015_Watering\WaterWindow\Watering\FreeRTOS\Debug\libFreeRTOS.a(port.o)
 .debug_loc     0x00005636      0x428 D:\Tmp\avr\P015_Watering\WaterWindow\Watering\Uart\Debug\libUart.a(HardwareSerial.o)
 .debug_loc     0x00005a5e      0x217 D:\Tmp\avr\P015_Watering\WaterWindow\Watering\Uart\Debug\libUart.a(HardwareSerial0.o)
 .debug_loc     0x00005c75     0x148d D:\Tmp\avr\P015_Watering\WaterWindow\Watering\Uart\Debug\libUart.a(Print.o)
 .debug_loc     0x00007102      0xeb8 D:\Tmp\avr\P015_Watering\WaterWindow\Watering\Uart\Debug\libUart.a(Stream.o)

.debug_macinfo
 *(.debug_macinfo)

.debug_weaknames
 *(.debug_weaknames)

.debug_funcnames
 *(.debug_funcnames)

.debug_typenames
 *(.debug_typenames)

.debug_varnames
 *(.debug_varnames)

.debug_pubtypes
 *(.debug_pubtypes)

.debug_ranges   0x00000000      0x6b0
 *(.debug_ranges)
 .debug_ranges  0x00000000       0x18 global.o
 .debug_ranges  0x00000018       0x18 main.o
 .debug_ranges  0x00000030       0x28 clock.o
 .debug_ranges  0x00000058      0x158 task_command.o
 .debug_ranges  0x000001b0       0x20 task_watering.o
 .debug_ranges  0x000001d0       0x10 task_window.o
 .debug_ranges  0x000001e0       0xf0 D:\Tmp\avr\P015_Watering\WaterWindow\Watering\FreeRTOS\Debug\libFreeRTOS.a(queue.o)
 .debug_ranges  0x000002d0      0x190 D:\Tmp\avr\P015_Watering\WaterWindow\Watering\FreeRTOS\Debug\libFreeRTOS.a(tasks.o)
 .debug_ranges  0x00000460       0x28 D:\Tmp\avr\P015_Watering\WaterWindow\Watering\FreeRTOS\Debug\libFreeRTOS.a(heap_1.o)
 .debug_ranges  0x00000488       0x30 D:\Tmp\avr\P015_Watering\WaterWindow\Watering\FreeRTOS\Debug\libFreeRTOS.a(list.o)
 .debug_ranges  0x000004b8       0x38 D:\Tmp\avr\P015_Watering\WaterWindow\Watering\FreeRTOS\Debug\libFreeRTOS.a(port.o)
 .debug_ranges  0x000004f0       0x50 D:\Tmp\avr\P015_Watering\WaterWindow\Watering\Uart\Debug\libUart.a(HardwareSerial.o)
 .debug_ranges  0x00000540       0x40 D:\Tmp\avr\P015_Watering\WaterWindow\Watering\Uart\Debug\libUart.a(HardwareSerial0.o)
 .debug_ranges  0x00000580       0xd0 D:\Tmp\avr\P015_Watering\WaterWindow\Watering\Uart\Debug\libUart.a(Print.o)
 .debug_ranges  0x00000650       0x60 D:\Tmp\avr\P015_Watering\WaterWindow\Watering\Uart\Debug\libUart.a(Stream.o)

.debug_macro
 *(.debug_macro)
OUTPUT(Watering.elf elf32-avr)
LOAD linker stubs
