Archive member included to satisfy reference by file (symbol)

D:\Tmp\avr\P015_Watering\WaterWindow\Watering\FreeRTOS\Debug\libFreeRTOS.a(tasks.o)
                              main.o (xTaskCreate)
D:\Tmp\avr\P015_Watering\WaterWindow\Watering\FreeRTOS\Debug\libFreeRTOS.a(heap_1.o)
                              D:\Tmp\avr\P015_Watering\WaterWindow\Watering\FreeRTOS\Debug\libFreeRTOS.a(tasks.o) (pvPortMalloc)
D:\Tmp\avr\P015_Watering\WaterWindow\Watering\FreeRTOS\Debug\libFreeRTOS.a(list.o)
                              D:\Tmp\avr\P015_Watering\WaterWindow\Watering\FreeRTOS\Debug\libFreeRTOS.a(tasks.o) (vListInitialise)
D:\Tmp\avr\P015_Watering\WaterWindow\Watering\FreeRTOS\Debug\libFreeRTOS.a(port.o)
                              D:\Tmp\avr\P015_Watering\WaterWindow\Watering\FreeRTOS\Debug\libFreeRTOS.a(tasks.o) (pxPortInitialiseStack)
D:\Tmp\avr\P015_Watering\WaterWindow\Watering\Uart\Debug\libUart.a(HardwareSerial.o)
                              main.o (_ZN14HardwareSerial5beginEmh)
D:\Tmp\avr\P015_Watering\WaterWindow\Watering\Uart\Debug\libUart.a(HardwareSerial0.o)
                              main.o (Serial)
D:\Tmp\avr\P015_Watering\WaterWindow\Watering\Uart\Debug\libUart.a(Print.o)
                              D:\Tmp\avr\P015_Watering\WaterWindow\Watering\Uart\Debug\libUart.a(HardwareSerial.o) (_ZN5Print5writeEPKhj)
d:/soft/7.0/toolchain/avr8/avr8-gnu-toolchain/bin/../lib/gcc/avr/5.4.0/../../../../avr/lib/avr5\libm.a(addsf3.o)
                              D:\Tmp\avr\P015_Watering\WaterWindow\Watering\Uart\Debug\libUart.a(Print.o) (__subsf3)
d:/soft/7.0/toolchain/avr8/avr8-gnu-toolchain/bin/../lib/gcc/avr/5.4.0/../../../../avr/lib/avr5\libm.a(addsf3x.o)
                              d:/soft/7.0/toolchain/avr8/avr8-gnu-toolchain/bin/../lib/gcc/avr/5.4.0/../../../../avr/lib/avr5\libm.a(addsf3.o) (__addsf3x)
d:/soft/7.0/toolchain/avr8/avr8-gnu-toolchain/bin/../lib/gcc/avr/5.4.0/../../../../avr/lib/avr5\libm.a(cmpsf2.o)
                              D:\Tmp\avr\P015_Watering\WaterWindow\Watering\Uart\Debug\libUart.a(Print.o) (__ltsf2)
d:/soft/7.0/toolchain/avr8/avr8-gnu-toolchain/bin/../lib/gcc/avr/5.4.0/../../../../avr/lib/avr5\libm.a(divsf3.o)
                              D:\Tmp\avr\P015_Watering\WaterWindow\Watering\Uart\Debug\libUart.a(Print.o) (__divsf3)
d:/soft/7.0/toolchain/avr8/avr8-gnu-toolchain/bin/../lib/gcc/avr/5.4.0/../../../../avr/lib/avr5\libm.a(divsf3x.o)
                              d:/soft/7.0/toolchain/avr8/avr8-gnu-toolchain/bin/../lib/gcc/avr/5.4.0/../../../../avr/lib/avr5\libm.a(divsf3.o) (__divsf3x)
d:/soft/7.0/toolchain/avr8/avr8-gnu-toolchain/bin/../lib/gcc/avr/5.4.0/../../../../avr/lib/avr5\libm.a(fixunssfsi.o)
                              D:\Tmp\avr\P015_Watering\WaterWindow\Watering\Uart\Debug\libUart.a(Print.o) (__fixunssfsi)
d:/soft/7.0/toolchain/avr8/avr8-gnu-toolchain/bin/../lib/gcc/avr/5.4.0/../../../../avr/lib/avr5\libm.a(floatsisf.o)
                              D:\Tmp\avr\P015_Watering\WaterWindow\Watering\Uart\Debug\libUart.a(Print.o) (__floatunsisf)
d:/soft/7.0/toolchain/avr8/avr8-gnu-toolchain/bin/../lib/gcc/avr/5.4.0/../../../../avr/lib/avr5\libm.a(fp_cmp.o)
                              d:/soft/7.0/toolchain/avr8/avr8-gnu-toolchain/bin/../lib/gcc/avr/5.4.0/../../../../avr/lib/avr5\libm.a(cmpsf2.o) (__fp_cmp)
d:/soft/7.0/toolchain/avr8/avr8-gnu-toolchain/bin/../lib/gcc/avr/5.4.0/../../../../avr/lib/avr5\libm.a(fp_inf.o)
                              d:/soft/7.0/toolchain/avr8/avr8-gnu-toolchain/bin/../lib/gcc/avr/5.4.0/../../../../avr/lib/avr5\libm.a(addsf3x.o) (__fp_inf)
d:/soft/7.0/toolchain/avr8/avr8-gnu-toolchain/bin/../lib/gcc/avr/5.4.0/../../../../avr/lib/avr5\libm.a(fp_nan.o)
                              d:/soft/7.0/toolchain/avr8/avr8-gnu-toolchain/bin/../lib/gcc/avr/5.4.0/../../../../avr/lib/avr5\libm.a(addsf3x.o) (__fp_nan)
d:/soft/7.0/toolchain/avr8/avr8-gnu-toolchain/bin/../lib/gcc/avr/5.4.0/../../../../avr/lib/avr5\libm.a(fp_pscA.o)
                              d:/soft/7.0/toolchain/avr8/avr8-gnu-toolchain/bin/../lib/gcc/avr/5.4.0/../../../../avr/lib/avr5\libm.a(addsf3x.o) (__fp_pscA)
d:/soft/7.0/toolchain/avr8/avr8-gnu-toolchain/bin/../lib/gcc/avr/5.4.0/../../../../avr/lib/avr5\libm.a(fp_pscB.o)
                              d:/soft/7.0/toolchain/avr8/avr8-gnu-toolchain/bin/../lib/gcc/avr/5.4.0/../../../../avr/lib/avr5\libm.a(addsf3x.o) (__fp_pscB)
d:/soft/7.0/toolchain/avr8/avr8-gnu-toolchain/bin/../lib/gcc/avr/5.4.0/../../../../avr/lib/avr5\libm.a(fp_round.o)
                              d:/soft/7.0/toolchain/avr8/avr8-gnu-toolchain/bin/../lib/gcc/avr/5.4.0/../../../../avr/lib/avr5\libm.a(addsf3.o) (__fp_round)
d:/soft/7.0/toolchain/avr8/avr8-gnu-toolchain/bin/../lib/gcc/avr/5.4.0/../../../../avr/lib/avr5\libm.a(fp_split3.o)
                              d:/soft/7.0/toolchain/avr8/avr8-gnu-toolchain/bin/../lib/gcc/avr/5.4.0/../../../../avr/lib/avr5\libm.a(addsf3x.o) (__fp_split3)
d:/soft/7.0/toolchain/avr8/avr8-gnu-toolchain/bin/../lib/gcc/avr/5.4.0/../../../../avr/lib/avr5\libm.a(fp_zero.o)
                              d:/soft/7.0/toolchain/avr8/avr8-gnu-toolchain/bin/../lib/gcc/avr/5.4.0/../../../../avr/lib/avr5\libm.a(addsf3x.o) (__fp_zero)
d:/soft/7.0/toolchain/avr8/avr8-gnu-toolchain/bin/../lib/gcc/avr/5.4.0/../../../../avr/lib/avr5\libm.a(gesf2.o)
                              D:\Tmp\avr\P015_Watering\WaterWindow\Watering\Uart\Debug\libUart.a(Print.o) (__gtsf2)
d:/soft/7.0/toolchain/avr8/avr8-gnu-toolchain/bin/../lib/gcc/avr/5.4.0/../../../../avr/lib/avr5\libm.a(mulsf3.o)
                              D:\Tmp\avr\P015_Watering\WaterWindow\Watering\Uart\Debug\libUart.a(Print.o) (__mulsf3)
d:/soft/7.0/toolchain/avr8/avr8-gnu-toolchain/bin/../lib/gcc/avr/5.4.0/../../../../avr/lib/avr5\libm.a(mulsf3x.o)
                              d:/soft/7.0/toolchain/avr8/avr8-gnu-toolchain/bin/../lib/gcc/avr/5.4.0/../../../../avr/lib/avr5\libm.a(mulsf3.o) (__mulsf3x)
d:/soft/7.0/toolchain/avr8/avr8-gnu-toolchain/bin/../lib/gcc/avr/5.4.0/../../../../avr/lib/avr5\libm.a(unordsf2.o)
                              D:\Tmp\avr\P015_Watering\WaterWindow\Watering\Uart\Debug\libUart.a(Print.o) (__unordsf2)
d:/soft/7.0/toolchain/avr8/avr8-gnu-toolchain/bin/../lib/gcc/avr/5.4.0/avr5\libgcc.a(_udivmodsi4.o)
                              D:\Tmp\avr\P015_Watering\WaterWindow\Watering\Uart\Debug\libUart.a(HardwareSerial.o) (__udivmodsi4)
d:/soft/7.0/toolchain/avr8/avr8-gnu-toolchain/bin/../lib/gcc/avr/5.4.0/avr5\libgcc.a(_exit.o)
                              D:/Soft/7.0/Packs/atmel/ATmega_DFP/1.7.374/gcc/dev/atmega328p/avr5/crtatmega328p.o (exit)
d:/soft/7.0/toolchain/avr8/avr8-gnu-toolchain/bin/../lib/gcc/avr/5.4.0/avr5\libgcc.a(_copy_data.o)
                              main.o (__do_copy_data)
d:/soft/7.0/toolchain/avr8/avr8-gnu-toolchain/bin/../lib/gcc/avr/5.4.0/avr5\libgcc.a(_clear_bss.o)
                              D:\Tmp\avr\P015_Watering\WaterWindow\Watering\FreeRTOS\Debug\libFreeRTOS.a(tasks.o) (__do_clear_bss)
d:/soft/7.0/toolchain/avr8/avr8-gnu-toolchain/bin/../lib/gcc/avr/5.4.0/avr5\libgcc.a(_ctors.o)
                              D:\Tmp\avr\P015_Watering\WaterWindow\Watering\Uart\Debug\libUart.a(HardwareSerial0.o) (__do_global_ctors)
d:/soft/7.0/toolchain/avr8/avr8-gnu-toolchain/bin/../lib/gcc/avr/5.4.0/avr5\libgcc.a(_tablejump2.o)
                              d:/soft/7.0/toolchain/avr8/avr8-gnu-toolchain/bin/../lib/gcc/avr/5.4.0/avr5\libgcc.a(_ctors.o) (__tablejump2__)

Discarded input sections

 .data          0x00000000        0x0 D:/Soft/7.0/Packs/atmel/ATmega_DFP/1.7.374/gcc/dev/atmega328p/avr5/crtatmega328p.o
 .bss           0x00000000        0x0 D:/Soft/7.0/Packs/atmel/ATmega_DFP/1.7.374/gcc/dev/atmega328p/avr5/crtatmega328p.o
 .group         0x00000000        0x8 main.o
 .text          0x00000000        0x0 main.o
 .data          0x00000000        0x0 main.o
 .bss           0x00000000        0x0 main.o
 .text          0x00000000        0x0 D:\Tmp\avr\P015_Watering\WaterWindow\Watering\FreeRTOS\Debug\libFreeRTOS.a(tasks.o)
 .data          0x00000000        0x0 D:\Tmp\avr\P015_Watering\WaterWindow\Watering\FreeRTOS\Debug\libFreeRTOS.a(tasks.o)
 .bss           0x00000000        0x0 D:\Tmp\avr\P015_Watering\WaterWindow\Watering\FreeRTOS\Debug\libFreeRTOS.a(tasks.o)
 .text.vTaskDelete
                0x00000000       0xaa D:\Tmp\avr\P015_Watering\WaterWindow\Watering\FreeRTOS\Debug\libFreeRTOS.a(tasks.o)
 .text.vTaskResume
                0x00000000       0x9e D:\Tmp\avr\P015_Watering\WaterWindow\Watering\FreeRTOS\Debug\libFreeRTOS.a(tasks.o)
 .text.xTaskResumeFromISR
                0x00000000       0xae D:\Tmp\avr\P015_Watering\WaterWindow\Watering\FreeRTOS\Debug\libFreeRTOS.a(tasks.o)
 .text.vTaskEndScheduler
                0x00000000        0xc D:\Tmp\avr\P015_Watering\WaterWindow\Watering\FreeRTOS\Debug\libFreeRTOS.a(tasks.o)
 .text.xTaskGetTickCountFromISR
                0x00000000        0xa D:\Tmp\avr\P015_Watering\WaterWindow\Watering\FreeRTOS\Debug\libFreeRTOS.a(tasks.o)
 .text.uxTaskGetNumberOfTasks
                0x00000000        0x6 D:\Tmp\avr\P015_Watering\WaterWindow\Watering\FreeRTOS\Debug\libFreeRTOS.a(tasks.o)
 .text.pcTaskGetName
                0x00000000       0x10 D:\Tmp\avr\P015_Watering\WaterWindow\Watering\FreeRTOS\Debug\libFreeRTOS.a(tasks.o)
 .text.vTaskDelay
                0x00000000       0x28 D:\Tmp\avr\P015_Watering\WaterWindow\Watering\FreeRTOS\Debug\libFreeRTOS.a(tasks.o)
 .text.vTaskSuspend
                0x00000000       0x9c D:\Tmp\avr\P015_Watering\WaterWindow\Watering\FreeRTOS\Debug\libFreeRTOS.a(tasks.o)
 .text.vTaskPlaceOnEventList
                0x00000000       0x24 D:\Tmp\avr\P015_Watering\WaterWindow\Watering\FreeRTOS\Debug\libFreeRTOS.a(tasks.o)
 .text.vTaskPlaceOnUnorderedEventList
                0x00000000       0x32 D:\Tmp\avr\P015_Watering\WaterWindow\Watering\FreeRTOS\Debug\libFreeRTOS.a(tasks.o)
 .text.xTaskRemoveFromEventList
                0x00000000       0x90 D:\Tmp\avr\P015_Watering\WaterWindow\Watering\FreeRTOS\Debug\libFreeRTOS.a(tasks.o)
 .text.xTaskRemoveFromUnorderedEventList
                0x00000000       0x74 D:\Tmp\avr\P015_Watering\WaterWindow\Watering\FreeRTOS\Debug\libFreeRTOS.a(tasks.o)
 .text.vTaskSetTimeOutState
                0x00000000       0x16 D:\Tmp\avr\P015_Watering\WaterWindow\Watering\FreeRTOS\Debug\libFreeRTOS.a(tasks.o)
 .text.xTaskCheckForTimeOut
                0x00000000       0x72 D:\Tmp\avr\P015_Watering\WaterWindow\Watering\FreeRTOS\Debug\libFreeRTOS.a(tasks.o)
 .text.vTaskMissedYield
                0x00000000        0x8 D:\Tmp\avr\P015_Watering\WaterWindow\Watering\FreeRTOS\Debug\libFreeRTOS.a(tasks.o)
 .text.uxTaskResetEventItemValue
                0x00000000       0x2e D:\Tmp\avr\P015_Watering\WaterWindow\Watering\FreeRTOS\Debug\libFreeRTOS.a(tasks.o)
 .text.ulTaskNotifyTake
                0x00000000       0xae D:\Tmp\avr\P015_Watering\WaterWindow\Watering\FreeRTOS\Debug\libFreeRTOS.a(tasks.o)
 .text.xTaskNotifyWait
                0x00000000      0x108 D:\Tmp\avr\P015_Watering\WaterWindow\Watering\FreeRTOS\Debug\libFreeRTOS.a(tasks.o)
 .text.xTaskGenericNotify
                0x00000000       0xfc D:\Tmp\avr\P015_Watering\WaterWindow\Watering\FreeRTOS\Debug\libFreeRTOS.a(tasks.o)
 .text.xTaskGenericNotifyFromISR
                0x00000000      0x122 D:\Tmp\avr\P015_Watering\WaterWindow\Watering\FreeRTOS\Debug\libFreeRTOS.a(tasks.o)
 .text.vTaskNotifyGiveFromISR
                0x00000000       0xb6 D:\Tmp\avr\P015_Watering\WaterWindow\Watering\FreeRTOS\Debug\libFreeRTOS.a(tasks.o)
 .text.xTaskNotifyStateClear
                0x00000000       0x28 D:\Tmp\avr\P015_Watering\WaterWindow\Watering\FreeRTOS\Debug\libFreeRTOS.a(tasks.o)
 .text          0x00000000        0x0 D:\Tmp\avr\P015_Watering\WaterWindow\Watering\FreeRTOS\Debug\libFreeRTOS.a(heap_1.o)
 .data          0x00000000        0x0 D:\Tmp\avr\P015_Watering\WaterWindow\Watering\FreeRTOS\Debug\libFreeRTOS.a(heap_1.o)
 .bss           0x00000000        0x0 D:\Tmp\avr\P015_Watering\WaterWindow\Watering\FreeRTOS\Debug\libFreeRTOS.a(heap_1.o)
 .text.vPortInitialiseBlocks
                0x00000000        0xa D:\Tmp\avr\P015_Watering\WaterWindow\Watering\FreeRTOS\Debug\libFreeRTOS.a(heap_1.o)
 .text.xPortGetFreeHeapSize
                0x00000000       0x12 D:\Tmp\avr\P015_Watering\WaterWindow\Watering\FreeRTOS\Debug\libFreeRTOS.a(heap_1.o)
 .text          0x00000000        0x0 D:\Tmp\avr\P015_Watering\WaterWindow\Watering\FreeRTOS\Debug\libFreeRTOS.a(list.o)
 .data          0x00000000        0x0 D:\Tmp\avr\P015_Watering\WaterWindow\Watering\FreeRTOS\Debug\libFreeRTOS.a(list.o)
 .bss           0x00000000        0x0 D:\Tmp\avr\P015_Watering\WaterWindow\Watering\FreeRTOS\Debug\libFreeRTOS.a(list.o)
 .text          0x00000000        0x0 D:\Tmp\avr\P015_Watering\WaterWindow\Watering\FreeRTOS\Debug\libFreeRTOS.a(port.o)
 .data          0x00000000        0x0 D:\Tmp\avr\P015_Watering\WaterWindow\Watering\FreeRTOS\Debug\libFreeRTOS.a(port.o)
 .bss           0x00000000        0x0 D:\Tmp\avr\P015_Watering\WaterWindow\Watering\FreeRTOS\Debug\libFreeRTOS.a(port.o)
 .text.vPortEndScheduler
                0x00000000        0x2 D:\Tmp\avr\P015_Watering\WaterWindow\Watering\FreeRTOS\Debug\libFreeRTOS.a(port.o)
 .group         0x00000000        0x8 D:\Tmp\avr\P015_Watering\WaterWindow\Watering\Uart\Debug\libUart.a(HardwareSerial.o)
 .text          0x00000000        0x0 D:\Tmp\avr\P015_Watering\WaterWindow\Watering\Uart\Debug\libUart.a(HardwareSerial.o)
 .data          0x00000000        0x0 D:\Tmp\avr\P015_Watering\WaterWindow\Watering\Uart\Debug\libUart.a(HardwareSerial.o)
 .bss           0x00000000        0x0 D:\Tmp\avr\P015_Watering\WaterWindow\Watering\Uart\Debug\libUart.a(HardwareSerial.o)
 .text._Z14serialEventRunv
                0x00000000       0x24 D:\Tmp\avr\P015_Watering\WaterWindow\Watering\Uart\Debug\libUart.a(HardwareSerial.o)
 .text._ZN14HardwareSerial3endEv
                0x00000000       0x44 D:\Tmp\avr\P015_Watering\WaterWindow\Watering\Uart\Debug\libUart.a(HardwareSerial.o)
 .group         0x00000000        0x8 D:\Tmp\avr\P015_Watering\WaterWindow\Watering\Uart\Debug\libUart.a(HardwareSerial0.o)
 .group         0x00000000        0x8 D:\Tmp\avr\P015_Watering\WaterWindow\Watering\Uart\Debug\libUart.a(HardwareSerial0.o)
 .group         0x00000000        0x8 D:\Tmp\avr\P015_Watering\WaterWindow\Watering\Uart\Debug\libUart.a(HardwareSerial0.o)
 .text          0x00000000        0x0 D:\Tmp\avr\P015_Watering\WaterWindow\Watering\Uart\Debug\libUart.a(HardwareSerial0.o)
 .data          0x00000000        0x0 D:\Tmp\avr\P015_Watering\WaterWindow\Watering\Uart\Debug\libUart.a(HardwareSerial0.o)
 .bss           0x00000000        0x0 D:\Tmp\avr\P015_Watering\WaterWindow\Watering\Uart\Debug\libUart.a(HardwareSerial0.o)
 .text._ZN5Print17availableForWriteEv
                0x00000000        0x6 D:\Tmp\avr\P015_Watering\WaterWindow\Watering\Uart\Debug\libUart.a(HardwareSerial0.o)
 .text._ZN5Print5flushEv
                0x00000000        0x2 D:\Tmp\avr\P015_Watering\WaterWindow\Watering\Uart\Debug\libUart.a(HardwareSerial0.o)
 .text._Z17Serial0_availablev
                0x00000000       0x14 D:\Tmp\avr\P015_Watering\WaterWindow\Watering\Uart\Debug\libUart.a(HardwareSerial0.o)
 .rodata._ZTV6Stream
                0x00000000       0x12 D:\Tmp\avr\P015_Watering\WaterWindow\Watering\Uart\Debug\libUart.a(HardwareSerial0.o)
 .group         0x00000000        0x8 D:\Tmp\avr\P015_Watering\WaterWindow\Watering\Uart\Debug\libUart.a(Print.o)
 .group         0x00000000        0x8 D:\Tmp\avr\P015_Watering\WaterWindow\Watering\Uart\Debug\libUart.a(Print.o)
 .group         0x00000000        0x8 D:\Tmp\avr\P015_Watering\WaterWindow\Watering\Uart\Debug\libUart.a(Print.o)
 .text          0x00000000        0x0 D:\Tmp\avr\P015_Watering\WaterWindow\Watering\Uart\Debug\libUart.a(Print.o)
 .data          0x00000000        0x0 D:\Tmp\avr\P015_Watering\WaterWindow\Watering\Uart\Debug\libUart.a(Print.o)
 .bss           0x00000000        0x0 D:\Tmp\avr\P015_Watering\WaterWindow\Watering\Uart\Debug\libUart.a(Print.o)
 .text._ZN5Print17availableForWriteEv
                0x00000000        0x6 D:\Tmp\avr\P015_Watering\WaterWindow\Watering\Uart\Debug\libUart.a(Print.o)
 .text._ZN5Print5flushEv
                0x00000000        0x2 D:\Tmp\avr\P015_Watering\WaterWindow\Watering\Uart\Debug\libUart.a(Print.o)
 .text._ZN5Print5printEPKc
                0x00000000       0x2c D:\Tmp\avr\P015_Watering\WaterWindow\Watering\Uart\Debug\libUart.a(Print.o)
 .text._ZN5Print7printlnEPKc
                0x00000000       0x24 D:\Tmp\avr\P015_Watering\WaterWindow\Watering\Uart\Debug\libUart.a(Print.o)
 .text._ZN5Print11printNumberEmh
                0x00000000       0xcc D:\Tmp\avr\P015_Watering\WaterWindow\Watering\Uart\Debug\libUart.a(Print.o)
 .text._ZN5Print5printEli
                0x00000000       0x78 D:\Tmp\avr\P015_Watering\WaterWindow\Watering\Uart\Debug\libUart.a(Print.o)
 .text._ZN5Print5printEii
                0x00000000       0x10 D:\Tmp\avr\P015_Watering\WaterWindow\Watering\Uart\Debug\libUart.a(Print.o)
 .text._ZN5Print7printlnEii
                0x00000000       0x24 D:\Tmp\avr\P015_Watering\WaterWindow\Watering\Uart\Debug\libUart.a(Print.o)
 .text._ZN5Print7printlnEli
                0x00000000       0x24 D:\Tmp\avr\P015_Watering\WaterWindow\Watering\Uart\Debug\libUart.a(Print.o)
 .text._ZN5Print5printEmi
                0x00000000       0x1e D:\Tmp\avr\P015_Watering\WaterWindow\Watering\Uart\Debug\libUart.a(Print.o)
 .text._ZN5Print5printEhi
                0x00000000       0x10 D:\Tmp\avr\P015_Watering\WaterWindow\Watering\Uart\Debug\libUart.a(Print.o)
 .text._ZN5Print7printlnEhi
                0x00000000       0x24 D:\Tmp\avr\P015_Watering\WaterWindow\Watering\Uart\Debug\libUart.a(Print.o)
 .text._ZN5Print5printEji
                0x00000000        0xe D:\Tmp\avr\P015_Watering\WaterWindow\Watering\Uart\Debug\libUart.a(Print.o)
 .text._ZN5Print7printlnEji
                0x00000000       0x24 D:\Tmp\avr\P015_Watering\WaterWindow\Watering\Uart\Debug\libUart.a(Print.o)
 .text._ZN5Print7printlnEmi
                0x00000000       0x24 D:\Tmp\avr\P015_Watering\WaterWindow\Watering\Uart\Debug\libUart.a(Print.o)
 .text._ZN5Print10printFloatEdh
                0x00000000      0x1d0 D:\Tmp\avr\P015_Watering\WaterWindow\Watering\Uart\Debug\libUart.a(Print.o)
 .text._ZN5Print5printEdi
                0x00000000        0x6 D:\Tmp\avr\P015_Watering\WaterWindow\Watering\Uart\Debug\libUart.a(Print.o)
 .text._ZN5Print7printlnEdi
                0x00000000       0x24 D:\Tmp\avr\P015_Watering\WaterWindow\Watering\Uart\Debug\libUart.a(Print.o)
 .rodata._ZTV5Print
                0x00000000        0xc D:\Tmp\avr\P015_Watering\WaterWindow\Watering\Uart\Debug\libUart.a(Print.o)
 .text          0x00000000        0x0 d:/soft/7.0/toolchain/avr8/avr8-gnu-toolchain/bin/../lib/gcc/avr/5.4.0/../../../../avr/lib/avr5\libm.a(addsf3.o)
 .data          0x00000000        0x0 d:/soft/7.0/toolchain/avr8/avr8-gnu-toolchain/bin/../lib/gcc/avr/5.4.0/../../../../avr/lib/avr5\libm.a(addsf3.o)
 .bss           0x00000000        0x0 d:/soft/7.0/toolchain/avr8/avr8-gnu-toolchain/bin/../lib/gcc/avr/5.4.0/../../../../avr/lib/avr5\libm.a(addsf3.o)
 .text.avr-libc.fplib
                0x00000000        0xe d:/soft/7.0/toolchain/avr8/avr8-gnu-toolchain/bin/../lib/gcc/avr/5.4.0/../../../../avr/lib/avr5\libm.a(addsf3.o)
 .text          0x00000000        0x0 d:/soft/7.0/toolchain/avr8/avr8-gnu-toolchain/bin/../lib/gcc/avr/5.4.0/../../../../avr/lib/avr5\libm.a(addsf3x.o)
 .data          0x00000000        0x0 d:/soft/7.0/toolchain/avr8/avr8-gnu-toolchain/bin/../lib/gcc/avr/5.4.0/../../../../avr/lib/avr5\libm.a(addsf3x.o)
 .bss           0x00000000        0x0 d:/soft/7.0/toolchain/avr8/avr8-gnu-toolchain/bin/../lib/gcc/avr/5.4.0/../../../../avr/lib/avr5\libm.a(addsf3x.o)
 .text.avr-libc.fplib
                0x00000000       0xcc d:/soft/7.0/toolchain/avr8/avr8-gnu-toolchain/bin/../lib/gcc/avr/5.4.0/../../../../avr/lib/avr5\libm.a(addsf3x.o)
 .text          0x00000000        0x0 d:/soft/7.0/toolchain/avr8/avr8-gnu-toolchain/bin/../lib/gcc/avr/5.4.0/../../../../avr/lib/avr5\libm.a(cmpsf2.o)
 .data          0x00000000        0x0 d:/soft/7.0/toolchain/avr8/avr8-gnu-toolchain/bin/../lib/gcc/avr/5.4.0/../../../../avr/lib/avr5\libm.a(cmpsf2.o)
 .bss           0x00000000        0x0 d:/soft/7.0/toolchain/avr8/avr8-gnu-toolchain/bin/../lib/gcc/avr/5.4.0/../../../../avr/lib/avr5\libm.a(cmpsf2.o)
 .text.avr-libc.fplib
                0x00000000        0xa d:/soft/7.0/toolchain/avr8/avr8-gnu-toolchain/bin/../lib/gcc/avr/5.4.0/../../../../avr/lib/avr5\libm.a(cmpsf2.o)
 .text          0x00000000        0x0 d:/soft/7.0/toolchain/avr8/avr8-gnu-toolchain/bin/../lib/gcc/avr/5.4.0/../../../../avr/lib/avr5\libm.a(divsf3.o)
 .data          0x00000000        0x0 d:/soft/7.0/toolchain/avr8/avr8-gnu-toolchain/bin/../lib/gcc/avr/5.4.0/../../../../avr/lib/avr5\libm.a(divsf3.o)
 .bss           0x00000000        0x0 d:/soft/7.0/toolchain/avr8/avr8-gnu-toolchain/bin/../lib/gcc/avr/5.4.0/../../../../avr/lib/avr5\libm.a(divsf3.o)
 .text.avr-libc.fplib
                0x00000000        0x8 d:/soft/7.0/toolchain/avr8/avr8-gnu-toolchain/bin/../lib/gcc/avr/5.4.0/../../../../avr/lib/avr5\libm.a(divsf3.o)
 .text          0x00000000        0x0 d:/soft/7.0/toolchain/avr8/avr8-gnu-toolchain/bin/../lib/gcc/avr/5.4.0/../../../../avr/lib/avr5\libm.a(divsf3x.o)
 .data          0x00000000        0x0 d:/soft/7.0/toolchain/avr8/avr8-gnu-toolchain/bin/../lib/gcc/avr/5.4.0/../../../../avr/lib/avr5\libm.a(divsf3x.o)
 .bss           0x00000000        0x0 d:/soft/7.0/toolchain/avr8/avr8-gnu-toolchain/bin/../lib/gcc/avr/5.4.0/../../../../avr/lib/avr5\libm.a(divsf3x.o)
 .text.avr-libc.fplib
                0x00000000       0xdc d:/soft/7.0/toolchain/avr8/avr8-gnu-toolchain/bin/../lib/gcc/avr/5.4.0/../../../../avr/lib/avr5\libm.a(divsf3x.o)
 .text          0x00000000        0x0 d:/soft/7.0/toolchain/avr8/avr8-gnu-toolchain/bin/../lib/gcc/avr/5.4.0/../../../../avr/lib/avr5\libm.a(fixunssfsi.o)
 .data          0x00000000        0x0 d:/soft/7.0/toolchain/avr8/avr8-gnu-toolchain/bin/../lib/gcc/avr/5.4.0/../../../../avr/lib/avr5\libm.a(fixunssfsi.o)
 .bss           0x00000000        0x0 d:/soft/7.0/toolchain/avr8/avr8-gnu-toolchain/bin/../lib/gcc/avr/5.4.0/../../../../avr/lib/avr5\libm.a(fixunssfsi.o)
 .text.avr-libc.fplib
                0x00000000       0x5e d:/soft/7.0/toolchain/avr8/avr8-gnu-toolchain/bin/../lib/gcc/avr/5.4.0/../../../../avr/lib/avr5\libm.a(fixunssfsi.o)
 .text          0x00000000        0x0 d:/soft/7.0/toolchain/avr8/avr8-gnu-toolchain/bin/../lib/gcc/avr/5.4.0/../../../../avr/lib/avr5\libm.a(floatsisf.o)
 .data          0x00000000        0x0 d:/soft/7.0/toolchain/avr8/avr8-gnu-toolchain/bin/../lib/gcc/avr/5.4.0/../../../../avr/lib/avr5\libm.a(floatsisf.o)
 .bss           0x00000000        0x0 d:/soft/7.0/toolchain/avr8/avr8-gnu-toolchain/bin/../lib/gcc/avr/5.4.0/../../../../avr/lib/avr5\libm.a(floatsisf.o)
 .text.avr-libc.fplib
                0x00000000       0x7a d:/soft/7.0/toolchain/avr8/avr8-gnu-toolchain/bin/../lib/gcc/avr/5.4.0/../../../../avr/lib/avr5\libm.a(floatsisf.o)
 .text          0x00000000        0x0 d:/soft/7.0/toolchain/avr8/avr8-gnu-toolchain/bin/../lib/gcc/avr/5.4.0/../../../../avr/lib/avr5\libm.a(fp_cmp.o)
 .data          0x00000000        0x0 d:/soft/7.0/toolchain/avr8/avr8-gnu-toolchain/bin/../lib/gcc/avr/5.4.0/../../../../avr/lib/avr5\libm.a(fp_cmp.o)
 .bss           0x00000000        0x0 d:/soft/7.0/toolchain/avr8/avr8-gnu-toolchain/bin/../lib/gcc/avr/5.4.0/../../../../avr/lib/avr5\libm.a(fp_cmp.o)
 .text.avr-libc.fplib
                0x00000000       0x48 d:/soft/7.0/toolchain/avr8/avr8-gnu-toolchain/bin/../lib/gcc/avr/5.4.0/../../../../avr/lib/avr5\libm.a(fp_cmp.o)
 .text          0x00000000        0x0 d:/soft/7.0/toolchain/avr8/avr8-gnu-toolchain/bin/../lib/gcc/avr/5.4.0/../../../../avr/lib/avr5\libm.a(fp_inf.o)
 .data          0x00000000        0x0 d:/soft/7.0/toolchain/avr8/avr8-gnu-toolchain/bin/../lib/gcc/avr/5.4.0/../../../../avr/lib/avr5\libm.a(fp_inf.o)
 .bss           0x00000000        0x0 d:/soft/7.0/toolchain/avr8/avr8-gnu-toolchain/bin/../lib/gcc/avr/5.4.0/../../../../avr/lib/avr5\libm.a(fp_inf.o)
 .text.avr-libc.fplib
                0x00000000        0xc d:/soft/7.0/toolchain/avr8/avr8-gnu-toolchain/bin/../lib/gcc/avr/5.4.0/../../../../avr/lib/avr5\libm.a(fp_inf.o)
 .text          0x00000000        0x0 d:/soft/7.0/toolchain/avr8/avr8-gnu-toolchain/bin/../lib/gcc/avr/5.4.0/../../../../avr/lib/avr5\libm.a(fp_nan.o)
 .data          0x00000000        0x0 d:/soft/7.0/toolchain/avr8/avr8-gnu-toolchain/bin/../lib/gcc/avr/5.4.0/../../../../avr/lib/avr5\libm.a(fp_nan.o)
 .bss           0x00000000        0x0 d:/soft/7.0/toolchain/avr8/avr8-gnu-toolchain/bin/../lib/gcc/avr/5.4.0/../../../../avr/lib/avr5\libm.a(fp_nan.o)
 .text.avr-libc.fplib
                0x00000000        0x6 d:/soft/7.0/toolchain/avr8/avr8-gnu-toolchain/bin/../lib/gcc/avr/5.4.0/../../../../avr/lib/avr5\libm.a(fp_nan.o)
 .text          0x00000000        0x0 d:/soft/7.0/toolchain/avr8/avr8-gnu-toolchain/bin/../lib/gcc/avr/5.4.0/../../../../avr/lib/avr5\libm.a(fp_pscA.o)
 .data          0x00000000        0x0 d:/soft/7.0/toolchain/avr8/avr8-gnu-toolchain/bin/../lib/gcc/avr/5.4.0/../../../../avr/lib/avr5\libm.a(fp_pscA.o)
 .bss           0x00000000        0x0 d:/soft/7.0/toolchain/avr8/avr8-gnu-toolchain/bin/../lib/gcc/avr/5.4.0/../../../../avr/lib/avr5\libm.a(fp_pscA.o)
 .text.avr-libc.fplib
                0x00000000        0xe d:/soft/7.0/toolchain/avr8/avr8-gnu-toolchain/bin/../lib/gcc/avr/5.4.0/../../../../avr/lib/avr5\libm.a(fp_pscA.o)
 .text          0x00000000        0x0 d:/soft/7.0/toolchain/avr8/avr8-gnu-toolchain/bin/../lib/gcc/avr/5.4.0/../../../../avr/lib/avr5\libm.a(fp_pscB.o)
 .data          0x00000000        0x0 d:/soft/7.0/toolchain/avr8/avr8-gnu-toolchain/bin/../lib/gcc/avr/5.4.0/../../../../avr/lib/avr5\libm.a(fp_pscB.o)
 .bss           0x00000000        0x0 d:/soft/7.0/toolchain/avr8/avr8-gnu-toolchain/bin/../lib/gcc/avr/5.4.0/../../../../avr/lib/avr5\libm.a(fp_pscB.o)
 .text.avr-libc.fplib
                0x00000000        0xe d:/soft/7.0/toolchain/avr8/avr8-gnu-toolchain/bin/../lib/gcc/avr/5.4.0/../../../../avr/lib/avr5\libm.a(fp_pscB.o)
 .text          0x00000000        0x0 d:/soft/7.0/toolchain/avr8/avr8-gnu-toolchain/bin/../lib/gcc/avr/5.4.0/../../../../avr/lib/avr5\libm.a(fp_round.o)
 .data          0x00000000        0x0 d:/soft/7.0/toolchain/avr8/avr8-gnu-toolchain/bin/../lib/gcc/avr/5.4.0/../../../../avr/lib/avr5\libm.a(fp_round.o)
 .bss           0x00000000        0x0 d:/soft/7.0/toolchain/avr8/avr8-gnu-toolchain/bin/../lib/gcc/avr/5.4.0/../../../../avr/lib/avr5\libm.a(fp_round.o)
 .text.avr-libc.fplib
                0x00000000       0x22 d:/soft/7.0/toolchain/avr8/avr8-gnu-toolchain/bin/../lib/gcc/avr/5.4.0/../../../../avr/lib/avr5\libm.a(fp_round.o)
 .text          0x00000000        0x0 d:/soft/7.0/toolchain/avr8/avr8-gnu-toolchain/bin/../lib/gcc/avr/5.4.0/../../../../avr/lib/avr5\libm.a(fp_split3.o)
 .data          0x00000000        0x0 d:/soft/7.0/toolchain/avr8/avr8-gnu-toolchain/bin/../lib/gcc/avr/5.4.0/../../../../avr/lib/avr5\libm.a(fp_split3.o)
 .bss           0x00000000        0x0 d:/soft/7.0/toolchain/avr8/avr8-gnu-toolchain/bin/../lib/gcc/avr/5.4.0/../../../../avr/lib/avr5\libm.a(fp_split3.o)
 .text.avr-libc.fplib
                0x00000000       0x44 d:/soft/7.0/toolchain/avr8/avr8-gnu-toolchain/bin/../lib/gcc/avr/5.4.0/../../../../avr/lib/avr5\libm.a(fp_split3.o)
 .text          0x00000000        0x0 d:/soft/7.0/toolchain/avr8/avr8-gnu-toolchain/bin/../lib/gcc/avr/5.4.0/../../../../avr/lib/avr5\libm.a(fp_zero.o)
 .data          0x00000000        0x0 d:/soft/7.0/toolchain/avr8/avr8-gnu-toolchain/bin/../lib/gcc/avr/5.4.0/../../../../avr/lib/avr5\libm.a(fp_zero.o)
 .bss           0x00000000        0x0 d:/soft/7.0/toolchain/avr8/avr8-gnu-toolchain/bin/../lib/gcc/avr/5.4.0/../../../../avr/lib/avr5\libm.a(fp_zero.o)
 .text.avr-libc.fplib
                0x00000000        0xe d:/soft/7.0/toolchain/avr8/avr8-gnu-toolchain/bin/../lib/gcc/avr/5.4.0/../../../../avr/lib/avr5\libm.a(fp_zero.o)
 .text          0x00000000        0x0 d:/soft/7.0/toolchain/avr8/avr8-gnu-toolchain/bin/../lib/gcc/avr/5.4.0/../../../../avr/lib/avr5\libm.a(gesf2.o)
 .data          0x00000000        0x0 d:/soft/7.0/toolchain/avr8/avr8-gnu-toolchain/bin/../lib/gcc/avr/5.4.0/../../../../avr/lib/avr5\libm.a(gesf2.o)
 .bss           0x00000000        0x0 d:/soft/7.0/toolchain/avr8/avr8-gnu-toolchain/bin/../lib/gcc/avr/5.4.0/../../../../avr/lib/avr5\libm.a(gesf2.o)
 .text.avr-libc.fplib
                0x00000000        0xa d:/soft/7.0/toolchain/avr8/avr8-gnu-toolchain/bin/../lib/gcc/avr/5.4.0/../../../../avr/lib/avr5\libm.a(gesf2.o)
 .text          0x00000000        0x0 d:/soft/7.0/toolchain/avr8/avr8-gnu-toolchain/bin/../lib/gcc/avr/5.4.0/../../../../avr/lib/avr5\libm.a(mulsf3.o)
 .data          0x00000000        0x0 d:/soft/7.0/toolchain/avr8/avr8-gnu-toolchain/bin/../lib/gcc/avr/5.4.0/../../../../avr/lib/avr5\libm.a(mulsf3.o)
 .bss           0x00000000        0x0 d:/soft/7.0/toolchain/avr8/avr8-gnu-toolchain/bin/../lib/gcc/avr/5.4.0/../../../../avr/lib/avr5\libm.a(mulsf3.o)
 .text.avr-libc.fplib
                0x00000000        0x8 d:/soft/7.0/toolchain/avr8/avr8-gnu-toolchain/bin/../lib/gcc/avr/5.4.0/../../../../avr/lib/avr5\libm.a(mulsf3.o)
 .text          0x00000000        0x0 d:/soft/7.0/toolchain/avr8/avr8-gnu-toolchain/bin/../lib/gcc/avr/5.4.0/../../../../avr/lib/avr5\libm.a(mulsf3x.o)
 .data          0x00000000        0x0 d:/soft/7.0/toolchain/avr8/avr8-gnu-toolchain/bin/../lib/gcc/avr/5.4.0/../../../../avr/lib/avr5\libm.a(mulsf3x.o)
 .bss           0x00000000        0x0 d:/soft/7.0/toolchain/avr8/avr8-gnu-toolchain/bin/../lib/gcc/avr/5.4.0/../../../../avr/lib/avr5\libm.a(mulsf3x.o)
 .text.avr-libc.fplib
                0x00000000       0xd2 d:/soft/7.0/toolchain/avr8/avr8-gnu-toolchain/bin/../lib/gcc/avr/5.4.0/../../../../avr/lib/avr5\libm.a(mulsf3x.o)
 .text          0x00000000        0x0 d:/soft/7.0/toolchain/avr8/avr8-gnu-toolchain/bin/../lib/gcc/avr/5.4.0/../../../../avr/lib/avr5\libm.a(unordsf2.o)
 .data          0x00000000        0x0 d:/soft/7.0/toolchain/avr8/avr8-gnu-toolchain/bin/../lib/gcc/avr/5.4.0/../../../../avr/lib/avr5\libm.a(unordsf2.o)
 .bss           0x00000000        0x0 d:/soft/7.0/toolchain/avr8/avr8-gnu-toolchain/bin/../lib/gcc/avr/5.4.0/../../../../avr/lib/avr5\libm.a(unordsf2.o)
 .text.avr-libc.fplib
                0x00000000        0xa d:/soft/7.0/toolchain/avr8/avr8-gnu-toolchain/bin/../lib/gcc/avr/5.4.0/../../../../avr/lib/avr5\libm.a(unordsf2.o)
 .text          0x00000000        0x0 d:/soft/7.0/toolchain/avr8/avr8-gnu-toolchain/bin/../lib/gcc/avr/5.4.0/avr5\libgcc.a(_udivmodsi4.o)
 .data          0x00000000        0x0 d:/soft/7.0/toolchain/avr8/avr8-gnu-toolchain/bin/../lib/gcc/avr/5.4.0/avr5\libgcc.a(_udivmodsi4.o)
 .bss           0x00000000        0x0 d:/soft/7.0/toolchain/avr8/avr8-gnu-toolchain/bin/../lib/gcc/avr/5.4.0/avr5\libgcc.a(_udivmodsi4.o)
 .text.libgcc.mul
                0x00000000        0x0 d:/soft/7.0/toolchain/avr8/avr8-gnu-toolchain/bin/../lib/gcc/avr/5.4.0/avr5\libgcc.a(_udivmodsi4.o)
 .text.libgcc   0x00000000        0x0 d:/soft/7.0/toolchain/avr8/avr8-gnu-toolchain/bin/../lib/gcc/avr/5.4.0/avr5\libgcc.a(_udivmodsi4.o)
 .text.libgcc.prologue
                0x00000000        0x0 d:/soft/7.0/toolchain/avr8/avr8-gnu-toolchain/bin/../lib/gcc/avr/5.4.0/avr5\libgcc.a(_udivmodsi4.o)
 .text.libgcc.builtins
                0x00000000        0x0 d:/soft/7.0/toolchain/avr8/avr8-gnu-toolchain/bin/../lib/gcc/avr/5.4.0/avr5\libgcc.a(_udivmodsi4.o)
 .text.libgcc.fmul
                0x00000000        0x0 d:/soft/7.0/toolchain/avr8/avr8-gnu-toolchain/bin/../lib/gcc/avr/5.4.0/avr5\libgcc.a(_udivmodsi4.o)
 .text.libgcc.fixed
                0x00000000        0x0 d:/soft/7.0/toolchain/avr8/avr8-gnu-toolchain/bin/../lib/gcc/avr/5.4.0/avr5\libgcc.a(_udivmodsi4.o)
 .text          0x00000000        0x0 d:/soft/7.0/toolchain/avr8/avr8-gnu-toolchain/bin/../lib/gcc/avr/5.4.0/avr5\libgcc.a(_exit.o)
 .data          0x00000000        0x0 d:/soft/7.0/toolchain/avr8/avr8-gnu-toolchain/bin/../lib/gcc/avr/5.4.0/avr5\libgcc.a(_exit.o)
 .bss           0x00000000        0x0 d:/soft/7.0/toolchain/avr8/avr8-gnu-toolchain/bin/../lib/gcc/avr/5.4.0/avr5\libgcc.a(_exit.o)
 .text.libgcc.mul
                0x00000000        0x0 d:/soft/7.0/toolchain/avr8/avr8-gnu-toolchain/bin/../lib/gcc/avr/5.4.0/avr5\libgcc.a(_exit.o)
 .text.libgcc.div
                0x00000000        0x0 d:/soft/7.0/toolchain/avr8/avr8-gnu-toolchain/bin/../lib/gcc/avr/5.4.0/avr5\libgcc.a(_exit.o)
 .text.libgcc   0x00000000        0x0 d:/soft/7.0/toolchain/avr8/avr8-gnu-toolchain/bin/../lib/gcc/avr/5.4.0/avr5\libgcc.a(_exit.o)
 .text.libgcc.prologue
                0x00000000        0x0 d:/soft/7.0/toolchain/avr8/avr8-gnu-toolchain/bin/../lib/gcc/avr/5.4.0/avr5\libgcc.a(_exit.o)
 .text.libgcc.builtins
                0x00000000        0x0 d:/soft/7.0/toolchain/avr8/avr8-gnu-toolchain/bin/../lib/gcc/avr/5.4.0/avr5\libgcc.a(_exit.o)
 .text.libgcc.fmul
                0x00000000        0x0 d:/soft/7.0/toolchain/avr8/avr8-gnu-toolchain/bin/../lib/gcc/avr/5.4.0/avr5\libgcc.a(_exit.o)
 .text.libgcc.fixed
                0x00000000        0x0 d:/soft/7.0/toolchain/avr8/avr8-gnu-toolchain/bin/../lib/gcc/avr/5.4.0/avr5\libgcc.a(_exit.o)
 .text          0x00000000        0x0 d:/soft/7.0/toolchain/avr8/avr8-gnu-toolchain/bin/../lib/gcc/avr/5.4.0/avr5\libgcc.a(_copy_data.o)
 .data          0x00000000        0x0 d:/soft/7.0/toolchain/avr8/avr8-gnu-toolchain/bin/../lib/gcc/avr/5.4.0/avr5\libgcc.a(_copy_data.o)
 .bss           0x00000000        0x0 d:/soft/7.0/toolchain/avr8/avr8-gnu-toolchain/bin/../lib/gcc/avr/5.4.0/avr5\libgcc.a(_copy_data.o)
 .text.libgcc.mul
                0x00000000        0x0 d:/soft/7.0/toolchain/avr8/avr8-gnu-toolchain/bin/../lib/gcc/avr/5.4.0/avr5\libgcc.a(_copy_data.o)
 .text.libgcc.div
                0x00000000        0x0 d:/soft/7.0/toolchain/avr8/avr8-gnu-toolchain/bin/../lib/gcc/avr/5.4.0/avr5\libgcc.a(_copy_data.o)
 .text.libgcc   0x00000000        0x0 d:/soft/7.0/toolchain/avr8/avr8-gnu-toolchain/bin/../lib/gcc/avr/5.4.0/avr5\libgcc.a(_copy_data.o)
 .text.libgcc.prologue
                0x00000000        0x0 d:/soft/7.0/toolchain/avr8/avr8-gnu-toolchain/bin/../lib/gcc/avr/5.4.0/avr5\libgcc.a(_copy_data.o)
 .text.libgcc.builtins
                0x00000000        0x0 d:/soft/7.0/toolchain/avr8/avr8-gnu-toolchain/bin/../lib/gcc/avr/5.4.0/avr5\libgcc.a(_copy_data.o)
 .text.libgcc.fmul
                0x00000000        0x0 d:/soft/7.0/toolchain/avr8/avr8-gnu-toolchain/bin/../lib/gcc/avr/5.4.0/avr5\libgcc.a(_copy_data.o)
 .text.libgcc.fixed
                0x00000000        0x0 d:/soft/7.0/toolchain/avr8/avr8-gnu-toolchain/bin/../lib/gcc/avr/5.4.0/avr5\libgcc.a(_copy_data.o)
 .text          0x00000000        0x0 d:/soft/7.0/toolchain/avr8/avr8-gnu-toolchain/bin/../lib/gcc/avr/5.4.0/avr5\libgcc.a(_clear_bss.o)
 .data          0x00000000        0x0 d:/soft/7.0/toolchain/avr8/avr8-gnu-toolchain/bin/../lib/gcc/avr/5.4.0/avr5\libgcc.a(_clear_bss.o)
 .bss           0x00000000        0x0 d:/soft/7.0/toolchain/avr8/avr8-gnu-toolchain/bin/../lib/gcc/avr/5.4.0/avr5\libgcc.a(_clear_bss.o)
 .text.libgcc.mul
                0x00000000        0x0 d:/soft/7.0/toolchain/avr8/avr8-gnu-toolchain/bin/../lib/gcc/avr/5.4.0/avr5\libgcc.a(_clear_bss.o)
 .text.libgcc.div
                0x00000000        0x0 d:/soft/7.0/toolchain/avr8/avr8-gnu-toolchain/bin/../lib/gcc/avr/5.4.0/avr5\libgcc.a(_clear_bss.o)
 .text.libgcc   0x00000000        0x0 d:/soft/7.0/toolchain/avr8/avr8-gnu-toolchain/bin/../lib/gcc/avr/5.4.0/avr5\libgcc.a(_clear_bss.o)
 .text.libgcc.prologue
                0x00000000        0x0 d:/soft/7.0/toolchain/avr8/avr8-gnu-toolchain/bin/../lib/gcc/avr/5.4.0/avr5\libgcc.a(_clear_bss.o)
 .text.libgcc.builtins
                0x00000000        0x0 d:/soft/7.0/toolchain/avr8/avr8-gnu-toolchain/bin/../lib/gcc/avr/5.4.0/avr5\libgcc.a(_clear_bss.o)
 .text.libgcc.fmul
                0x00000000        0x0 d:/soft/7.0/toolchain/avr8/avr8-gnu-toolchain/bin/../lib/gcc/avr/5.4.0/avr5\libgcc.a(_clear_bss.o)
 .text.libgcc.fixed
                0x00000000        0x0 d:/soft/7.0/toolchain/avr8/avr8-gnu-toolchain/bin/../lib/gcc/avr/5.4.0/avr5\libgcc.a(_clear_bss.o)
 .text          0x00000000        0x0 d:/soft/7.0/toolchain/avr8/avr8-gnu-toolchain/bin/../lib/gcc/avr/5.4.0/avr5\libgcc.a(_ctors.o)
 .data          0x00000000        0x0 d:/soft/7.0/toolchain/avr8/avr8-gnu-toolchain/bin/../lib/gcc/avr/5.4.0/avr5\libgcc.a(_ctors.o)
 .bss           0x00000000        0x0 d:/soft/7.0/toolchain/avr8/avr8-gnu-toolchain/bin/../lib/gcc/avr/5.4.0/avr5\libgcc.a(_ctors.o)
 .text.libgcc.mul
                0x00000000        0x0 d:/soft/7.0/toolchain/avr8/avr8-gnu-toolchain/bin/../lib/gcc/avr/5.4.0/avr5\libgcc.a(_ctors.o)
 .text.libgcc.div
                0x00000000        0x0 d:/soft/7.0/toolchain/avr8/avr8-gnu-toolchain/bin/../lib/gcc/avr/5.4.0/avr5\libgcc.a(_ctors.o)
 .text.libgcc   0x00000000        0x0 d:/soft/7.0/toolchain/avr8/avr8-gnu-toolchain/bin/../lib/gcc/avr/5.4.0/avr5\libgcc.a(_ctors.o)
 .text.libgcc.prologue
                0x00000000        0x0 d:/soft/7.0/toolchain/avr8/avr8-gnu-toolchain/bin/../lib/gcc/avr/5.4.0/avr5\libgcc.a(_ctors.o)
 .text.libgcc.builtins
                0x00000000        0x0 d:/soft/7.0/toolchain/avr8/avr8-gnu-toolchain/bin/../lib/gcc/avr/5.4.0/avr5\libgcc.a(_ctors.o)
 .text.libgcc.fmul
                0x00000000        0x0 d:/soft/7.0/toolchain/avr8/avr8-gnu-toolchain/bin/../lib/gcc/avr/5.4.0/avr5\libgcc.a(_ctors.o)
 .text.libgcc.fixed
                0x00000000        0x0 d:/soft/7.0/toolchain/avr8/avr8-gnu-toolchain/bin/../lib/gcc/avr/5.4.0/avr5\libgcc.a(_ctors.o)
 .text          0x00000000        0x0 d:/soft/7.0/toolchain/avr8/avr8-gnu-toolchain/bin/../lib/gcc/avr/5.4.0/avr5\libgcc.a(_tablejump2.o)
 .data          0x00000000        0x0 d:/soft/7.0/toolchain/avr8/avr8-gnu-toolchain/bin/../lib/gcc/avr/5.4.0/avr5\libgcc.a(_tablejump2.o)
 .bss           0x00000000        0x0 d:/soft/7.0/toolchain/avr8/avr8-gnu-toolchain/bin/../lib/gcc/avr/5.4.0/avr5\libgcc.a(_tablejump2.o)
 .text.libgcc.mul
                0x00000000        0x0 d:/soft/7.0/toolchain/avr8/avr8-gnu-toolchain/bin/../lib/gcc/avr/5.4.0/avr5\libgcc.a(_tablejump2.o)
 .text.libgcc.div
                0x00000000        0x0 d:/soft/7.0/toolchain/avr8/avr8-gnu-toolchain/bin/../lib/gcc/avr/5.4.0/avr5\libgcc.a(_tablejump2.o)
 .text.libgcc.prologue
                0x00000000        0x0 d:/soft/7.0/toolchain/avr8/avr8-gnu-toolchain/bin/../lib/gcc/avr/5.4.0/avr5\libgcc.a(_tablejump2.o)
 .text.libgcc.builtins
                0x00000000        0x0 d:/soft/7.0/toolchain/avr8/avr8-gnu-toolchain/bin/../lib/gcc/avr/5.4.0/avr5\libgcc.a(_tablejump2.o)
 .text.libgcc.fmul
                0x00000000        0x0 d:/soft/7.0/toolchain/avr8/avr8-gnu-toolchain/bin/../lib/gcc/avr/5.4.0/avr5\libgcc.a(_tablejump2.o)
 .text.libgcc.fixed
                0x00000000        0x0 d:/soft/7.0/toolchain/avr8/avr8-gnu-toolchain/bin/../lib/gcc/avr/5.4.0/avr5\libgcc.a(_tablejump2.o)

Memory Configuration

Name             Origin             Length             Attributes
text             0x00000000         0x00008000         xr
data             0x00800100         0x00000800         rw !x
eeprom           0x00810000         0x00000400         rw !x
fuse             0x00820000         0x00000003         rw !x
lock             0x00830000         0x00000400         rw !x
signature        0x00840000         0x00000400         rw !x
user_signatures  0x00850000         0x00000400         rw !x
*default*        0x00000000         0xffffffff

Linker script and memory map

Address of section .data set to 0x800100
LOAD D:/Soft/7.0/Packs/atmel/ATmega_DFP/1.7.374/gcc/dev/atmega328p/avr5/crtatmega328p.o
LOAD main.o
START GROUP
LOAD d:/soft/7.0/toolchain/avr8/avr8-gnu-toolchain/bin/../lib/gcc/avr/5.4.0/../../../../avr/lib/avr5\libm.a
LOAD D:\Tmp\avr\P015_Watering\WaterWindow\Watering\FreeRTOS\Debug\libFreeRTOS.a
LOAD D:\Tmp\avr\P015_Watering\WaterWindow\Watering\Uart\Debug\libUart.a
END GROUP
LOAD d:/soft/7.0/toolchain/avr8/avr8-gnu-toolchain/bin/../lib/gcc/avr/5.4.0/avr5\libgcc.a
LOAD d:/soft/7.0/toolchain/avr8/avr8-gnu-toolchain/bin/../lib/gcc/avr/5.4.0/../../../../avr/lib/avr5\libm.a
START GROUP
LOAD d:/soft/7.0/toolchain/avr8/avr8-gnu-toolchain/bin/../lib/gcc/avr/5.4.0/avr5\libgcc.a
LOAD d:/soft/7.0/toolchain/avr8/avr8-gnu-toolchain/bin/../lib/gcc/avr/5.4.0/../../../../avr/lib/avr5\libm.a
LOAD d:/soft/7.0/toolchain/avr8/avr8-gnu-toolchain/bin/../lib/gcc/avr/5.4.0/../../../../avr/lib/avr5\libc.a
LOAD D:/Soft/7.0/Packs/atmel/ATmega_DFP/1.7.374/gcc/dev/atmega328p/avr5\libatmega328p.a
END GROUP
                0x00000000                __TEXT_REGION_ORIGIN__ = DEFINED (__TEXT_REGION_ORIGIN__)?__TEXT_REGION_ORIGIN__:0x0
                [0x00800100]                __DATA_REGION_ORIGIN__ = DEFINED (__DATA_REGION_ORIGIN__)?__DATA_REGION_ORIGIN__:0x800060
                [0x00008000]                __TEXT_REGION_LENGTH__ = DEFINED (__TEXT_REGION_LENGTH__)?__TEXT_REGION_LENGTH__:0x20000
                [0x00000800]                __DATA_REGION_LENGTH__ = DEFINED (__DATA_REGION_LENGTH__)?__DATA_REGION_LENGTH__:0xffa0
                [0x00000400]                __EEPROM_REGION_LENGTH__ = DEFINED (__EEPROM_REGION_LENGTH__)?__EEPROM_REGION_LENGTH__:0x10000
                [0x00000003]                __FUSE_REGION_LENGTH__ = DEFINED (__FUSE_REGION_LENGTH__)?__FUSE_REGION_LENGTH__:0x400
                0x00000400                __LOCK_REGION_LENGTH__ = DEFINED (__LOCK_REGION_LENGTH__)?__LOCK_REGION_LENGTH__:0x400
                0x00000400                __SIGNATURE_REGION_LENGTH__ = DEFINED (__SIGNATURE_REGION_LENGTH__)?__SIGNATURE_REGION_LENGTH__:0x400
                0x00000400                __USER_SIGNATURE_REGION_LENGTH__ = DEFINED (__USER_SIGNATURE_REGION_LENGTH__)?__USER_SIGNATURE_REGION_LENGTH__:0x400

.hash
 *(.hash)

.dynsym
 *(.dynsym)

.dynstr
 *(.dynstr)

.gnu.version
 *(.gnu.version)

.gnu.version_d
 *(.gnu.version_d)

.gnu.version_r
 *(.gnu.version_r)

.rel.init
 *(.rel.init)

.rela.init
 *(.rela.init)

.rel.text
 *(.rel.text)
 *(.rel.text.*)
 *(.rel.gnu.linkonce.t*)

.rela.text
 *(.rela.text)
 *(.rela.text.*)
 *(.rela.gnu.linkonce.t*)

.rel.fini
 *(.rel.fini)

.rela.fini
 *(.rela.fini)

.rel.rodata
 *(.rel.rodata)
 *(.rel.rodata.*)
 *(.rel.gnu.linkonce.r*)

.rela.rodata
 *(.rela.rodata)
 *(.rela.rodata.*)
 *(.rela.gnu.linkonce.r*)

.rel.data
 *(.rel.data)
 *(.rel.data.*)
 *(.rel.gnu.linkonce.d*)

.rela.data
 *(.rela.data)
 *(.rela.data.*)
 *(.rela.gnu.linkonce.d*)

.rel.ctors
 *(.rel.ctors)

.rela.ctors
 *(.rela.ctors)

.rel.dtors
 *(.rel.dtors)

.rela.dtors
 *(.rela.dtors)

.rel.got
 *(.rel.got)

.rela.got
 *(.rela.got)

.rel.bss
 *(.rel.bss)

.rela.bss
 *(.rela.bss)

.rel.plt
 *(.rel.plt)

.rela.plt
 *(.rela.plt)

.text           0x00000000     0x133e
 *(.vectors)
 .vectors       0x00000000       0x68 D:/Soft/7.0/Packs/atmel/ATmega_DFP/1.7.374/gcc/dev/atmega328p/avr5/crtatmega328p.o
                0x00000000                __vector_default
                0x00000000                __vectors
 *(.vectors)
 *(.progmem.gcc*)
                0x00000068                . = ALIGN (0x2)
                0x00000068                __trampolines_start = .
 *(.trampolines)
 .trampolines   0x00000068        0x0 linker stubs
 *(.trampolines*)
                0x00000068                __trampolines_end = .
 *libprintf_flt.a:*(.progmem.data)
 *libc.a:*(.progmem.data)
 *(.progmem*)
                0x00000068                . = ALIGN (0x2)
 *(.jumptables)
 *(.jumptables*)
 *(.lowtext)
 *(.lowtext*)
                0x00000068                __ctors_start = .
 *(.ctors)
 .ctors         0x00000068        0x2 D:\Tmp\avr\P015_Watering\WaterWindow\Watering\Uart\Debug\libUart.a(HardwareSerial0.o)
                0x0000006a                __ctors_end = .
                0x0000006a                __dtors_start = .
 *(.dtors)
                0x0000006a                __dtors_end = .
 SORT(*)(.ctors)
 SORT(*)(.dtors)
 *(.init0)
 .init0         0x0000006a        0x0 D:/Soft/7.0/Packs/atmel/ATmega_DFP/1.7.374/gcc/dev/atmega328p/avr5/crtatmega328p.o
                0x0000006a                __init
 *(.init0)
 *(.init1)
 *(.init1)
 *(.init2)
 .init2         0x0000006a        0xc D:/Soft/7.0/Packs/atmel/ATmega_DFP/1.7.374/gcc/dev/atmega328p/avr5/crtatmega328p.o
 *(.init2)
 *(.init3)
 *(.init3)
 *(.init4)
 .init4         0x00000076       0x16 d:/soft/7.0/toolchain/avr8/avr8-gnu-toolchain/bin/../lib/gcc/avr/5.4.0/avr5\libgcc.a(_copy_data.o)
                0x00000076                __do_copy_data
 .init4         0x0000008c       0x10 d:/soft/7.0/toolchain/avr8/avr8-gnu-toolchain/bin/../lib/gcc/avr/5.4.0/avr5\libgcc.a(_clear_bss.o)
                0x0000008c                __do_clear_bss
 *(.init4)
 *(.init5)
 *(.init5)
 *(.init6)
 .init6         0x0000009c       0x16 d:/soft/7.0/toolchain/avr8/avr8-gnu-toolchain/bin/../lib/gcc/avr/5.4.0/avr5\libgcc.a(_ctors.o)
                0x0000009c                __do_global_ctors
 *(.init6)
 *(.init7)
 *(.init7)
 *(.init8)
 *(.init8)
 *(.init9)
 .init9         0x000000b2        0x8 D:/Soft/7.0/Packs/atmel/ATmega_DFP/1.7.374/gcc/dev/atmega328p/avr5/crtatmega328p.o
 *(.init9)
 *(.text)
 .text          0x000000ba        0x4 D:/Soft/7.0/Packs/atmel/ATmega_DFP/1.7.374/gcc/dev/atmega328p/avr5/crtatmega328p.o
                0x000000ba                __vector_22
                0x000000ba                __vector_1
                0x000000ba                __vector_24
                0x000000ba                __vector_12
                0x000000ba                __bad_interrupt
                0x000000ba                __vector_6
                0x000000ba                __vector_3
                0x000000ba                __vector_23
                0x000000ba                __vector_25
                0x000000ba                __vector_13
                0x000000ba                __vector_17
                0x000000ba                __vector_7
                0x000000ba                __vector_5
                0x000000ba                __vector_4
                0x000000ba                __vector_9
                0x000000ba                __vector_2
                0x000000ba                __vector_21
                0x000000ba                __vector_15
                0x000000ba                __vector_8
                0x000000ba                __vector_14
                0x000000ba                __vector_10
                0x000000ba                __vector_16
                0x000000ba                __vector_20
                0x000000be                . = ALIGN (0x2)
 *(.text.*)
 .text._ZL14vLEDBlink_taskPv
                0x000000be       0x5c main.o
 .text.main     0x0000011a       0x3c main.o
                0x0000011a                main
 .text.prvResetNextTaskUnblockTime
                0x00000156       0x3e D:\Tmp\avr\P015_Watering\WaterWindow\Watering\FreeRTOS\Debug\libFreeRTOS.a(tasks.o)
 .text.prvAddCurrentTaskToDelayedList
                0x00000194       0xb0 D:\Tmp\avr\P015_Watering\WaterWindow\Watering\FreeRTOS\Debug\libFreeRTOS.a(tasks.o)
 .text.xTaskCreate
                0x00000244      0x21a D:\Tmp\avr\P015_Watering\WaterWindow\Watering\FreeRTOS\Debug\libFreeRTOS.a(tasks.o)
                0x00000244                xTaskCreate
 .text.vTaskStartScheduler
                0x0000045e       0x54 D:\Tmp\avr\P015_Watering\WaterWindow\Watering\FreeRTOS\Debug\libFreeRTOS.a(tasks.o)
                0x0000045e                vTaskStartScheduler
 .text.vTaskSuspendAll
                0x000004b2        0xc D:\Tmp\avr\P015_Watering\WaterWindow\Watering\FreeRTOS\Debug\libFreeRTOS.a(tasks.o)
                0x000004b2                vTaskSuspendAll
 .text.xTaskGetTickCount
                0x000004be       0x14 D:\Tmp\avr\P015_Watering\WaterWindow\Watering\FreeRTOS\Debug\libFreeRTOS.a(tasks.o)
                0x000004be                xTaskGetTickCount
 .text.xTaskIncrementTick
                0x000004d2      0x176 D:\Tmp\avr\P015_Watering\WaterWindow\Watering\FreeRTOS\Debug\libFreeRTOS.a(tasks.o)
                0x000004d2                xTaskIncrementTick
 .text.xTaskResumeAll
                0x00000648       0xfe D:\Tmp\avr\P015_Watering\WaterWindow\Watering\FreeRTOS\Debug\libFreeRTOS.a(tasks.o)
                0x00000648                xTaskResumeAll
 .text.vTaskDelayUntil
                0x00000746       0x7c D:\Tmp\avr\P015_Watering\WaterWindow\Watering\FreeRTOS\Debug\libFreeRTOS.a(tasks.o)
                0x00000746                vTaskDelayUntil
 .text.prvIdleTask
                0x000007c2       0x7a D:\Tmp\avr\P015_Watering\WaterWindow\Watering\FreeRTOS\Debug\libFreeRTOS.a(tasks.o)
 .text.vTaskSwitchContext
                0x0000083c       0xcc D:\Tmp\avr\P015_Watering\WaterWindow\Watering\FreeRTOS\Debug\libFreeRTOS.a(tasks.o)
                0x0000083c                vTaskSwitchContext
 .text.pvPortMalloc
                0x00000908       0x6a D:\Tmp\avr\P015_Watering\WaterWindow\Watering\FreeRTOS\Debug\libFreeRTOS.a(heap_1.o)
                0x00000908                pvPortMalloc
 .text.vPortFree
                0x00000972        0x2 D:\Tmp\avr\P015_Watering\WaterWindow\Watering\FreeRTOS\Debug\libFreeRTOS.a(heap_1.o)
                0x00000972                vPortFree
 .text.vListInitialise
                0x00000974       0x1c D:\Tmp\avr\P015_Watering\WaterWindow\Watering\FreeRTOS\Debug\libFreeRTOS.a(list.o)
                0x00000974                vListInitialise
 .text.vListInitialiseItem
                0x00000990        0x8 D:\Tmp\avr\P015_Watering\WaterWindow\Watering\FreeRTOS\Debug\libFreeRTOS.a(list.o)
                0x00000990                vListInitialiseItem
 .text.vListInsertEnd
                0x00000998       0x42 D:\Tmp\avr\P015_Watering\WaterWindow\Watering\FreeRTOS\Debug\libFreeRTOS.a(list.o)
                0x00000998                vListInsertEnd
 .text.vListInsert
                0x000009da       0x62 D:\Tmp\avr\P015_Watering\WaterWindow\Watering\FreeRTOS\Debug\libFreeRTOS.a(list.o)
                0x000009da                vListInsert
 .text.uxListRemove
                0x00000a3c       0x4c D:\Tmp\avr\P015_Watering\WaterWindow\Watering\FreeRTOS\Debug\libFreeRTOS.a(list.o)
                0x00000a3c                uxListRemove
 .text.pxPortInitialiseStack
                0x00000a88       0xd8 D:\Tmp\avr\P015_Watering\WaterWindow\Watering\FreeRTOS\Debug\libFreeRTOS.a(port.o)
                0x00000a88                pxPortInitialiseStack
 .text.xPortStartScheduler
                0x00000b60       0x78 D:\Tmp\avr\P015_Watering\WaterWindow\Watering\FreeRTOS\Debug\libFreeRTOS.a(port.o)
                0x00000b60                xPortStartScheduler
 .text.vPortYield
                0x00000bd8       0xb2 D:\Tmp\avr\P015_Watering\WaterWindow\Watering\FreeRTOS\Debug\libFreeRTOS.a(port.o)
                0x00000bd8                vPortYield
 .text.vPortYieldFromTick
                0x00000c8a       0xb8 D:\Tmp\avr\P015_Watering\WaterWindow\Watering\FreeRTOS\Debug\libFreeRTOS.a(port.o)
                0x00000c8a                vPortYieldFromTick
 .text.__vector_11
                0x00000d42        0x6 D:\Tmp\avr\P015_Watering\WaterWindow\Watering\FreeRTOS\Debug\libFreeRTOS.a(port.o)
                0x00000d42                __vector_11
 .text._ZN14HardwareSerial9availableEv
                0x00000d48       0x1a D:\Tmp\avr\P015_Watering\WaterWindow\Watering\Uart\Debug\libUart.a(HardwareSerial.o)
                0x00000d48                _ZN14HardwareSerial9availableEv
 .text._ZN14HardwareSerial4peekEv
                0x00000d62       0x1c D:\Tmp\avr\P015_Watering\WaterWindow\Watering\Uart\Debug\libUart.a(HardwareSerial.o)
                0x00000d62                _ZN14HardwareSerial4peekEv
 .text._ZN14HardwareSerial4readEv
                0x00000d7e       0x28 D:\Tmp\avr\P015_Watering\WaterWindow\Watering\Uart\Debug\libUart.a(HardwareSerial.o)
                0x00000d7e                _ZN14HardwareSerial4readEv
 .text._ZN14HardwareSerial17availableForWriteEv
                0x00000da6       0x24 D:\Tmp\avr\P015_Watering\WaterWindow\Watering\Uart\Debug\libUart.a(HardwareSerial.o)
                0x00000da6                _ZN14HardwareSerial17availableForWriteEv
 .text._ZN14HardwareSerial5writeEh
                0x00000dca       0xfa D:\Tmp\avr\P015_Watering\WaterWindow\Watering\Uart\Debug\libUart.a(HardwareSerial.o)
                0x00000dca                _ZN14HardwareSerial5writeEh
 .text._ZN14HardwareSerial5flushEv
                0x00000ec4       0xda D:\Tmp\avr\P015_Watering\WaterWindow\Watering\Uart\Debug\libUart.a(HardwareSerial.o)
                0x00000ec4                _ZN14HardwareSerial5flushEv
 .text._ZN14HardwareSerial5beginEmh
                0x00000f9e      0x11e D:\Tmp\avr\P015_Watering\WaterWindow\Watering\Uart\Debug\libUart.a(HardwareSerial.o)
                0x00000f9e                _ZN14HardwareSerial5beginEmh
 .text._Z41__static_initialization_and_destruction_0ii
                0x000010bc       0x7c D:\Tmp\avr\P015_Watering\WaterWindow\Watering\Uart\Debug\libUart.a(HardwareSerial0.o)
 .text.__vector_18
                0x00001138       0x70 D:\Tmp\avr\P015_Watering\WaterWindow\Watering\Uart\Debug\libUart.a(HardwareSerial0.o)
                0x00001138                __vector_18
 .text.__vector_19
                0x000011a8       0x88 D:\Tmp\avr\P015_Watering\WaterWindow\Watering\Uart\Debug\libUart.a(HardwareSerial0.o)
                0x000011a8                __vector_19
 .text._GLOBAL__sub_I___vector_18
                0x00001230        0xe D:\Tmp\avr\P015_Watering\WaterWindow\Watering\Uart\Debug\libUart.a(HardwareSerial0.o)
 .text._ZN5Print5writeEPKhj
                0x0000123e       0x60 D:\Tmp\avr\P015_Watering\WaterWindow\Watering\Uart\Debug\libUart.a(Print.o)
                0x0000123e                _ZN5Print5writeEPKhj
 .text._ZN5Print5printEc
                0x0000129e       0x10 D:\Tmp\avr\P015_Watering\WaterWindow\Watering\Uart\Debug\libUart.a(Print.o)
                0x0000129e                _ZN5Print5printEc
 .text._ZN5Print7printlnEv
                0x000012ae       0x18 D:\Tmp\avr\P015_Watering\WaterWindow\Watering\Uart\Debug\libUart.a(Print.o)
                0x000012ae                _ZN5Print7printlnEv
 .text._ZN5Print7printlnEc
                0x000012c6       0x24 D:\Tmp\avr\P015_Watering\WaterWindow\Watering\Uart\Debug\libUart.a(Print.o)
                0x000012c6                _ZN5Print7printlnEc
 .text.libgcc.div
                0x000012ea       0x44 d:/soft/7.0/toolchain/avr8/avr8-gnu-toolchain/bin/../lib/gcc/avr/5.4.0/avr5\libgcc.a(_udivmodsi4.o)
                0x000012ea                __udivmodsi4
 .text.libgcc   0x0000132e        0xc d:/soft/7.0/toolchain/avr8/avr8-gnu-toolchain/bin/../lib/gcc/avr/5.4.0/avr5\libgcc.a(_tablejump2.o)
                0x0000132e                __tablejump2__
                0x0000133a                . = ALIGN (0x2)
 *(.fini9)
 .fini9         0x0000133a        0x0 d:/soft/7.0/toolchain/avr8/avr8-gnu-toolchain/bin/../lib/gcc/avr/5.4.0/avr5\libgcc.a(_exit.o)
                0x0000133a                _exit
                0x0000133a                exit
 *(.fini9)
 *(.fini8)
 *(.fini8)
 *(.fini7)
 *(.fini7)
 *(.fini6)
 *(.fini6)
 *(.fini5)
 *(.fini5)
 *(.fini4)
 *(.fini4)
 *(.fini3)
 *(.fini3)
 *(.fini2)
 *(.fini2)
 *(.fini1)
 *(.fini1)
 *(.fini0)
 .fini0         0x0000133a        0x4 d:/soft/7.0/toolchain/avr8/avr8-gnu-toolchain/bin/../lib/gcc/avr/5.4.0/avr5\libgcc.a(_exit.o)
 *(.fini0)
                0x0000133e                _etext = .

.data           0x00800100       0x32 load address 0x0000133e
                0x00800100                PROVIDE (__data_start, .)
 *(.data)
 *(.data*)
 .data._ZN3Std9is_same_vIN4pins14OutputMode_tagES2_EE
                0x00800100        0x1 main.o
                0x00800100                _ZN3Std9is_same_vIN4pins14OutputMode_tagES2_EE
 *(.gnu.linkonce.d*)
 *(.rodata)
 *(.rodata*)
 .rodata.str1.1
                0x00800101        0xa main.o
 .rodata.str1.1
                0x0080010b        0x5 D:\Tmp\avr\P015_Watering\WaterWindow\Watering\FreeRTOS\Debug\libFreeRTOS.a(tasks.o)
 .rodata._ZTV14HardwareSerial
                0x00800110       0x12 D:\Tmp\avr\P015_Watering\WaterWindow\Watering\Uart\Debug\libUart.a(HardwareSerial.o)
                0x00800110                _ZTV14HardwareSerial
 .rodata.str1.1
                0x00800122        0xf D:\Tmp\avr\P015_Watering\WaterWindow\Watering\Uart\Debug\libUart.a(Print.o)
 *(.gnu.linkonce.r*)
                0x00800132                . = ALIGN (0x2)
 *fill*         0x00800131        0x1 
                0x00800132                _edata = .
                0x00800132                PROVIDE (__data_end, .)

.bss            0x00800132      0x6e7
                0x00800132                PROVIDE (__bss_start, .)
 *(.bss)
 *(.bss*)
 .bss.uxSchedulerSuspended
                0x00800132        0x1 D:\Tmp\avr\P015_Watering\WaterWindow\Watering\FreeRTOS\Debug\libFreeRTOS.a(tasks.o)
 .bss.xIdleTaskHandle
                0x00800133        0x2 D:\Tmp\avr\P015_Watering\WaterWindow\Watering\FreeRTOS\Debug\libFreeRTOS.a(tasks.o)
 .bss.xNextTaskUnblockTime
                0x00800135        0x2 D:\Tmp\avr\P015_Watering\WaterWindow\Watering\FreeRTOS\Debug\libFreeRTOS.a(tasks.o)
 .bss.uxTaskNumber
                0x00800137        0x1 D:\Tmp\avr\P015_Watering\WaterWindow\Watering\FreeRTOS\Debug\libFreeRTOS.a(tasks.o)
 .bss.xNumOfOverflows
                0x00800138        0x1 D:\Tmp\avr\P015_Watering\WaterWindow\Watering\FreeRTOS\Debug\libFreeRTOS.a(tasks.o)
 .bss.xYieldPending
                0x00800139        0x1 D:\Tmp\avr\P015_Watering\WaterWindow\Watering\FreeRTOS\Debug\libFreeRTOS.a(tasks.o)
 .bss.uxPendedTicks
                0x0080013a        0x1 D:\Tmp\avr\P015_Watering\WaterWindow\Watering\FreeRTOS\Debug\libFreeRTOS.a(tasks.o)
 .bss.xSchedulerRunning
                0x0080013b        0x1 D:\Tmp\avr\P015_Watering\WaterWindow\Watering\FreeRTOS\Debug\libFreeRTOS.a(tasks.o)
 .bss.uxTopReadyPriority
                0x0080013c        0x1 D:\Tmp\avr\P015_Watering\WaterWindow\Watering\FreeRTOS\Debug\libFreeRTOS.a(tasks.o)
 .bss.xTickCount
                0x0080013d        0x2 D:\Tmp\avr\P015_Watering\WaterWindow\Watering\FreeRTOS\Debug\libFreeRTOS.a(tasks.o)
 .bss.uxCurrentNumberOfTasks
                0x0080013f        0x1 D:\Tmp\avr\P015_Watering\WaterWindow\Watering\FreeRTOS\Debug\libFreeRTOS.a(tasks.o)
 .bss.xSuspendedTaskList
                0x00800140        0x9 D:\Tmp\avr\P015_Watering\WaterWindow\Watering\FreeRTOS\Debug\libFreeRTOS.a(tasks.o)
 .bss.uxDeletedTasksWaitingCleanUp
                0x00800149        0x1 D:\Tmp\avr\P015_Watering\WaterWindow\Watering\FreeRTOS\Debug\libFreeRTOS.a(tasks.o)
 .bss.xTasksWaitingTermination
                0x0080014a        0x9 D:\Tmp\avr\P015_Watering\WaterWindow\Watering\FreeRTOS\Debug\libFreeRTOS.a(tasks.o)
 .bss.xPendingReadyList
                0x00800153        0x9 D:\Tmp\avr\P015_Watering\WaterWindow\Watering\FreeRTOS\Debug\libFreeRTOS.a(tasks.o)
 .bss.pxOverflowDelayedTaskList
                0x0080015c        0x2 D:\Tmp\avr\P015_Watering\WaterWindow\Watering\FreeRTOS\Debug\libFreeRTOS.a(tasks.o)
 .bss.pxDelayedTaskList
                0x0080015e        0x2 D:\Tmp\avr\P015_Watering\WaterWindow\Watering\FreeRTOS\Debug\libFreeRTOS.a(tasks.o)
 .bss.xDelayedTaskList2
                0x00800160        0x9 D:\Tmp\avr\P015_Watering\WaterWindow\Watering\FreeRTOS\Debug\libFreeRTOS.a(tasks.o)
 .bss.xDelayedTaskList1
                0x00800169        0x9 D:\Tmp\avr\P015_Watering\WaterWindow\Watering\FreeRTOS\Debug\libFreeRTOS.a(tasks.o)
 .bss.pxReadyTasksLists
                0x00800172       0x24 D:\Tmp\avr\P015_Watering\WaterWindow\Watering\FreeRTOS\Debug\libFreeRTOS.a(tasks.o)
 .bss.pxCurrentTCB
                0x00800196        0x2 D:\Tmp\avr\P015_Watering\WaterWindow\Watering\FreeRTOS\Debug\libFreeRTOS.a(tasks.o)
                0x00800196                pxCurrentTCB
 .bss.pucAlignedHeap.2068
                0x00800198        0x2 D:\Tmp\avr\P015_Watering\WaterWindow\Watering\FreeRTOS\Debug\libFreeRTOS.a(heap_1.o)
 .bss.xNextFreeByte
                0x0080019a        0x2 D:\Tmp\avr\P015_Watering\WaterWindow\Watering\FreeRTOS\Debug\libFreeRTOS.a(heap_1.o)
 .bss.ucHeap    0x0080019c      0x5dc D:\Tmp\avr\P015_Watering\WaterWindow\Watering\FreeRTOS\Debug\libFreeRTOS.a(heap_1.o)
 .bss.Serial    0x00800778       0xa1 D:\Tmp\avr\P015_Watering\WaterWindow\Watering\Uart\Debug\libUart.a(HardwareSerial0.o)
                0x00800778                Serial
 *(COMMON)
                0x00800819                PROVIDE (__bss_end, .)
                0x0000133e                __data_load_start = LOADADDR (.data)
                0x00001370                __data_load_end = (__data_load_start + SIZEOF (.data))

.noinit         0x00800819        0x0
                [!provide]                PROVIDE (__noinit_start, .)
 *(.noinit*)
                [!provide]                PROVIDE (__noinit_end, .)
                0x00800819                _end = .
                [!provide]                PROVIDE (__heap_start, .)

.eeprom         0x00810000        0x0
 *(.eeprom*)
                0x00810000                __eeprom_end = .

.fuse
 *(.fuse)
 *(.lfuse)
 *(.hfuse)
 *(.efuse)

.lock
 *(.lock*)

.signature
 *(.signature*)

.user_signatures
 *(.user_signatures*)

.stab
 *(.stab)

.stabstr
 *(.stabstr)

.stab.excl
 *(.stab.excl)

.stab.exclstr
 *(.stab.exclstr)

.stab.index
 *(.stab.index)

.stab.indexstr
 *(.stab.indexstr)

.comment        0x00000000       0x30
 *(.comment)
 .comment       0x00000000       0x30 main.o
                                 0x31 (size before relaxing)
 .comment       0x00000030       0x31 D:\Tmp\avr\P015_Watering\WaterWindow\Watering\FreeRTOS\Debug\libFreeRTOS.a(tasks.o)
 .comment       0x00000030       0x31 D:\Tmp\avr\P015_Watering\WaterWindow\Watering\FreeRTOS\Debug\libFreeRTOS.a(heap_1.o)
 .comment       0x00000030       0x31 D:\Tmp\avr\P015_Watering\WaterWindow\Watering\FreeRTOS\Debug\libFreeRTOS.a(list.o)
 .comment       0x00000030       0x31 D:\Tmp\avr\P015_Watering\WaterWindow\Watering\FreeRTOS\Debug\libFreeRTOS.a(port.o)
 .comment       0x00000030       0x31 D:\Tmp\avr\P015_Watering\WaterWindow\Watering\Uart\Debug\libUart.a(HardwareSerial.o)
 .comment       0x00000030       0x31 D:\Tmp\avr\P015_Watering\WaterWindow\Watering\Uart\Debug\libUart.a(HardwareSerial0.o)
 .comment       0x00000030       0x31 D:\Tmp\avr\P015_Watering\WaterWindow\Watering\Uart\Debug\libUart.a(Print.o)

.note.gnu.avr.deviceinfo
                0x00000000       0x40
 .note.gnu.avr.deviceinfo
                0x00000000       0x40 D:/Soft/7.0/Packs/atmel/ATmega_DFP/1.7.374/gcc/dev/atmega328p/avr5/crtatmega328p.o

.note.gnu.build-id
 *(.note.gnu.build-id)

.debug
 *(.debug)

.line
 *(.line)

.debug_srcinfo
 *(.debug_srcinfo)

.debug_sfnames
 *(.debug_sfnames)

.debug_aranges  0x00000000      0x388
 *(.debug_aranges)
 .debug_aranges
                0x00000000       0x28 main.o
 .debug_aranges
                0x00000028      0x128 D:\Tmp\avr\P015_Watering\WaterWindow\Watering\FreeRTOS\Debug\libFreeRTOS.a(tasks.o)
 .debug_aranges
                0x00000150       0x38 D:\Tmp\avr\P015_Watering\WaterWindow\Watering\FreeRTOS\Debug\libFreeRTOS.a(heap_1.o)
 .debug_aranges
                0x00000188       0x40 D:\Tmp\avr\P015_Watering\WaterWindow\Watering\FreeRTOS\Debug\libFreeRTOS.a(list.o)
 .debug_aranges
                0x000001c8       0x48 D:\Tmp\avr\P015_Watering\WaterWindow\Watering\FreeRTOS\Debug\libFreeRTOS.a(port.o)
 .debug_aranges
                0x00000210       0x60 D:\Tmp\avr\P015_Watering\WaterWindow\Watering\Uart\Debug\libUart.a(HardwareSerial.o)
 .debug_aranges
                0x00000270       0x50 D:\Tmp\avr\P015_Watering\WaterWindow\Watering\Uart\Debug\libUart.a(HardwareSerial0.o)
 .debug_aranges
                0x000002c0       0xc8 D:\Tmp\avr\P015_Watering\WaterWindow\Watering\Uart\Debug\libUart.a(Print.o)

.debug_pubnames
 *(.debug_pubnames)

.debug_info     0x00000000     0x588b
 *(.debug_info .gnu.linkonce.wi.*)
 .debug_info    0x00000000      0x5f4 D:/Soft/7.0/Packs/atmel/ATmega_DFP/1.7.374/gcc/dev/atmega328p/avr5/crtatmega328p.o
 .debug_info    0x000005f4      0x666 main.o
 .debug_info    0x00000c5a     0x1b2d D:\Tmp\avr\P015_Watering\WaterWindow\Watering\FreeRTOS\Debug\libFreeRTOS.a(tasks.o)
 .debug_info    0x00002787      0x1a4 D:\Tmp\avr\P015_Watering\WaterWindow\Watering\FreeRTOS\Debug\libFreeRTOS.a(heap_1.o)
 .debug_info    0x0000292b      0x2cd D:\Tmp\avr\P015_Watering\WaterWindow\Watering\FreeRTOS\Debug\libFreeRTOS.a(list.o)
 .debug_info    0x00002bf8      0x260 D:\Tmp\avr\P015_Watering\WaterWindow\Watering\FreeRTOS\Debug\libFreeRTOS.a(port.o)
 .debug_info    0x00002e58      0xd92 D:\Tmp\avr\P015_Watering\WaterWindow\Watering\Uart\Debug\libUart.a(HardwareSerial.o)
 .debug_info    0x00003bea      0xa48 D:\Tmp\avr\P015_Watering\WaterWindow\Watering\Uart\Debug\libUart.a(HardwareSerial0.o)
 .debug_info    0x00004632     0x1259 D:\Tmp\avr\P015_Watering\WaterWindow\Watering\Uart\Debug\libUart.a(Print.o)

.debug_abbrev   0x00000000     0x1849
 *(.debug_abbrev)
 .debug_abbrev  0x00000000      0x5a2 D:/Soft/7.0/Packs/atmel/ATmega_DFP/1.7.374/gcc/dev/atmega328p/avr5/crtatmega328p.o
 .debug_abbrev  0x000005a2      0x2f3 main.o
 .debug_abbrev  0x00000895      0x329 D:\Tmp\avr\P015_Watering\WaterWindow\Watering\FreeRTOS\Debug\libFreeRTOS.a(tasks.o)
 .debug_abbrev  0x00000bbe      0x11c D:\Tmp\avr\P015_Watering\WaterWindow\Watering\FreeRTOS\Debug\libFreeRTOS.a(heap_1.o)
 .debug_abbrev  0x00000cda       0xf8 D:\Tmp\avr\P015_Watering\WaterWindow\Watering\FreeRTOS\Debug\libFreeRTOS.a(list.o)
 .debug_abbrev  0x00000dd2      0x155 D:\Tmp\avr\P015_Watering\WaterWindow\Watering\FreeRTOS\Debug\libFreeRTOS.a(port.o)
 .debug_abbrev  0x00000f27      0x36a D:\Tmp\avr\P015_Watering\WaterWindow\Watering\Uart\Debug\libUart.a(HardwareSerial.o)
 .debug_abbrev  0x00001291      0x2e8 D:\Tmp\avr\P015_Watering\WaterWindow\Watering\Uart\Debug\libUart.a(HardwareSerial0.o)
 .debug_abbrev  0x00001579      0x2d0 D:\Tmp\avr\P015_Watering\WaterWindow\Watering\Uart\Debug\libUart.a(Print.o)

.debug_line     0x00000000     0x23bd
 *(.debug_line .debug_line.* .debug_line_end)
 .debug_line    0x00000000      0x134 D:/Soft/7.0/Packs/atmel/ATmega_DFP/1.7.374/gcc/dev/atmega328p/avr5/crtatmega328p.o
 .debug_line    0x00000134      0x1ff main.o
 .debug_line    0x00000333      0xe11 D:\Tmp\avr\P015_Watering\WaterWindow\Watering\FreeRTOS\Debug\libFreeRTOS.a(tasks.o)
 .debug_line    0x00001144      0x167 D:\Tmp\avr\P015_Watering\WaterWindow\Watering\FreeRTOS\Debug\libFreeRTOS.a(heap_1.o)
 .debug_line    0x000012ab      0x1af D:\Tmp\avr\P015_Watering\WaterWindow\Watering\FreeRTOS\Debug\libFreeRTOS.a(list.o)
 .debug_line    0x0000145a      0x260 D:\Tmp\avr\P015_Watering\WaterWindow\Watering\FreeRTOS\Debug\libFreeRTOS.a(port.o)
 .debug_line    0x000016ba      0x570 D:\Tmp\avr\P015_Watering\WaterWindow\Watering\Uart\Debug\libUart.a(HardwareSerial.o)
 .debug_line    0x00001c2a      0x23a D:\Tmp\avr\P015_Watering\WaterWindow\Watering\Uart\Debug\libUart.a(HardwareSerial0.o)
 .debug_line    0x00001e64      0x559 D:\Tmp\avr\P015_Watering\WaterWindow\Watering\Uart\Debug\libUart.a(Print.o)

.debug_frame    0x00000000      0xac4
 *(.debug_frame)
 .debug_frame   0x00000000       0x54 main.o
 .debug_frame   0x00000054      0x450 D:\Tmp\avr\P015_Watering\WaterWindow\Watering\FreeRTOS\Debug\libFreeRTOS.a(tasks.o)
 .debug_frame   0x000004a4       0x60 D:\Tmp\avr\P015_Watering\WaterWindow\Watering\FreeRTOS\Debug\libFreeRTOS.a(heap_1.o)
 .debug_frame   0x00000504       0x88 D:\Tmp\avr\P015_Watering\WaterWindow\Watering\FreeRTOS\Debug\libFreeRTOS.a(list.o)
 .debug_frame   0x0000058c       0x74 D:\Tmp\avr\P015_Watering\WaterWindow\Watering\FreeRTOS\Debug\libFreeRTOS.a(port.o)
 .debug_frame   0x00000600       0xec D:\Tmp\avr\P015_Watering\WaterWindow\Watering\Uart\Debug\libUart.a(HardwareSerial.o)
 .debug_frame   0x000006ec       0xe4 D:\Tmp\avr\P015_Watering\WaterWindow\Watering\Uart\Debug\libUart.a(HardwareSerial0.o)
 .debug_frame   0x000007d0      0x2f4 D:\Tmp\avr\P015_Watering\WaterWindow\Watering\Uart\Debug\libUart.a(Print.o)

.debug_str      0x00000000     0x1e69
 *(.debug_str)
 .debug_str     0x00000000      0x208 D:/Soft/7.0/Packs/atmel/ATmega_DFP/1.7.374/gcc/dev/atmega328p/avr5/crtatmega328p.o
 .debug_str     0x00000208      0x516 main.o
                                0x577 (size before relaxing)
 .debug_str     0x0000071e      0xab5 D:\Tmp\avr\P015_Watering\WaterWindow\Watering\FreeRTOS\Debug\libFreeRTOS.a(tasks.o)
                                0xbdd (size before relaxing)
 .debug_str     0x000011d3       0x72 D:\Tmp\avr\P015_Watering\WaterWindow\Watering\FreeRTOS\Debug\libFreeRTOS.a(heap_1.o)
                                0x21d (size before relaxing)
 .debug_str     0x00001245       0x54 D:\Tmp\avr\P015_Watering\WaterWindow\Watering\FreeRTOS\Debug\libFreeRTOS.a(list.o)
                                0x2ac (size before relaxing)
 .debug_str     0x00001299       0x77 D:\Tmp\avr\P015_Watering\WaterWindow\Watering\FreeRTOS\Debug\libFreeRTOS.a(port.o)
                                0x2a6 (size before relaxing)
 .debug_str     0x00001310      0x7a3 D:\Tmp\avr\P015_Watering\WaterWindow\Watering\Uart\Debug\libUart.a(HardwareSerial.o)
                                0x9f9 (size before relaxing)
 .debug_str     0x00001ab3       0xc3 D:\Tmp\avr\P015_Watering\WaterWindow\Watering\Uart\Debug\libUart.a(HardwareSerial0.o)
                                0x7d7 (size before relaxing)
 .debug_str     0x00001b76      0x2f3 D:\Tmp\avr\P015_Watering\WaterWindow\Watering\Uart\Debug\libUart.a(Print.o)
                                0x583 (size before relaxing)

.debug_loc      0x00000000     0x3d6c
 *(.debug_loc)
 .debug_loc     0x00000000       0xf8 main.o
 .debug_loc     0x000000f8     0x1cfd D:\Tmp\avr\P015_Watering\WaterWindow\Watering\FreeRTOS\Debug\libFreeRTOS.a(tasks.o)
 .debug_loc     0x00001df5       0xf1 D:\Tmp\avr\P015_Watering\WaterWindow\Watering\FreeRTOS\Debug\libFreeRTOS.a(heap_1.o)
 .debug_loc     0x00001ee6      0x145 D:\Tmp\avr\P015_Watering\WaterWindow\Watering\FreeRTOS\Debug\libFreeRTOS.a(list.o)
 .debug_loc     0x0000202b      0x274 D:\Tmp\avr\P015_Watering\WaterWindow\Watering\FreeRTOS\Debug\libFreeRTOS.a(port.o)
 .debug_loc     0x0000229f      0x429 D:\Tmp\avr\P015_Watering\WaterWindow\Watering\Uart\Debug\libUart.a(HardwareSerial.o)
 .debug_loc     0x000026c8      0x217 D:\Tmp\avr\P015_Watering\WaterWindow\Watering\Uart\Debug\libUart.a(HardwareSerial0.o)
 .debug_loc     0x000028df     0x148d D:\Tmp\avr\P015_Watering\WaterWindow\Watering\Uart\Debug\libUart.a(Print.o)

.debug_macinfo
 *(.debug_macinfo)

.debug_weaknames
 *(.debug_weaknames)

.debug_funcnames
 *(.debug_funcnames)

.debug_typenames
 *(.debug_typenames)

.debug_varnames
 *(.debug_varnames)

.debug_pubtypes
 *(.debug_pubtypes)

.debug_ranges   0x00000000      0x398
 *(.debug_ranges)
 .debug_ranges  0x00000000       0x18 main.o
 .debug_ranges  0x00000018      0x190 D:\Tmp\avr\P015_Watering\WaterWindow\Watering\FreeRTOS\Debug\libFreeRTOS.a(tasks.o)
 .debug_ranges  0x000001a8       0x28 D:\Tmp\avr\P015_Watering\WaterWindow\Watering\FreeRTOS\Debug\libFreeRTOS.a(heap_1.o)
 .debug_ranges  0x000001d0       0x30 D:\Tmp\avr\P015_Watering\WaterWindow\Watering\FreeRTOS\Debug\libFreeRTOS.a(list.o)
 .debug_ranges  0x00000200       0x38 D:\Tmp\avr\P015_Watering\WaterWindow\Watering\FreeRTOS\Debug\libFreeRTOS.a(port.o)
 .debug_ranges  0x00000238       0x50 D:\Tmp\avr\P015_Watering\WaterWindow\Watering\Uart\Debug\libUart.a(HardwareSerial.o)
 .debug_ranges  0x00000288       0x40 D:\Tmp\avr\P015_Watering\WaterWindow\Watering\Uart\Debug\libUart.a(HardwareSerial0.o)
 .debug_ranges  0x000002c8       0xd0 D:\Tmp\avr\P015_Watering\WaterWindow\Watering\Uart\Debug\libUart.a(Print.o)

.debug_macro
 *(.debug_macro)
OUTPUT(Watering.elf elf32-avr)
LOAD linker stubs
