Archive member included to satisfy reference by file (symbol)

D:\Tmp\probs\AVR\FreeRTOS\Release\libFreeRTOS.a(tasks.o)
                              main.o (xTaskCreate)
D:\Tmp\probs\AVR\FreeRTOS\Release\libFreeRTOS.a(timers.o)
                              D:\Tmp\probs\AVR\FreeRTOS\Release\libFreeRTOS.a(tasks.o) (xTimerCreateTimerTask)
D:\Tmp\probs\AVR\FreeRTOS\Release\libFreeRTOS.a(heap_3.o)
                              D:\Tmp\probs\AVR\FreeRTOS\Release\libFreeRTOS.a(tasks.o) (pvPortMalloc)
D:\Tmp\probs\AVR\FreeRTOS\Release\libFreeRTOS.a(list.o)
                              D:\Tmp\probs\AVR\FreeRTOS\Release\libFreeRTOS.a(tasks.o) (vListInitialise)
D:\Tmp\probs\AVR\FreeRTOS\Release\libFreeRTOS.a(port.o)
                              D:\Tmp\probs\AVR\FreeRTOS\Release\libFreeRTOS.a(tasks.o) (pxPortInitialiseStack)
D:\Tmp\probs\AVR\FreeRTOS\Release\libFreeRTOS.a(queue.o)
                              D:\Tmp\probs\AVR\FreeRTOS\Release\libFreeRTOS.a(timers.o) (xQueueGenericCreate)
d:/soft/atmel/7.0/toolchain/avr8/avr8-gnu-toolchain/bin/../lib/gcc/avr/5.4.0/avr5\libgcc.a(_exit.o)
                              D:/Soft/ATMEL/7.0/Packs/atmel/ATmega_DFP/1.6.364/gcc/dev/atmega328p/avr5/crtatmega328p.o (exit)
d:/soft/atmel/7.0/toolchain/avr8/avr8-gnu-toolchain/bin/../lib/gcc/avr/5.4.0/avr5\libgcc.a(_tablejump2.o)
                              D:\Tmp\probs\AVR\FreeRTOS\Release\libFreeRTOS.a(timers.o) (__tablejump2__)
d:/soft/atmel/7.0/toolchain/avr8/avr8-gnu-toolchain/bin/../lib/gcc/avr/5.4.0/avr5\libgcc.a(_copy_data.o)
                              D:\Tmp\probs\AVR\FreeRTOS\Release\libFreeRTOS.a(tasks.o) (__do_copy_data)
d:/soft/atmel/7.0/toolchain/avr8/avr8-gnu-toolchain/bin/../lib/gcc/avr/5.4.0/avr5\libgcc.a(_clear_bss.o)
                              D:\Tmp\probs\AVR\FreeRTOS\Release\libFreeRTOS.a(tasks.o) (__do_clear_bss)
d:/soft/atmel/7.0/toolchain/avr8/avr8-gnu-toolchain/bin/../lib/gcc/avr/5.4.0/../../../../avr/lib/avr5\libc.a(malloc.o)
                              D:\Tmp\probs\AVR\FreeRTOS\Release\libFreeRTOS.a(heap_3.o) (malloc)
d:/soft/atmel/7.0/toolchain/avr8/avr8-gnu-toolchain/bin/../lib/gcc/avr/5.4.0/../../../../avr/lib/avr5\libc.a(memcpy.o)
                              D:\Tmp\probs\AVR\FreeRTOS\Release\libFreeRTOS.a(queue.o) (memcpy)
d:/soft/atmel/7.0/toolchain/avr8/avr8-gnu-toolchain/bin/../lib/gcc/avr/5.4.0/../../../../avr/lib/avr5\libc.a(memset.o)
                              D:\Tmp\probs\AVR\FreeRTOS\Release\libFreeRTOS.a(tasks.o) (memset)

Allocating common symbols
Common symbol       size              file

__brkval            0x2               d:/soft/atmel/7.0/toolchain/avr8/avr8-gnu-toolchain/bin/../lib/gcc/avr/5.4.0/../../../../avr/lib/avr5\libc.a(malloc.o)
portTickRateHz      0x2               D:\Tmp\probs\AVR\FreeRTOS\Release\libFreeRTOS.a(port.o)
__flp               0x2               d:/soft/atmel/7.0/toolchain/avr8/avr8-gnu-toolchain/bin/../lib/gcc/avr/5.4.0/../../../../avr/lib/avr5\libc.a(malloc.o)
ticksRemainingInSec
                    0x2               D:\Tmp\probs\AVR\FreeRTOS\Release\libFreeRTOS.a(port.o)

Discarded input sections

 .data          0x00000000        0x0 D:/Soft/ATMEL/7.0/Packs/atmel/ATmega_DFP/1.6.364/gcc/dev/atmega328p/avr5/crtatmega328p.o
 .bss           0x00000000        0x0 D:/Soft/ATMEL/7.0/Packs/atmel/ATmega_DFP/1.6.364/gcc/dev/atmega328p/avr5/crtatmega328p.o
 .text          0x00000000        0x0 main.o
 .data          0x00000000        0x0 main.o
 .bss           0x00000000        0x0 main.o
 .text          0x00000000        0x0 D:\Tmp\probs\AVR\FreeRTOS\Release\libFreeRTOS.a(tasks.o)
 .data          0x00000000        0x0 D:\Tmp\probs\AVR\FreeRTOS\Release\libFreeRTOS.a(tasks.o)
 .bss           0x00000000        0x0 D:\Tmp\probs\AVR\FreeRTOS\Release\libFreeRTOS.a(tasks.o)
 .text.hot.prvIdleTask
                0x00000000       0x5c D:\Tmp\probs\AVR\FreeRTOS\Release\libFreeRTOS.a(tasks.o)
 .text.hot.vTaskDelete
                0x00000000       0xb8 D:\Tmp\probs\AVR\FreeRTOS\Release\libFreeRTOS.a(tasks.o)
 .text.hot.uxTaskPriorityGet
                0x00000000       0x1e D:\Tmp\probs\AVR\FreeRTOS\Release\libFreeRTOS.a(tasks.o)
 .text.hot.uxTaskPriorityGetFromISR
                0x00000000       0x14 D:\Tmp\probs\AVR\FreeRTOS\Release\libFreeRTOS.a(tasks.o)
 .text.hot.vTaskPrioritySet
                0x00000000      0x104 D:\Tmp\probs\AVR\FreeRTOS\Release\libFreeRTOS.a(tasks.o)
 .text.hot.vTaskResume
                0x00000000       0xce D:\Tmp\probs\AVR\FreeRTOS\Release\libFreeRTOS.a(tasks.o)
 .text.hot.xTaskResumeFromISR
                0x00000000       0xca D:\Tmp\probs\AVR\FreeRTOS\Release\libFreeRTOS.a(tasks.o)
 .rodata.str1.1
                0x00000000        0x5 D:\Tmp\probs\AVR\FreeRTOS\Release\libFreeRTOS.a(tasks.o)
 .text.hot.vTaskStartScheduler
                0x00000000       0x5a D:\Tmp\probs\AVR\FreeRTOS\Release\libFreeRTOS.a(tasks.o)
 .text.hot.vTaskEndScheduler
                0x00000000        0xe D:\Tmp\probs\AVR\FreeRTOS\Release\libFreeRTOS.a(tasks.o)
 .text.hot.xTaskGetTickCount
                0x00000000       0x14 D:\Tmp\probs\AVR\FreeRTOS\Release\libFreeRTOS.a(tasks.o)
 .text.hot.xTaskGetTickCountFromISR
                0x00000000        0xa D:\Tmp\probs\AVR\FreeRTOS\Release\libFreeRTOS.a(tasks.o)
 .text.hot.uxTaskGetNumberOfTasks
                0x00000000        0x6 D:\Tmp\probs\AVR\FreeRTOS\Release\libFreeRTOS.a(tasks.o)
 .text.hot.pcTaskGetName
                0x00000000       0x10 D:\Tmp\probs\AVR\FreeRTOS\Release\libFreeRTOS.a(tasks.o)
 .text.hot.xTaskDelayUntil
                0x00000000       0x70 D:\Tmp\probs\AVR\FreeRTOS\Release\libFreeRTOS.a(tasks.o)
 .text.hot.xTaskCatchUpTicks
                0x00000000       0x30 D:\Tmp\probs\AVR\FreeRTOS\Release\libFreeRTOS.a(tasks.o)
 .text.hot.vTaskSuspend
                0x00000000       0xac D:\Tmp\probs\AVR\FreeRTOS\Release\libFreeRTOS.a(tasks.o)
 .text.hot.vTaskPlaceOnEventList
                0x00000000       0x22 D:\Tmp\probs\AVR\FreeRTOS\Release\libFreeRTOS.a(tasks.o)
 .text.hot.vTaskPlaceOnUnorderedEventList
                0x00000000       0x8a D:\Tmp\probs\AVR\FreeRTOS\Release\libFreeRTOS.a(tasks.o)
 .text.hot.vTaskPlaceOnEventListRestricted
                0x00000000       0x90 D:\Tmp\probs\AVR\FreeRTOS\Release\libFreeRTOS.a(tasks.o)
 .text.hot.xTaskRemoveFromEventList
                0x00000000      0x158 D:\Tmp\probs\AVR\FreeRTOS\Release\libFreeRTOS.a(tasks.o)
 .text.hot.vTaskRemoveFromUnorderedEventList
                0x00000000      0x10e D:\Tmp\probs\AVR\FreeRTOS\Release\libFreeRTOS.a(tasks.o)
 .text.hot.vTaskSetTimeOutState
                0x00000000       0x20 D:\Tmp\probs\AVR\FreeRTOS\Release\libFreeRTOS.a(tasks.o)
 .text.hot.vTaskInternalSetTimeOutState
                0x00000000       0x16 D:\Tmp\probs\AVR\FreeRTOS\Release\libFreeRTOS.a(tasks.o)
 .text.hot.xTaskCheckForTimeOut
                0x00000000       0x64 D:\Tmp\probs\AVR\FreeRTOS\Release\libFreeRTOS.a(tasks.o)
 .text.hot.vTaskMissedYield
                0x00000000        0x8 D:\Tmp\probs\AVR\FreeRTOS\Release\libFreeRTOS.a(tasks.o)
 .text.hot.uxTaskGetStackHighWaterMark
                0x00000000       0x2c D:\Tmp\probs\AVR\FreeRTOS\Release\libFreeRTOS.a(tasks.o)
 .text.hot.xTaskGetCurrentTaskHandle
                0x00000000        0xa D:\Tmp\probs\AVR\FreeRTOS\Release\libFreeRTOS.a(tasks.o)
 .text.hot.xTaskGetSchedulerState
                0x00000000       0x1c D:\Tmp\probs\AVR\FreeRTOS\Release\libFreeRTOS.a(tasks.o)
 .text.hot.xTaskPriorityInherit
                0x00000000       0xf8 D:\Tmp\probs\AVR\FreeRTOS\Release\libFreeRTOS.a(tasks.o)
 .text.hot.xTaskPriorityDisinherit
                0x00000000       0xa4 D:\Tmp\probs\AVR\FreeRTOS\Release\libFreeRTOS.a(tasks.o)
 .text.hot.vTaskPriorityDisinheritAfterTimeout
                0x00000000       0xbe D:\Tmp\probs\AVR\FreeRTOS\Release\libFreeRTOS.a(tasks.o)
 .text.hot.uxTaskResetEventItemValue
                0x00000000       0x2e D:\Tmp\probs\AVR\FreeRTOS\Release\libFreeRTOS.a(tasks.o)
 .text.hot.pvTaskIncrementMutexHeldCount
                0x00000000       0x24 D:\Tmp\probs\AVR\FreeRTOS\Release\libFreeRTOS.a(tasks.o)
 .text.hot.ulTaskGenericNotifyTake
                0x00000000       0xe2 D:\Tmp\probs\AVR\FreeRTOS\Release\libFreeRTOS.a(tasks.o)
 .text.hot.xTaskGenericNotifyWait
                0x00000000      0x142 D:\Tmp\probs\AVR\FreeRTOS\Release\libFreeRTOS.a(tasks.o)
 .text.hot.xTaskGenericNotify
                0x00000000      0x1b8 D:\Tmp\probs\AVR\FreeRTOS\Release\libFreeRTOS.a(tasks.o)
 .text.hot.xTaskGenericNotifyFromISR
                0x00000000      0x20c D:\Tmp\probs\AVR\FreeRTOS\Release\libFreeRTOS.a(tasks.o)
 .text.hot.vTaskGenericNotifyGiveFromISR
                0x00000000      0x162 D:\Tmp\probs\AVR\FreeRTOS\Release\libFreeRTOS.a(tasks.o)
 .text.hot.xTaskGenericNotifyStateClear
                0x00000000       0x2c D:\Tmp\probs\AVR\FreeRTOS\Release\libFreeRTOS.a(tasks.o)
 .text.hot.ulTaskGenericNotifyValueClear
                0x00000000       0x68 D:\Tmp\probs\AVR\FreeRTOS\Release\libFreeRTOS.a(tasks.o)
 .data.uxTopUsedPriority
                0x00000000        0x1 D:\Tmp\probs\AVR\FreeRTOS\Release\libFreeRTOS.a(tasks.o)
 .bss.xIdleTaskHandle
                0x00000000        0x2 D:\Tmp\probs\AVR\FreeRTOS\Release\libFreeRTOS.a(tasks.o)
 .bss.uxDeletedTasksWaitingCleanUp
                0x00000000        0x1 D:\Tmp\probs\AVR\FreeRTOS\Release\libFreeRTOS.a(tasks.o)
 .text          0x00000000        0x0 D:\Tmp\probs\AVR\FreeRTOS\Release\libFreeRTOS.a(timers.o)
 .data          0x00000000        0x0 D:\Tmp\probs\AVR\FreeRTOS\Release\libFreeRTOS.a(timers.o)
 .bss           0x00000000        0x0 D:\Tmp\probs\AVR\FreeRTOS\Release\libFreeRTOS.a(timers.o)
 .text.hot.prvCheckForValidListAndQueue
                0x00000000       0x52 D:\Tmp\probs\AVR\FreeRTOS\Release\libFreeRTOS.a(timers.o)
 .text.hot.prvInsertTimerInActiveList
                0x00000000       0x54 D:\Tmp\probs\AVR\FreeRTOS\Release\libFreeRTOS.a(timers.o)
 .text.hot.prvReloadTimer
                0x00000000       0x48 D:\Tmp\probs\AVR\FreeRTOS\Release\libFreeRTOS.a(timers.o)
 .text.hot.prvProcessExpiredTimer
                0x00000000       0x54 D:\Tmp\probs\AVR\FreeRTOS\Release\libFreeRTOS.a(timers.o)
 .text.hot.prvSwitchTimerLists
                0x00000000       0x3c D:\Tmp\probs\AVR\FreeRTOS\Release\libFreeRTOS.a(timers.o)
 .text.hot.prvTimerTask
                0x00000000      0x1be D:\Tmp\probs\AVR\FreeRTOS\Release\libFreeRTOS.a(timers.o)
 .progmem.gcc_sw_table.prvTimerTask
                0x00000000       0x12 D:\Tmp\probs\AVR\FreeRTOS\Release\libFreeRTOS.a(timers.o)
 .rodata.str1.1
                0x00000000        0x8 D:\Tmp\probs\AVR\FreeRTOS\Release\libFreeRTOS.a(timers.o)
 .text.hot.xTimerCreateTimerTask
                0x00000000       0x40 D:\Tmp\probs\AVR\FreeRTOS\Release\libFreeRTOS.a(timers.o)
 .text.hot.xTimerCreate
                0x00000000       0x6e D:\Tmp\probs\AVR\FreeRTOS\Release\libFreeRTOS.a(timers.o)
 .text.hot.xTimerGenericCommand
                0x00000000       0x7e D:\Tmp\probs\AVR\FreeRTOS\Release\libFreeRTOS.a(timers.o)
 .text.hot.xTimerGetTimerDaemonTaskHandle
                0x00000000        0xa D:\Tmp\probs\AVR\FreeRTOS\Release\libFreeRTOS.a(timers.o)
 .text.hot.xTimerGetPeriod
                0x00000000        0x8 D:\Tmp\probs\AVR\FreeRTOS\Release\libFreeRTOS.a(timers.o)
 .text.hot.vTimerSetReloadMode
                0x00000000       0x1c D:\Tmp\probs\AVR\FreeRTOS\Release\libFreeRTOS.a(timers.o)
 .text.hot.xTimerGetReloadMode
                0x00000000       0x16 D:\Tmp\probs\AVR\FreeRTOS\Release\libFreeRTOS.a(timers.o)
 .text.hot.uxTimerGetReloadMode
                0x00000000        0x4 D:\Tmp\probs\AVR\FreeRTOS\Release\libFreeRTOS.a(timers.o)
 .text.hot.xTimerGetExpiryTime
                0x00000000        0x8 D:\Tmp\probs\AVR\FreeRTOS\Release\libFreeRTOS.a(timers.o)
 .text.hot.pcTimerGetName
                0x00000000        0x8 D:\Tmp\probs\AVR\FreeRTOS\Release\libFreeRTOS.a(timers.o)
 .text.hot.xTimerIsTimerActive
                0x00000000       0x12 D:\Tmp\probs\AVR\FreeRTOS\Release\libFreeRTOS.a(timers.o)
 .text.hot.pvTimerGetTimerID
                0x00000000       0x12 D:\Tmp\probs\AVR\FreeRTOS\Release\libFreeRTOS.a(timers.o)
 .text.hot.vTimerSetTimerID
                0x00000000       0x12 D:\Tmp\probs\AVR\FreeRTOS\Release\libFreeRTOS.a(timers.o)
 .bss.xLastTime.2445
                0x00000000        0x2 D:\Tmp\probs\AVR\FreeRTOS\Release\libFreeRTOS.a(timers.o)
 .bss.xTimerTaskHandle
                0x00000000        0x2 D:\Tmp\probs\AVR\FreeRTOS\Release\libFreeRTOS.a(timers.o)
 .bss.xTimerQueue
                0x00000000        0x2 D:\Tmp\probs\AVR\FreeRTOS\Release\libFreeRTOS.a(timers.o)
 .bss.pxOverflowTimerList
                0x00000000        0x2 D:\Tmp\probs\AVR\FreeRTOS\Release\libFreeRTOS.a(timers.o)
 .bss.pxCurrentTimerList
                0x00000000        0x2 D:\Tmp\probs\AVR\FreeRTOS\Release\libFreeRTOS.a(timers.o)
 .bss.xActiveTimerList2
                0x00000000        0x9 D:\Tmp\probs\AVR\FreeRTOS\Release\libFreeRTOS.a(timers.o)
 .bss.xActiveTimerList1
                0x00000000        0x9 D:\Tmp\probs\AVR\FreeRTOS\Release\libFreeRTOS.a(timers.o)
 .comment       0x00000000       0x31 D:\Tmp\probs\AVR\FreeRTOS\Release\libFreeRTOS.a(timers.o)
 .text          0x00000000        0x0 D:\Tmp\probs\AVR\FreeRTOS\Release\libFreeRTOS.a(heap_3.o)
 .data          0x00000000        0x0 D:\Tmp\probs\AVR\FreeRTOS\Release\libFreeRTOS.a(heap_3.o)
 .bss           0x00000000        0x0 D:\Tmp\probs\AVR\FreeRTOS\Release\libFreeRTOS.a(heap_3.o)
 .text          0x00000000        0x0 D:\Tmp\probs\AVR\FreeRTOS\Release\libFreeRTOS.a(list.o)
 .data          0x00000000        0x0 D:\Tmp\probs\AVR\FreeRTOS\Release\libFreeRTOS.a(list.o)
 .bss           0x00000000        0x0 D:\Tmp\probs\AVR\FreeRTOS\Release\libFreeRTOS.a(list.o)
 .text.hot.vListInsertEnd
                0x00000000       0x42 D:\Tmp\probs\AVR\FreeRTOS\Release\libFreeRTOS.a(list.o)
 .text          0x00000000        0x0 D:\Tmp\probs\AVR\FreeRTOS\Release\libFreeRTOS.a(port.o)
 .data          0x00000000        0x0 D:\Tmp\probs\AVR\FreeRTOS\Release\libFreeRTOS.a(port.o)
 .bss           0x00000000        0x0 D:\Tmp\probs\AVR\FreeRTOS\Release\libFreeRTOS.a(port.o)
 .text.hot.xPortStartScheduler
                0x00000000       0x70 D:\Tmp\probs\AVR\FreeRTOS\Release\libFreeRTOS.a(port.o)
 .text.hot.vPortEndScheduler
                0x00000000       0x18 D:\Tmp\probs\AVR\FreeRTOS\Release\libFreeRTOS.a(port.o)
 .text.hot.vPortDelay
                0x00000000       0x3e D:\Tmp\probs\AVR\FreeRTOS\Release\libFreeRTOS.a(port.o)
 .text.hot.vPortYieldFromISR
                0x00000000       0xb2 D:\Tmp\probs\AVR\FreeRTOS\Release\libFreeRTOS.a(port.o)
 COMMON         0x00000000        0x4 D:\Tmp\probs\AVR\FreeRTOS\Release\libFreeRTOS.a(port.o)
 .text          0x00000000        0x0 D:\Tmp\probs\AVR\FreeRTOS\Release\libFreeRTOS.a(queue.o)
 .data          0x00000000        0x0 D:\Tmp\probs\AVR\FreeRTOS\Release\libFreeRTOS.a(queue.o)
 .bss           0x00000000        0x0 D:\Tmp\probs\AVR\FreeRTOS\Release\libFreeRTOS.a(queue.o)
 .text.hot.prvIsQueueEmpty
                0x00000000       0x16 D:\Tmp\probs\AVR\FreeRTOS\Release\libFreeRTOS.a(queue.o)
 .text.hot.prvCopyDataToQueue
                0x00000000       0xa6 D:\Tmp\probs\AVR\FreeRTOS\Release\libFreeRTOS.a(queue.o)
 .text.hot.prvCopyDataFromQueue
                0x00000000       0x34 D:\Tmp\probs\AVR\FreeRTOS\Release\libFreeRTOS.a(queue.o)
 .text.hot.prvUnlockQueue
                0x00000000       0x7c D:\Tmp\probs\AVR\FreeRTOS\Release\libFreeRTOS.a(queue.o)
 .text.hot.xQueueGenericReset
                0x00000000       0x92 D:\Tmp\probs\AVR\FreeRTOS\Release\libFreeRTOS.a(queue.o)
 .text.hot.xQueueGenericCreate
                0x00000000       0x50 D:\Tmp\probs\AVR\FreeRTOS\Release\libFreeRTOS.a(queue.o)
 .text.hot.xQueueCreateCountingSemaphore
                0x00000000       0x26 D:\Tmp\probs\AVR\FreeRTOS\Release\libFreeRTOS.a(queue.o)
 .text.hot.xQueueGenericSend
                0x00000000      0x12c D:\Tmp\probs\AVR\FreeRTOS\Release\libFreeRTOS.a(queue.o)
 .text.hot.xQueueCreateMutex
                0x00000000       0x34 D:\Tmp\probs\AVR\FreeRTOS\Release\libFreeRTOS.a(queue.o)
 .text.hot.xQueueGiveMutexRecursive
                0x00000000       0x44 D:\Tmp\probs\AVR\FreeRTOS\Release\libFreeRTOS.a(queue.o)
 .text.hot.xQueueGenericSendFromISR
                0x00000000       0x68 D:\Tmp\probs\AVR\FreeRTOS\Release\libFreeRTOS.a(queue.o)
 .text.hot.xQueueGiveFromISR
                0x00000000       0x5e D:\Tmp\probs\AVR\FreeRTOS\Release\libFreeRTOS.a(queue.o)
 .text.hot.xQueueReceive
                0x00000000      0x124 D:\Tmp\probs\AVR\FreeRTOS\Release\libFreeRTOS.a(queue.o)
 .text.hot.xQueueSemaphoreTake
                0x00000000      0x184 D:\Tmp\probs\AVR\FreeRTOS\Release\libFreeRTOS.a(queue.o)
 .text.hot.xQueueTakeMutexRecursive
                0x00000000       0x48 D:\Tmp\probs\AVR\FreeRTOS\Release\libFreeRTOS.a(queue.o)
 .text.hot.xQueuePeek
                0x00000000      0x124 D:\Tmp\probs\AVR\FreeRTOS\Release\libFreeRTOS.a(queue.o)
 .text.hot.xQueueReceiveFromISR
                0x00000000       0x66 D:\Tmp\probs\AVR\FreeRTOS\Release\libFreeRTOS.a(queue.o)
 .text.hot.xQueuePeekFromISR
                0x00000000       0x2e D:\Tmp\probs\AVR\FreeRTOS\Release\libFreeRTOS.a(queue.o)
 .text.hot.uxQueueMessagesWaiting
                0x00000000       0x10 D:\Tmp\probs\AVR\FreeRTOS\Release\libFreeRTOS.a(queue.o)
 .text.hot.uxQueueSpacesAvailable
                0x00000000       0x14 D:\Tmp\probs\AVR\FreeRTOS\Release\libFreeRTOS.a(queue.o)
 .text.hot.uxQueueMessagesWaitingFromISR
                0x00000000        0x6 D:\Tmp\probs\AVR\FreeRTOS\Release\libFreeRTOS.a(queue.o)
 .text.hot.vQueueDelete
                0x00000000        0x4 D:\Tmp\probs\AVR\FreeRTOS\Release\libFreeRTOS.a(queue.o)
 .text.hot.xQueueIsQueueEmptyFromISR
                0x00000000        0xc D:\Tmp\probs\AVR\FreeRTOS\Release\libFreeRTOS.a(queue.o)
 .text.hot.xQueueIsQueueFullFromISR
                0x00000000        0xe D:\Tmp\probs\AVR\FreeRTOS\Release\libFreeRTOS.a(queue.o)
 .text.hot.vQueueWaitForMessageRestricted
                0x00000000       0x38 D:\Tmp\probs\AVR\FreeRTOS\Release\libFreeRTOS.a(queue.o)
 .comment       0x00000000       0x31 D:\Tmp\probs\AVR\FreeRTOS\Release\libFreeRTOS.a(queue.o)
 .text          0x00000000        0x0 d:/soft/atmel/7.0/toolchain/avr8/avr8-gnu-toolchain/bin/../lib/gcc/avr/5.4.0/avr5\libgcc.a(_exit.o)
 .data          0x00000000        0x0 d:/soft/atmel/7.0/toolchain/avr8/avr8-gnu-toolchain/bin/../lib/gcc/avr/5.4.0/avr5\libgcc.a(_exit.o)
 .bss           0x00000000        0x0 d:/soft/atmel/7.0/toolchain/avr8/avr8-gnu-toolchain/bin/../lib/gcc/avr/5.4.0/avr5\libgcc.a(_exit.o)
 .text.libgcc.mul
                0x00000000        0x0 d:/soft/atmel/7.0/toolchain/avr8/avr8-gnu-toolchain/bin/../lib/gcc/avr/5.4.0/avr5\libgcc.a(_exit.o)
 .text.libgcc.div
                0x00000000        0x0 d:/soft/atmel/7.0/toolchain/avr8/avr8-gnu-toolchain/bin/../lib/gcc/avr/5.4.0/avr5\libgcc.a(_exit.o)
 .text.libgcc   0x00000000        0x0 d:/soft/atmel/7.0/toolchain/avr8/avr8-gnu-toolchain/bin/../lib/gcc/avr/5.4.0/avr5\libgcc.a(_exit.o)
 .text.libgcc.prologue
                0x00000000        0x0 d:/soft/atmel/7.0/toolchain/avr8/avr8-gnu-toolchain/bin/../lib/gcc/avr/5.4.0/avr5\libgcc.a(_exit.o)
 .text.libgcc.builtins
                0x00000000        0x0 d:/soft/atmel/7.0/toolchain/avr8/avr8-gnu-toolchain/bin/../lib/gcc/avr/5.4.0/avr5\libgcc.a(_exit.o)
 .text.libgcc.fmul
                0x00000000        0x0 d:/soft/atmel/7.0/toolchain/avr8/avr8-gnu-toolchain/bin/../lib/gcc/avr/5.4.0/avr5\libgcc.a(_exit.o)
 .text.libgcc.fixed
                0x00000000        0x0 d:/soft/atmel/7.0/toolchain/avr8/avr8-gnu-toolchain/bin/../lib/gcc/avr/5.4.0/avr5\libgcc.a(_exit.o)
 .text          0x00000000        0x0 d:/soft/atmel/7.0/toolchain/avr8/avr8-gnu-toolchain/bin/../lib/gcc/avr/5.4.0/avr5\libgcc.a(_tablejump2.o)
 .data          0x00000000        0x0 d:/soft/atmel/7.0/toolchain/avr8/avr8-gnu-toolchain/bin/../lib/gcc/avr/5.4.0/avr5\libgcc.a(_tablejump2.o)
 .bss           0x00000000        0x0 d:/soft/atmel/7.0/toolchain/avr8/avr8-gnu-toolchain/bin/../lib/gcc/avr/5.4.0/avr5\libgcc.a(_tablejump2.o)
 .text.libgcc.mul
                0x00000000        0x0 d:/soft/atmel/7.0/toolchain/avr8/avr8-gnu-toolchain/bin/../lib/gcc/avr/5.4.0/avr5\libgcc.a(_tablejump2.o)
 .text.libgcc.div
                0x00000000        0x0 d:/soft/atmel/7.0/toolchain/avr8/avr8-gnu-toolchain/bin/../lib/gcc/avr/5.4.0/avr5\libgcc.a(_tablejump2.o)
 .text.libgcc   0x00000000        0xc d:/soft/atmel/7.0/toolchain/avr8/avr8-gnu-toolchain/bin/../lib/gcc/avr/5.4.0/avr5\libgcc.a(_tablejump2.o)
 .text.libgcc.prologue
                0x00000000        0x0 d:/soft/atmel/7.0/toolchain/avr8/avr8-gnu-toolchain/bin/../lib/gcc/avr/5.4.0/avr5\libgcc.a(_tablejump2.o)
 .text.libgcc.builtins
                0x00000000        0x0 d:/soft/atmel/7.0/toolchain/avr8/avr8-gnu-toolchain/bin/../lib/gcc/avr/5.4.0/avr5\libgcc.a(_tablejump2.o)
 .text.libgcc.fmul
                0x00000000        0x0 d:/soft/atmel/7.0/toolchain/avr8/avr8-gnu-toolchain/bin/../lib/gcc/avr/5.4.0/avr5\libgcc.a(_tablejump2.o)
 .text.libgcc.fixed
                0x00000000        0x0 d:/soft/atmel/7.0/toolchain/avr8/avr8-gnu-toolchain/bin/../lib/gcc/avr/5.4.0/avr5\libgcc.a(_tablejump2.o)
 .text          0x00000000        0x0 d:/soft/atmel/7.0/toolchain/avr8/avr8-gnu-toolchain/bin/../lib/gcc/avr/5.4.0/avr5\libgcc.a(_copy_data.o)
 .data          0x00000000        0x0 d:/soft/atmel/7.0/toolchain/avr8/avr8-gnu-toolchain/bin/../lib/gcc/avr/5.4.0/avr5\libgcc.a(_copy_data.o)
 .bss           0x00000000        0x0 d:/soft/atmel/7.0/toolchain/avr8/avr8-gnu-toolchain/bin/../lib/gcc/avr/5.4.0/avr5\libgcc.a(_copy_data.o)
 .text.libgcc.mul
                0x00000000        0x0 d:/soft/atmel/7.0/toolchain/avr8/avr8-gnu-toolchain/bin/../lib/gcc/avr/5.4.0/avr5\libgcc.a(_copy_data.o)
 .text.libgcc.div
                0x00000000        0x0 d:/soft/atmel/7.0/toolchain/avr8/avr8-gnu-toolchain/bin/../lib/gcc/avr/5.4.0/avr5\libgcc.a(_copy_data.o)
 .text.libgcc   0x00000000        0x0 d:/soft/atmel/7.0/toolchain/avr8/avr8-gnu-toolchain/bin/../lib/gcc/avr/5.4.0/avr5\libgcc.a(_copy_data.o)
 .text.libgcc.prologue
                0x00000000        0x0 d:/soft/atmel/7.0/toolchain/avr8/avr8-gnu-toolchain/bin/../lib/gcc/avr/5.4.0/avr5\libgcc.a(_copy_data.o)
 .text.libgcc.builtins
                0x00000000        0x0 d:/soft/atmel/7.0/toolchain/avr8/avr8-gnu-toolchain/bin/../lib/gcc/avr/5.4.0/avr5\libgcc.a(_copy_data.o)
 .text.libgcc.fmul
                0x00000000        0x0 d:/soft/atmel/7.0/toolchain/avr8/avr8-gnu-toolchain/bin/../lib/gcc/avr/5.4.0/avr5\libgcc.a(_copy_data.o)
 .text.libgcc.fixed
                0x00000000        0x0 d:/soft/atmel/7.0/toolchain/avr8/avr8-gnu-toolchain/bin/../lib/gcc/avr/5.4.0/avr5\libgcc.a(_copy_data.o)
 .text          0x00000000        0x0 d:/soft/atmel/7.0/toolchain/avr8/avr8-gnu-toolchain/bin/../lib/gcc/avr/5.4.0/avr5\libgcc.a(_clear_bss.o)
 .data          0x00000000        0x0 d:/soft/atmel/7.0/toolchain/avr8/avr8-gnu-toolchain/bin/../lib/gcc/avr/5.4.0/avr5\libgcc.a(_clear_bss.o)
 .bss           0x00000000        0x0 d:/soft/atmel/7.0/toolchain/avr8/avr8-gnu-toolchain/bin/../lib/gcc/avr/5.4.0/avr5\libgcc.a(_clear_bss.o)
 .text.libgcc.mul
                0x00000000        0x0 d:/soft/atmel/7.0/toolchain/avr8/avr8-gnu-toolchain/bin/../lib/gcc/avr/5.4.0/avr5\libgcc.a(_clear_bss.o)
 .text.libgcc.div
                0x00000000        0x0 d:/soft/atmel/7.0/toolchain/avr8/avr8-gnu-toolchain/bin/../lib/gcc/avr/5.4.0/avr5\libgcc.a(_clear_bss.o)
 .text.libgcc   0x00000000        0x0 d:/soft/atmel/7.0/toolchain/avr8/avr8-gnu-toolchain/bin/../lib/gcc/avr/5.4.0/avr5\libgcc.a(_clear_bss.o)
 .text.libgcc.prologue
                0x00000000        0x0 d:/soft/atmel/7.0/toolchain/avr8/avr8-gnu-toolchain/bin/../lib/gcc/avr/5.4.0/avr5\libgcc.a(_clear_bss.o)
 .text.libgcc.builtins
                0x00000000        0x0 d:/soft/atmel/7.0/toolchain/avr8/avr8-gnu-toolchain/bin/../lib/gcc/avr/5.4.0/avr5\libgcc.a(_clear_bss.o)
 .text.libgcc.fmul
                0x00000000        0x0 d:/soft/atmel/7.0/toolchain/avr8/avr8-gnu-toolchain/bin/../lib/gcc/avr/5.4.0/avr5\libgcc.a(_clear_bss.o)
 .text.libgcc.fixed
                0x00000000        0x0 d:/soft/atmel/7.0/toolchain/avr8/avr8-gnu-toolchain/bin/../lib/gcc/avr/5.4.0/avr5\libgcc.a(_clear_bss.o)
 .text          0x00000000        0x0 d:/soft/atmel/7.0/toolchain/avr8/avr8-gnu-toolchain/bin/../lib/gcc/avr/5.4.0/../../../../avr/lib/avr5\libc.a(malloc.o)
 .bss           0x00000000        0x0 d:/soft/atmel/7.0/toolchain/avr8/avr8-gnu-toolchain/bin/../lib/gcc/avr/5.4.0/../../../../avr/lib/avr5\libc.a(malloc.o)
 .text          0x00000000        0x0 d:/soft/atmel/7.0/toolchain/avr8/avr8-gnu-toolchain/bin/../lib/gcc/avr/5.4.0/../../../../avr/lib/avr5\libc.a(memcpy.o)
 .data          0x00000000        0x0 d:/soft/atmel/7.0/toolchain/avr8/avr8-gnu-toolchain/bin/../lib/gcc/avr/5.4.0/../../../../avr/lib/avr5\libc.a(memcpy.o)
 .bss           0x00000000        0x0 d:/soft/atmel/7.0/toolchain/avr8/avr8-gnu-toolchain/bin/../lib/gcc/avr/5.4.0/../../../../avr/lib/avr5\libc.a(memcpy.o)
 .text.avr-libc
                0x00000000       0x12 d:/soft/atmel/7.0/toolchain/avr8/avr8-gnu-toolchain/bin/../lib/gcc/avr/5.4.0/../../../../avr/lib/avr5\libc.a(memcpy.o)
 .text          0x00000000        0x0 d:/soft/atmel/7.0/toolchain/avr8/avr8-gnu-toolchain/bin/../lib/gcc/avr/5.4.0/../../../../avr/lib/avr5\libc.a(memset.o)
 .data          0x00000000        0x0 d:/soft/atmel/7.0/toolchain/avr8/avr8-gnu-toolchain/bin/../lib/gcc/avr/5.4.0/../../../../avr/lib/avr5\libc.a(memset.o)
 .bss           0x00000000        0x0 d:/soft/atmel/7.0/toolchain/avr8/avr8-gnu-toolchain/bin/../lib/gcc/avr/5.4.0/../../../../avr/lib/avr5\libc.a(memset.o)

Memory Configuration

Name             Origin             Length             Attributes
text             0x00000000         0x00008000         xr
data             0x00800100         0x00000800         rw !x
eeprom           0x00810000         0x00000400         rw !x
fuse             0x00820000         0x00000003         rw !x
lock             0x00830000         0x00000400         rw !x
signature        0x00840000         0x00000400         rw !x
user_signatures  0x00850000         0x00000400         rw !x
*default*        0x00000000         0xffffffff

Linker script and memory map

Address of section .data set to 0x800100
LOAD D:/Soft/ATMEL/7.0/Packs/atmel/ATmega_DFP/1.6.364/gcc/dev/atmega328p/avr5/crtatmega328p.o
LOAD main.o
START GROUP
LOAD d:/soft/atmel/7.0/toolchain/avr8/avr8-gnu-toolchain/bin/../lib/gcc/avr/5.4.0/../../../../avr/lib/avr5\libm.a
LOAD D:\Tmp\probs\AVR\FreeRTOS\Release\libFreeRTOS.a
END GROUP
LOAD d:/soft/atmel/7.0/toolchain/avr8/avr8-gnu-toolchain/bin/../lib/gcc/avr/5.4.0/avr5\libgcc.a
LOAD d:/soft/atmel/7.0/toolchain/avr8/avr8-gnu-toolchain/bin/../lib/gcc/avr/5.4.0/../../../../avr/lib/avr5\libm.a
START GROUP
LOAD d:/soft/atmel/7.0/toolchain/avr8/avr8-gnu-toolchain/bin/../lib/gcc/avr/5.4.0/avr5\libgcc.a
LOAD d:/soft/atmel/7.0/toolchain/avr8/avr8-gnu-toolchain/bin/../lib/gcc/avr/5.4.0/../../../../avr/lib/avr5\libm.a
LOAD d:/soft/atmel/7.0/toolchain/avr8/avr8-gnu-toolchain/bin/../lib/gcc/avr/5.4.0/../../../../avr/lib/avr5\libc.a
LOAD D:/Soft/ATMEL/7.0/Packs/atmel/ATmega_DFP/1.6.364/gcc/dev/atmega328p/avr5\libatmega328p.a
END GROUP
                0x00000000                __TEXT_REGION_ORIGIN__ = DEFINED (__TEXT_REGION_ORIGIN__)?__TEXT_REGION_ORIGIN__:0x0
                [0x00800100]                __DATA_REGION_ORIGIN__ = DEFINED (__DATA_REGION_ORIGIN__)?__DATA_REGION_ORIGIN__:0x800060
                [0x00008000]                __TEXT_REGION_LENGTH__ = DEFINED (__TEXT_REGION_LENGTH__)?__TEXT_REGION_LENGTH__:0x20000
                [0x00000800]                __DATA_REGION_LENGTH__ = DEFINED (__DATA_REGION_LENGTH__)?__DATA_REGION_LENGTH__:0xffa0
                [0x00000400]                __EEPROM_REGION_LENGTH__ = DEFINED (__EEPROM_REGION_LENGTH__)?__EEPROM_REGION_LENGTH__:0x10000
                [0x00000003]                __FUSE_REGION_LENGTH__ = DEFINED (__FUSE_REGION_LENGTH__)?__FUSE_REGION_LENGTH__:0x400
                0x00000400                __LOCK_REGION_LENGTH__ = DEFINED (__LOCK_REGION_LENGTH__)?__LOCK_REGION_LENGTH__:0x400
                0x00000400                __SIGNATURE_REGION_LENGTH__ = DEFINED (__SIGNATURE_REGION_LENGTH__)?__SIGNATURE_REGION_LENGTH__:0x400
                0x00000400                __USER_SIGNATURE_REGION_LENGTH__ = DEFINED (__USER_SIGNATURE_REGION_LENGTH__)?__USER_SIGNATURE_REGION_LENGTH__:0x400

.hash
 *(.hash)

.dynsym
 *(.dynsym)

.dynstr
 *(.dynstr)

.gnu.version
 *(.gnu.version)

.gnu.version_d
 *(.gnu.version_d)

.gnu.version_r
 *(.gnu.version_r)

.rel.init
 *(.rel.init)

.rela.init
 *(.rela.init)

.rel.text
 *(.rel.text)
 *(.rel.text.*)
 *(.rel.gnu.linkonce.t*)

.rela.text
 *(.rela.text)
 *(.rela.text.*)
 *(.rela.gnu.linkonce.t*)

.rel.fini
 *(.rel.fini)

.rela.fini
 *(.rela.fini)

.rel.rodata
 *(.rel.rodata)
 *(.rel.rodata.*)
 *(.rel.gnu.linkonce.r*)

.rela.rodata
 *(.rela.rodata)
 *(.rela.rodata.*)
 *(.rela.gnu.linkonce.r*)

.rel.data
 *(.rel.data)
 *(.rel.data.*)
 *(.rel.gnu.linkonce.d*)

.rela.data
 *(.rela.data)
 *(.rela.data.*)
 *(.rela.gnu.linkonce.d*)

.rel.ctors
 *(.rel.ctors)

.rela.ctors
 *(.rela.ctors)

.rel.dtors
 *(.rel.dtors)

.rela.dtors
 *(.rela.dtors)

.rel.got
 *(.rel.got)

.rela.got
 *(.rela.got)

.rel.bss
 *(.rel.bss)

.rela.bss
 *(.rela.bss)

.rel.plt
 *(.rel.plt)

.rela.plt
 *(.rela.plt)

.text           0x00000000      0xe20
 *(.vectors)
 .vectors       0x00000000       0x68 D:/Soft/ATMEL/7.0/Packs/atmel/ATmega_DFP/1.6.364/gcc/dev/atmega328p/avr5/crtatmega328p.o
                0x00000000                __vector_default
                0x00000000                __vectors
 *(.vectors)
 *(.progmem.gcc*)
                0x00000068                . = ALIGN (0x2)
                0x00000068                __trampolines_start = .
 *(.trampolines)
 .trampolines   0x00000068        0x0 linker stubs
 *(.trampolines*)
                0x00000068                __trampolines_end = .
 *libprintf_flt.a:*(.progmem.data)
 *libc.a:*(.progmem.data)
 *(.progmem*)
                0x00000068                . = ALIGN (0x2)
 *(.jumptables)
 *(.jumptables*)
 *(.lowtext)
 *(.lowtext*)
                0x00000068                __ctors_start = .
 *(.ctors)
                0x00000068                __ctors_end = .
                0x00000068                __dtors_start = .
 *(.dtors)
                0x00000068                __dtors_end = .
 SORT(*)(.ctors)
 SORT(*)(.dtors)
 *(.init0)
 .init0         0x00000068        0x0 D:/Soft/ATMEL/7.0/Packs/atmel/ATmega_DFP/1.6.364/gcc/dev/atmega328p/avr5/crtatmega328p.o
                0x00000068                __init
 *(.init0)
 *(.init1)
 *(.init1)
 *(.init2)
 .init2         0x00000068        0xc D:/Soft/ATMEL/7.0/Packs/atmel/ATmega_DFP/1.6.364/gcc/dev/atmega328p/avr5/crtatmega328p.o
 *(.init2)
 *(.init3)
 *(.init3)
 *(.init4)
 .init4         0x00000074       0x16 d:/soft/atmel/7.0/toolchain/avr8/avr8-gnu-toolchain/bin/../lib/gcc/avr/5.4.0/avr5\libgcc.a(_copy_data.o)
                0x00000074                __do_copy_data
 .init4         0x0000008a       0x10 d:/soft/atmel/7.0/toolchain/avr8/avr8-gnu-toolchain/bin/../lib/gcc/avr/5.4.0/avr5\libgcc.a(_clear_bss.o)
                0x0000008a                __do_clear_bss
 *(.init4)
 *(.init5)
 *(.init5)
 *(.init6)
 *(.init6)
 *(.init7)
 *(.init7)
 *(.init8)
 *(.init8)
 *(.init9)
 .init9         0x0000009a        0x8 D:/Soft/ATMEL/7.0/Packs/atmel/ATmega_DFP/1.6.364/gcc/dev/atmega328p/avr5/crtatmega328p.o
 *(.init9)
 *(.text)
 .text          0x000000a2        0x4 D:/Soft/ATMEL/7.0/Packs/atmel/ATmega_DFP/1.6.364/gcc/dev/atmega328p/avr5/crtatmega328p.o
                0x000000a2                __vector_22
                0x000000a2                __vector_1
                0x000000a2                __vector_24
                0x000000a2                __vector_12
                0x000000a2                __bad_interrupt
                0x000000a2                __vector_3
                0x000000a2                __vector_23
                0x000000a2                __vector_25
                0x000000a2                __vector_11
                0x000000a2                __vector_13
                0x000000a2                __vector_17
                0x000000a2                __vector_19
                0x000000a2                __vector_7
                0x000000a2                __vector_5
                0x000000a2                __vector_4
                0x000000a2                __vector_9
                0x000000a2                __vector_2
                0x000000a2                __vector_21
                0x000000a2                __vector_15
                0x000000a2                __vector_8
                0x000000a2                __vector_14
                0x000000a2                __vector_10
                0x000000a2                __vector_16
                0x000000a2                __vector_18
                0x000000a2                __vector_20
                0x000000a6                . = ALIGN (0x2)
 *(.text.*)
 .text._Z7Blink10Pv
                0x000000a6       0x1a main.o
                0x000000a6                _Z7Blink10Pv
 .text._Z7Blink11Pv
                0x000000c0       0x1a main.o
                0x000000c0                _Z7Blink11Pv
 .text.main     0x000000da       0x38 main.o
                0x000000da                main
 .text.hot.prvResetNextTaskUnblockTime
                0x00000112       0x30 D:\Tmp\probs\AVR\FreeRTOS\Release\libFreeRTOS.a(tasks.o)
 .text.hot.prvAddCurrentTaskToDelayedList
                0x00000142      0x106 D:\Tmp\probs\AVR\FreeRTOS\Release\libFreeRTOS.a(tasks.o)
 .text.hot.xTaskCreate
                0x00000248      0x244 D:\Tmp\probs\AVR\FreeRTOS\Release\libFreeRTOS.a(tasks.o)
                0x00000248                xTaskCreate
 .text.hot.vTaskSuspendAll
                0x0000048c        0xc D:\Tmp\probs\AVR\FreeRTOS\Release\libFreeRTOS.a(tasks.o)
                0x0000048c                vTaskSuspendAll
 .text.hot.xTaskIncrementTick
                0x00000498      0x1fe D:\Tmp\probs\AVR\FreeRTOS\Release\libFreeRTOS.a(tasks.o)
                0x00000498                xTaskIncrementTick
 .text.hot.xTaskResumeAll
                0x00000696      0x198 D:\Tmp\probs\AVR\FreeRTOS\Release\libFreeRTOS.a(tasks.o)
                0x00000696                xTaskResumeAll
 .text.hot.vTaskDelay
                0x0000082e       0x2a D:\Tmp\probs\AVR\FreeRTOS\Release\libFreeRTOS.a(tasks.o)
                0x0000082e                vTaskDelay
 .text.hot.vTaskSwitchContext
                0x00000858       0xbc D:\Tmp\probs\AVR\FreeRTOS\Release\libFreeRTOS.a(tasks.o)
                0x00000858                vTaskSwitchContext
 .text.hot.pvPortMalloc
                0x00000914       0x26 D:\Tmp\probs\AVR\FreeRTOS\Release\libFreeRTOS.a(heap_3.o)
                0x00000914                pvPortMalloc
 .text.hot.vPortFree
                0x0000093a       0x22 D:\Tmp\probs\AVR\FreeRTOS\Release\libFreeRTOS.a(heap_3.o)
                0x0000093a                vPortFree
 .text.hot.vListInitialise
                0x0000095c       0x1c D:\Tmp\probs\AVR\FreeRTOS\Release\libFreeRTOS.a(list.o)
                0x0000095c                vListInitialise
 .text.hot.vListInitialiseItem
                0x00000978        0x8 D:\Tmp\probs\AVR\FreeRTOS\Release\libFreeRTOS.a(list.o)
                0x00000978                vListInitialiseItem
 .text.hot.vListInsert
                0x00000980       0x70 D:\Tmp\probs\AVR\FreeRTOS\Release\libFreeRTOS.a(list.o)
                0x00000980                vListInsert
 .text.hot.uxListRemove
                0x000009f0       0x48 D:\Tmp\probs\AVR\FreeRTOS\Release\libFreeRTOS.a(list.o)
                0x000009f0                uxListRemove
 .text.hot.pxPortInitialiseStack
                0x00000a38       0x22 D:\Tmp\probs\AVR\FreeRTOS\Release\libFreeRTOS.a(port.o)
                0x00000a38                pxPortInitialiseStack
 .text.hot.vPortYield
                0x00000a5a       0xb2 D:\Tmp\probs\AVR\FreeRTOS\Release\libFreeRTOS.a(port.o)
                0x00000a5a                vPortYield
 .text.hot.vPortYieldFromTick
                0x00000b0c       0xba D:\Tmp\probs\AVR\FreeRTOS\Release\libFreeRTOS.a(port.o)
                0x00000b0c                vPortYieldFromTick
 .text.hot.__vector_6
                0x00000bc6        0x6 D:\Tmp\probs\AVR\FreeRTOS\Release\libFreeRTOS.a(port.o)
                0x00000bc6                __vector_6
 .text.avr-libc
                0x00000bcc      0x242 d:/soft/atmel/7.0/toolchain/avr8/avr8-gnu-toolchain/bin/../lib/gcc/avr/5.4.0/../../../../avr/lib/avr5\libc.a(malloc.o)
                0x00000bcc                malloc
                0x00000cfc                free
 .text.avr-libc
                0x00000e0e        0xe d:/soft/atmel/7.0/toolchain/avr8/avr8-gnu-toolchain/bin/../lib/gcc/avr/5.4.0/../../../../avr/lib/avr5\libc.a(memset.o)
                0x00000e0e                memset
                0x00000e1c                . = ALIGN (0x2)
 *(.fini9)
 .fini9         0x00000e1c        0x0 d:/soft/atmel/7.0/toolchain/avr8/avr8-gnu-toolchain/bin/../lib/gcc/avr/5.4.0/avr5\libgcc.a(_exit.o)
                0x00000e1c                _exit
                0x00000e1c                exit
 *(.fini9)
 *(.fini8)
 *(.fini8)
 *(.fini7)
 *(.fini7)
 *(.fini6)
 *(.fini6)
 *(.fini5)
 *(.fini5)
 *(.fini4)
 *(.fini4)
 *(.fini3)
 *(.fini3)
 *(.fini2)
 *(.fini2)
 *(.fini1)
 *(.fini1)
 *(.fini0)
 .fini0         0x00000e1c        0x4 d:/soft/atmel/7.0/toolchain/avr8/avr8-gnu-toolchain/bin/../lib/gcc/avr/5.4.0/avr5\libgcc.a(_exit.o)
 *(.fini0)
                0x00000e20                _etext = .

.data           0x00800100        0x6 load address 0x00000e20
                0x00800100                PROVIDE (__data_start, .)
 *(.data)
 .data          0x00800100        0x6 d:/soft/atmel/7.0/toolchain/avr8/avr8-gnu-toolchain/bin/../lib/gcc/avr/5.4.0/../../../../avr/lib/avr5\libc.a(malloc.o)
                0x00800100                __malloc_heap_end
                0x00800102                __malloc_heap_start
                0x00800104                __malloc_margin
 *(.data*)
 *(.gnu.linkonce.d*)
 *(.rodata)
 *(.rodata*)
 *(.gnu.linkonce.r*)
                0x00800106                . = ALIGN (0x2)
                0x00800106                _edata = .
                0x00800106                PROVIDE (__data_end, .)

.bss            0x00800106       0x68
                0x00800106                PROVIDE (__bss_start, .)
 *(.bss)
 *(.bss*)
 .bss.uxSchedulerSuspended
                0x00800106        0x1 D:\Tmp\probs\AVR\FreeRTOS\Release\libFreeRTOS.a(tasks.o)
 .bss.xNextTaskUnblockTime
                0x00800107        0x2 D:\Tmp\probs\AVR\FreeRTOS\Release\libFreeRTOS.a(tasks.o)
 .bss.uxTaskNumber
                0x00800109        0x1 D:\Tmp\probs\AVR\FreeRTOS\Release\libFreeRTOS.a(tasks.o)
 .bss.xNumOfOverflows
                0x0080010a        0x1 D:\Tmp\probs\AVR\FreeRTOS\Release\libFreeRTOS.a(tasks.o)
 .bss.xYieldPending
                0x0080010b        0x1 D:\Tmp\probs\AVR\FreeRTOS\Release\libFreeRTOS.a(tasks.o)
 .bss.xPendedTicks
                0x0080010c        0x2 D:\Tmp\probs\AVR\FreeRTOS\Release\libFreeRTOS.a(tasks.o)
 .bss.xSchedulerRunning
                0x0080010e        0x1 D:\Tmp\probs\AVR\FreeRTOS\Release\libFreeRTOS.a(tasks.o)
 .bss.uxTopReadyPriority
                0x0080010f        0x1 D:\Tmp\probs\AVR\FreeRTOS\Release\libFreeRTOS.a(tasks.o)
 .bss.xTickCount
                0x00800110        0x2 D:\Tmp\probs\AVR\FreeRTOS\Release\libFreeRTOS.a(tasks.o)
 .bss.uxCurrentNumberOfTasks
                0x00800112        0x1 D:\Tmp\probs\AVR\FreeRTOS\Release\libFreeRTOS.a(tasks.o)
 .bss.xSuspendedTaskList
                0x00800113        0x9 D:\Tmp\probs\AVR\FreeRTOS\Release\libFreeRTOS.a(tasks.o)
 .bss.xTasksWaitingTermination
                0x0080011c        0x9 D:\Tmp\probs\AVR\FreeRTOS\Release\libFreeRTOS.a(tasks.o)
 .bss.xPendingReadyList
                0x00800125        0x9 D:\Tmp\probs\AVR\FreeRTOS\Release\libFreeRTOS.a(tasks.o)
 .bss.pxOverflowDelayedTaskList
                0x0080012e        0x2 D:\Tmp\probs\AVR\FreeRTOS\Release\libFreeRTOS.a(tasks.o)
 .bss.pxDelayedTaskList
                0x00800130        0x2 D:\Tmp\probs\AVR\FreeRTOS\Release\libFreeRTOS.a(tasks.o)
 .bss.xDelayedTaskList2
                0x00800132        0x9 D:\Tmp\probs\AVR\FreeRTOS\Release\libFreeRTOS.a(tasks.o)
 .bss.xDelayedTaskList1
                0x0080013b        0x9 D:\Tmp\probs\AVR\FreeRTOS\Release\libFreeRTOS.a(tasks.o)
 .bss.pxReadyTasksLists
                0x00800144       0x24 D:\Tmp\probs\AVR\FreeRTOS\Release\libFreeRTOS.a(tasks.o)
 .bss.pxCurrentTCB
                0x00800168        0x2 D:\Tmp\probs\AVR\FreeRTOS\Release\libFreeRTOS.a(tasks.o)
                0x00800168                pxCurrentTCB
 *(COMMON)
 COMMON         0x0080016a        0x4 d:/soft/atmel/7.0/toolchain/avr8/avr8-gnu-toolchain/bin/../lib/gcc/avr/5.4.0/../../../../avr/lib/avr5\libc.a(malloc.o)
                0x0080016a                __brkval
                0x0080016c                __flp
                0x0080016e                PROVIDE (__bss_end, .)
                0x00000e20                __data_load_start = LOADADDR (.data)
                0x00000e26                __data_load_end = (__data_load_start + SIZEOF (.data))

.noinit         0x0080016e        0x0
                [!provide]                PROVIDE (__noinit_start, .)
 *(.noinit*)
                [!provide]                PROVIDE (__noinit_end, .)
                0x0080016e                _end = .
                0x0080016e                PROVIDE (__heap_start, .)

.eeprom         0x00810000        0x0
 *(.eeprom*)
                0x00810000                __eeprom_end = .

.fuse
 *(.fuse)
 *(.lfuse)
 *(.hfuse)
 *(.efuse)

.lock
 *(.lock*)

.signature
 *(.signature*)

.user_signatures
 *(.user_signatures*)

.stab
 *(.stab)

.stabstr
 *(.stabstr)

.stab.excl
 *(.stab.excl)

.stab.exclstr
 *(.stab.exclstr)

.stab.index
 *(.stab.index)

.stab.indexstr
 *(.stab.indexstr)

.comment        0x00000000       0x30
 *(.comment)
 .comment       0x00000000       0x30 main.o
                                 0x31 (size before relaxing)
 .comment       0x00000030       0x31 D:\Tmp\probs\AVR\FreeRTOS\Release\libFreeRTOS.a(tasks.o)
 .comment       0x00000030       0x31 D:\Tmp\probs\AVR\FreeRTOS\Release\libFreeRTOS.a(heap_3.o)
 .comment       0x00000030       0x31 D:\Tmp\probs\AVR\FreeRTOS\Release\libFreeRTOS.a(list.o)
 .comment       0x00000030       0x31 D:\Tmp\probs\AVR\FreeRTOS\Release\libFreeRTOS.a(port.o)
 .comment       0x00000030       0x31 d:/soft/atmel/7.0/toolchain/avr8/avr8-gnu-toolchain/bin/../lib/gcc/avr/5.4.0/../../../../avr/lib/avr5\libc.a(malloc.o)

.note.gnu.avr.deviceinfo
                0x00000000       0x40
 .note.gnu.avr.deviceinfo
                0x00000000       0x40 D:/Soft/ATMEL/7.0/Packs/atmel/ATmega_DFP/1.6.364/gcc/dev/atmega328p/avr5/crtatmega328p.o

.note.gnu.build-id
 *(.note.gnu.build-id)

.debug
 *(.debug)

.line
 *(.line)

.debug_srcinfo
 *(.debug_srcinfo)

.debug_sfnames
 *(.debug_sfnames)

.debug_aranges  0x00000000       0x30
 *(.debug_aranges)
 .debug_aranges
                0x00000000       0x30 main.o

.debug_pubnames
 *(.debug_pubnames)

.debug_info     0x00000000      0x7e9
 *(.debug_info .gnu.linkonce.wi.*)
 .debug_info    0x00000000      0x5f4 D:/Soft/ATMEL/7.0/Packs/atmel/ATmega_DFP/1.6.364/gcc/dev/atmega328p/avr5/crtatmega328p.o
 .debug_info    0x000005f4      0x1f5 main.o

.debug_abbrev   0x00000000      0x64c
 *(.debug_abbrev)
 .debug_abbrev  0x00000000      0x5a2 D:/Soft/ATMEL/7.0/Packs/atmel/ATmega_DFP/1.6.364/gcc/dev/atmega328p/avr5/crtatmega328p.o
 .debug_abbrev  0x000005a2       0xaa main.o

.debug_line     0x00000000      0x1f9
 *(.debug_line .debug_line.* .debug_line_end)
 .debug_line    0x00000000      0x134 D:/Soft/ATMEL/7.0/Packs/atmel/ATmega_DFP/1.6.364/gcc/dev/atmega328p/avr5/crtatmega328p.o
 .debug_line    0x00000134       0xc5 main.o

.debug_frame    0x00000000       0x44
 *(.debug_frame)
 .debug_frame   0x00000000       0x44 main.o

.debug_str      0x00000000      0x39f
 *(.debug_str)
 .debug_str     0x00000000      0x208 D:/Soft/ATMEL/7.0/Packs/atmel/ATmega_DFP/1.6.364/gcc/dev/atmega328p/avr5/crtatmega328p.o
 .debug_str     0x00000208      0x197 main.o
                                0x1d0 (size before relaxing)

.debug_loc
 *(.debug_loc)

.debug_macinfo
 *(.debug_macinfo)

.debug_weaknames
 *(.debug_weaknames)

.debug_funcnames
 *(.debug_funcnames)

.debug_typenames
 *(.debug_typenames)

.debug_varnames
 *(.debug_varnames)

.debug_pubtypes
 *(.debug_pubtypes)

.debug_ranges   0x00000000       0x20
 *(.debug_ranges)
 .debug_ranges  0x00000000       0x20 main.o

.debug_macro
 *(.debug_macro)
OUTPUT(rtos_test.elf elf32-avr)
LOAD linker stubs
