Archive member included to satisfy reference by file (symbol)

D:\Tmp\probs\AVR\P016_rtos\FreeRTOS-ATMega328P\BlinkDemo\FreeRTOS\Debug\libFreeRTOS.a(tasks.o)
                              main.o (xTaskCreate)
D:\Tmp\probs\AVR\P016_rtos\FreeRTOS-ATMega328P\BlinkDemo\FreeRTOS\Debug\libFreeRTOS.a(heap_1.o)
                              D:\Tmp\probs\AVR\P016_rtos\FreeRTOS-ATMega328P\BlinkDemo\FreeRTOS\Debug\libFreeRTOS.a(tasks.o) (pvPortMalloc)
D:\Tmp\probs\AVR\P016_rtos\FreeRTOS-ATMega328P\BlinkDemo\FreeRTOS\Debug\libFreeRTOS.a(list.o)
                              D:\Tmp\probs\AVR\P016_rtos\FreeRTOS-ATMega328P\BlinkDemo\FreeRTOS\Debug\libFreeRTOS.a(tasks.o) (vListInitialise)
D:\Tmp\probs\AVR\P016_rtos\FreeRTOS-ATMega328P\BlinkDemo\FreeRTOS\Debug\libFreeRTOS.a(port.o)
                              D:\Tmp\probs\AVR\P016_rtos\FreeRTOS-ATMega328P\BlinkDemo\FreeRTOS\Debug\libFreeRTOS.a(tasks.o) (pxPortInitialiseStack)
d:/soft/atmel/7.0/toolchain/avr8/avr8-gnu-toolchain/bin/../lib/gcc/avr/5.4.0/avr5\libgcc.a(_exit.o)
                              D:/Soft/ATMEL/7.0/Packs/atmel/ATmega_DFP/1.7.374/gcc/dev/atmega328p/avr5/crtatmega328p.o (exit)
d:/soft/atmel/7.0/toolchain/avr8/avr8-gnu-toolchain/bin/../lib/gcc/avr/5.4.0/avr5\libgcc.a(_copy_data.o)
                              D:\Tmp\probs\AVR\P016_rtos\FreeRTOS-ATMega328P\BlinkDemo\FreeRTOS\Debug\libFreeRTOS.a(tasks.o) (__do_copy_data)
d:/soft/atmel/7.0/toolchain/avr8/avr8-gnu-toolchain/bin/../lib/gcc/avr/5.4.0/avr5\libgcc.a(_clear_bss.o)
                              D:\Tmp\probs\AVR\P016_rtos\FreeRTOS-ATMega328P\BlinkDemo\FreeRTOS\Debug\libFreeRTOS.a(tasks.o) (__do_clear_bss)

Discarded input sections

 .data          0x00000000        0x0 D:/Soft/ATMEL/7.0/Packs/atmel/ATmega_DFP/1.7.374/gcc/dev/atmega328p/avr5/crtatmega328p.o
 .bss           0x00000000        0x0 D:/Soft/ATMEL/7.0/Packs/atmel/ATmega_DFP/1.7.374/gcc/dev/atmega328p/avr5/crtatmega328p.o
 .text          0x00000000        0x0 main.o
 .data          0x00000000        0x0 main.o
 .bss           0x00000000        0x0 main.o
 .text          0x00000000        0x0 D:\Tmp\probs\AVR\P016_rtos\FreeRTOS-ATMega328P\BlinkDemo\FreeRTOS\Debug\libFreeRTOS.a(tasks.o)
 .data          0x00000000        0x0 D:\Tmp\probs\AVR\P016_rtos\FreeRTOS-ATMega328P\BlinkDemo\FreeRTOS\Debug\libFreeRTOS.a(tasks.o)
 .bss           0x00000000        0x0 D:\Tmp\probs\AVR\P016_rtos\FreeRTOS-ATMega328P\BlinkDemo\FreeRTOS\Debug\libFreeRTOS.a(tasks.o)
 .text.vTaskDelete
                0x00000000       0xaa D:\Tmp\probs\AVR\P016_rtos\FreeRTOS-ATMega328P\BlinkDemo\FreeRTOS\Debug\libFreeRTOS.a(tasks.o)
 .text.vTaskResume
                0x00000000       0x9e D:\Tmp\probs\AVR\P016_rtos\FreeRTOS-ATMega328P\BlinkDemo\FreeRTOS\Debug\libFreeRTOS.a(tasks.o)
 .text.xTaskResumeFromISR
                0x00000000       0xae D:\Tmp\probs\AVR\P016_rtos\FreeRTOS-ATMega328P\BlinkDemo\FreeRTOS\Debug\libFreeRTOS.a(tasks.o)
 .text.vTaskEndScheduler
                0x00000000        0xc D:\Tmp\probs\AVR\P016_rtos\FreeRTOS-ATMega328P\BlinkDemo\FreeRTOS\Debug\libFreeRTOS.a(tasks.o)
 .text.xTaskGetTickCount
                0x00000000       0x14 D:\Tmp\probs\AVR\P016_rtos\FreeRTOS-ATMega328P\BlinkDemo\FreeRTOS\Debug\libFreeRTOS.a(tasks.o)
 .text.xTaskGetTickCountFromISR
                0x00000000        0xa D:\Tmp\probs\AVR\P016_rtos\FreeRTOS-ATMega328P\BlinkDemo\FreeRTOS\Debug\libFreeRTOS.a(tasks.o)
 .text.uxTaskGetNumberOfTasks
                0x00000000        0x6 D:\Tmp\probs\AVR\P016_rtos\FreeRTOS-ATMega328P\BlinkDemo\FreeRTOS\Debug\libFreeRTOS.a(tasks.o)
 .text.pcTaskGetName
                0x00000000       0x10 D:\Tmp\probs\AVR\P016_rtos\FreeRTOS-ATMega328P\BlinkDemo\FreeRTOS\Debug\libFreeRTOS.a(tasks.o)
 .text.vTaskDelayUntil
                0x00000000       0x7c D:\Tmp\probs\AVR\P016_rtos\FreeRTOS-ATMega328P\BlinkDemo\FreeRTOS\Debug\libFreeRTOS.a(tasks.o)
 .text.vTaskSuspend
                0x00000000       0x9c D:\Tmp\probs\AVR\P016_rtos\FreeRTOS-ATMega328P\BlinkDemo\FreeRTOS\Debug\libFreeRTOS.a(tasks.o)
 .text.vTaskPlaceOnEventList
                0x00000000       0x24 D:\Tmp\probs\AVR\P016_rtos\FreeRTOS-ATMega328P\BlinkDemo\FreeRTOS\Debug\libFreeRTOS.a(tasks.o)
 .text.vTaskPlaceOnUnorderedEventList
                0x00000000       0x32 D:\Tmp\probs\AVR\P016_rtos\FreeRTOS-ATMega328P\BlinkDemo\FreeRTOS\Debug\libFreeRTOS.a(tasks.o)
 .text.xTaskRemoveFromEventList
                0x00000000       0x90 D:\Tmp\probs\AVR\P016_rtos\FreeRTOS-ATMega328P\BlinkDemo\FreeRTOS\Debug\libFreeRTOS.a(tasks.o)
 .text.xTaskRemoveFromUnorderedEventList
                0x00000000       0x74 D:\Tmp\probs\AVR\P016_rtos\FreeRTOS-ATMega328P\BlinkDemo\FreeRTOS\Debug\libFreeRTOS.a(tasks.o)
 .text.vTaskSetTimeOutState
                0x00000000       0x16 D:\Tmp\probs\AVR\P016_rtos\FreeRTOS-ATMega328P\BlinkDemo\FreeRTOS\Debug\libFreeRTOS.a(tasks.o)
 .text.xTaskCheckForTimeOut
                0x00000000       0x72 D:\Tmp\probs\AVR\P016_rtos\FreeRTOS-ATMega328P\BlinkDemo\FreeRTOS\Debug\libFreeRTOS.a(tasks.o)
 .text.vTaskMissedYield
                0x00000000        0x8 D:\Tmp\probs\AVR\P016_rtos\FreeRTOS-ATMega328P\BlinkDemo\FreeRTOS\Debug\libFreeRTOS.a(tasks.o)
 .text.uxTaskResetEventItemValue
                0x00000000       0x2e D:\Tmp\probs\AVR\P016_rtos\FreeRTOS-ATMega328P\BlinkDemo\FreeRTOS\Debug\libFreeRTOS.a(tasks.o)
 .text.ulTaskNotifyTake
                0x00000000       0xae D:\Tmp\probs\AVR\P016_rtos\FreeRTOS-ATMega328P\BlinkDemo\FreeRTOS\Debug\libFreeRTOS.a(tasks.o)
 .text.xTaskNotifyWait
                0x00000000      0x108 D:\Tmp\probs\AVR\P016_rtos\FreeRTOS-ATMega328P\BlinkDemo\FreeRTOS\Debug\libFreeRTOS.a(tasks.o)
 .text.xTaskGenericNotify
                0x00000000       0xfc D:\Tmp\probs\AVR\P016_rtos\FreeRTOS-ATMega328P\BlinkDemo\FreeRTOS\Debug\libFreeRTOS.a(tasks.o)
 .text.xTaskGenericNotifyFromISR
                0x00000000      0x122 D:\Tmp\probs\AVR\P016_rtos\FreeRTOS-ATMega328P\BlinkDemo\FreeRTOS\Debug\libFreeRTOS.a(tasks.o)
 .text.vTaskNotifyGiveFromISR
                0x00000000       0xb6 D:\Tmp\probs\AVR\P016_rtos\FreeRTOS-ATMega328P\BlinkDemo\FreeRTOS\Debug\libFreeRTOS.a(tasks.o)
 .text.xTaskNotifyStateClear
                0x00000000       0x28 D:\Tmp\probs\AVR\P016_rtos\FreeRTOS-ATMega328P\BlinkDemo\FreeRTOS\Debug\libFreeRTOS.a(tasks.o)
 .text          0x00000000        0x0 D:\Tmp\probs\AVR\P016_rtos\FreeRTOS-ATMega328P\BlinkDemo\FreeRTOS\Debug\libFreeRTOS.a(heap_1.o)
 .data          0x00000000        0x0 D:\Tmp\probs\AVR\P016_rtos\FreeRTOS-ATMega328P\BlinkDemo\FreeRTOS\Debug\libFreeRTOS.a(heap_1.o)
 .bss           0x00000000        0x0 D:\Tmp\probs\AVR\P016_rtos\FreeRTOS-ATMega328P\BlinkDemo\FreeRTOS\Debug\libFreeRTOS.a(heap_1.o)
 .text.vPortInitialiseBlocks
                0x00000000        0xa D:\Tmp\probs\AVR\P016_rtos\FreeRTOS-ATMega328P\BlinkDemo\FreeRTOS\Debug\libFreeRTOS.a(heap_1.o)
 .text.xPortGetFreeHeapSize
                0x00000000       0x12 D:\Tmp\probs\AVR\P016_rtos\FreeRTOS-ATMega328P\BlinkDemo\FreeRTOS\Debug\libFreeRTOS.a(heap_1.o)
 .text          0x00000000        0x0 D:\Tmp\probs\AVR\P016_rtos\FreeRTOS-ATMega328P\BlinkDemo\FreeRTOS\Debug\libFreeRTOS.a(list.o)
 .data          0x00000000        0x0 D:\Tmp\probs\AVR\P016_rtos\FreeRTOS-ATMega328P\BlinkDemo\FreeRTOS\Debug\libFreeRTOS.a(list.o)
 .bss           0x00000000        0x0 D:\Tmp\probs\AVR\P016_rtos\FreeRTOS-ATMega328P\BlinkDemo\FreeRTOS\Debug\libFreeRTOS.a(list.o)
 .text          0x00000000        0x0 D:\Tmp\probs\AVR\P016_rtos\FreeRTOS-ATMega328P\BlinkDemo\FreeRTOS\Debug\libFreeRTOS.a(port.o)
 .data          0x00000000        0x0 D:\Tmp\probs\AVR\P016_rtos\FreeRTOS-ATMega328P\BlinkDemo\FreeRTOS\Debug\libFreeRTOS.a(port.o)
 .bss           0x00000000        0x0 D:\Tmp\probs\AVR\P016_rtos\FreeRTOS-ATMega328P\BlinkDemo\FreeRTOS\Debug\libFreeRTOS.a(port.o)
 .text.vPortEndScheduler
                0x00000000        0x2 D:\Tmp\probs\AVR\P016_rtos\FreeRTOS-ATMega328P\BlinkDemo\FreeRTOS\Debug\libFreeRTOS.a(port.o)
 .text          0x00000000        0x0 d:/soft/atmel/7.0/toolchain/avr8/avr8-gnu-toolchain/bin/../lib/gcc/avr/5.4.0/avr5\libgcc.a(_exit.o)
 .data          0x00000000        0x0 d:/soft/atmel/7.0/toolchain/avr8/avr8-gnu-toolchain/bin/../lib/gcc/avr/5.4.0/avr5\libgcc.a(_exit.o)
 .bss           0x00000000        0x0 d:/soft/atmel/7.0/toolchain/avr8/avr8-gnu-toolchain/bin/../lib/gcc/avr/5.4.0/avr5\libgcc.a(_exit.o)
 .text.libgcc.mul
                0x00000000        0x0 d:/soft/atmel/7.0/toolchain/avr8/avr8-gnu-toolchain/bin/../lib/gcc/avr/5.4.0/avr5\libgcc.a(_exit.o)
 .text.libgcc.div
                0x00000000        0x0 d:/soft/atmel/7.0/toolchain/avr8/avr8-gnu-toolchain/bin/../lib/gcc/avr/5.4.0/avr5\libgcc.a(_exit.o)
 .text.libgcc   0x00000000        0x0 d:/soft/atmel/7.0/toolchain/avr8/avr8-gnu-toolchain/bin/../lib/gcc/avr/5.4.0/avr5\libgcc.a(_exit.o)
 .text.libgcc.prologue
                0x00000000        0x0 d:/soft/atmel/7.0/toolchain/avr8/avr8-gnu-toolchain/bin/../lib/gcc/avr/5.4.0/avr5\libgcc.a(_exit.o)
 .text.libgcc.builtins
                0x00000000        0x0 d:/soft/atmel/7.0/toolchain/avr8/avr8-gnu-toolchain/bin/../lib/gcc/avr/5.4.0/avr5\libgcc.a(_exit.o)
 .text.libgcc.fmul
                0x00000000        0x0 d:/soft/atmel/7.0/toolchain/avr8/avr8-gnu-toolchain/bin/../lib/gcc/avr/5.4.0/avr5\libgcc.a(_exit.o)
 .text.libgcc.fixed
                0x00000000        0x0 d:/soft/atmel/7.0/toolchain/avr8/avr8-gnu-toolchain/bin/../lib/gcc/avr/5.4.0/avr5\libgcc.a(_exit.o)
 .text          0x00000000        0x0 d:/soft/atmel/7.0/toolchain/avr8/avr8-gnu-toolchain/bin/../lib/gcc/avr/5.4.0/avr5\libgcc.a(_copy_data.o)
 .data          0x00000000        0x0 d:/soft/atmel/7.0/toolchain/avr8/avr8-gnu-toolchain/bin/../lib/gcc/avr/5.4.0/avr5\libgcc.a(_copy_data.o)
 .bss           0x00000000        0x0 d:/soft/atmel/7.0/toolchain/avr8/avr8-gnu-toolchain/bin/../lib/gcc/avr/5.4.0/avr5\libgcc.a(_copy_data.o)
 .text.libgcc.mul
                0x00000000        0x0 d:/soft/atmel/7.0/toolchain/avr8/avr8-gnu-toolchain/bin/../lib/gcc/avr/5.4.0/avr5\libgcc.a(_copy_data.o)
 .text.libgcc.div
                0x00000000        0x0 d:/soft/atmel/7.0/toolchain/avr8/avr8-gnu-toolchain/bin/../lib/gcc/avr/5.4.0/avr5\libgcc.a(_copy_data.o)
 .text.libgcc   0x00000000        0x0 d:/soft/atmel/7.0/toolchain/avr8/avr8-gnu-toolchain/bin/../lib/gcc/avr/5.4.0/avr5\libgcc.a(_copy_data.o)
 .text.libgcc.prologue
                0x00000000        0x0 d:/soft/atmel/7.0/toolchain/avr8/avr8-gnu-toolchain/bin/../lib/gcc/avr/5.4.0/avr5\libgcc.a(_copy_data.o)
 .text.libgcc.builtins
                0x00000000        0x0 d:/soft/atmel/7.0/toolchain/avr8/avr8-gnu-toolchain/bin/../lib/gcc/avr/5.4.0/avr5\libgcc.a(_copy_data.o)
 .text.libgcc.fmul
                0x00000000        0x0 d:/soft/atmel/7.0/toolchain/avr8/avr8-gnu-toolchain/bin/../lib/gcc/avr/5.4.0/avr5\libgcc.a(_copy_data.o)
 .text.libgcc.fixed
                0x00000000        0x0 d:/soft/atmel/7.0/toolchain/avr8/avr8-gnu-toolchain/bin/../lib/gcc/avr/5.4.0/avr5\libgcc.a(_copy_data.o)
 .text          0x00000000        0x0 d:/soft/atmel/7.0/toolchain/avr8/avr8-gnu-toolchain/bin/../lib/gcc/avr/5.4.0/avr5\libgcc.a(_clear_bss.o)
 .data          0x00000000        0x0 d:/soft/atmel/7.0/toolchain/avr8/avr8-gnu-toolchain/bin/../lib/gcc/avr/5.4.0/avr5\libgcc.a(_clear_bss.o)
 .bss           0x00000000        0x0 d:/soft/atmel/7.0/toolchain/avr8/avr8-gnu-toolchain/bin/../lib/gcc/avr/5.4.0/avr5\libgcc.a(_clear_bss.o)
 .text.libgcc.mul
                0x00000000        0x0 d:/soft/atmel/7.0/toolchain/avr8/avr8-gnu-toolchain/bin/../lib/gcc/avr/5.4.0/avr5\libgcc.a(_clear_bss.o)
 .text.libgcc.div
                0x00000000        0x0 d:/soft/atmel/7.0/toolchain/avr8/avr8-gnu-toolchain/bin/../lib/gcc/avr/5.4.0/avr5\libgcc.a(_clear_bss.o)
 .text.libgcc   0x00000000        0x0 d:/soft/atmel/7.0/toolchain/avr8/avr8-gnu-toolchain/bin/../lib/gcc/avr/5.4.0/avr5\libgcc.a(_clear_bss.o)
 .text.libgcc.prologue
                0x00000000        0x0 d:/soft/atmel/7.0/toolchain/avr8/avr8-gnu-toolchain/bin/../lib/gcc/avr/5.4.0/avr5\libgcc.a(_clear_bss.o)
 .text.libgcc.builtins
                0x00000000        0x0 d:/soft/atmel/7.0/toolchain/avr8/avr8-gnu-toolchain/bin/../lib/gcc/avr/5.4.0/avr5\libgcc.a(_clear_bss.o)
 .text.libgcc.fmul
                0x00000000        0x0 d:/soft/atmel/7.0/toolchain/avr8/avr8-gnu-toolchain/bin/../lib/gcc/avr/5.4.0/avr5\libgcc.a(_clear_bss.o)
 .text.libgcc.fixed
                0x00000000        0x0 d:/soft/atmel/7.0/toolchain/avr8/avr8-gnu-toolchain/bin/../lib/gcc/avr/5.4.0/avr5\libgcc.a(_clear_bss.o)

Memory Configuration

Name             Origin             Length             Attributes
text             0x00000000         0x00008000         xr
data             0x00800100         0x00000800         rw !x
eeprom           0x00810000         0x00000400         rw !x
fuse             0x00820000         0x00000003         rw !x
lock             0x00830000         0x00000400         rw !x
signature        0x00840000         0x00000400         rw !x
user_signatures  0x00850000         0x00000400         rw !x
*default*        0x00000000         0xffffffff

Linker script and memory map

Address of section .data set to 0x800100
LOAD D:/Soft/ATMEL/7.0/Packs/atmel/ATmega_DFP/1.7.374/gcc/dev/atmega328p/avr5/crtatmega328p.o
LOAD main.o
START GROUP
LOAD d:/soft/atmel/7.0/toolchain/avr8/avr8-gnu-toolchain/bin/../lib/gcc/avr/5.4.0/../../../../avr/lib/avr5\libm.a
LOAD D:\Tmp\probs\AVR\P016_rtos\FreeRTOS-ATMega328P\BlinkDemo\FreeRTOS\Debug\libFreeRTOS.a
END GROUP
LOAD d:/soft/atmel/7.0/toolchain/avr8/avr8-gnu-toolchain/bin/../lib/gcc/avr/5.4.0/avr5\libgcc.a
LOAD d:/soft/atmel/7.0/toolchain/avr8/avr8-gnu-toolchain/bin/../lib/gcc/avr/5.4.0/../../../../avr/lib/avr5\libm.a
START GROUP
LOAD d:/soft/atmel/7.0/toolchain/avr8/avr8-gnu-toolchain/bin/../lib/gcc/avr/5.4.0/avr5\libgcc.a
LOAD d:/soft/atmel/7.0/toolchain/avr8/avr8-gnu-toolchain/bin/../lib/gcc/avr/5.4.0/../../../../avr/lib/avr5\libm.a
LOAD d:/soft/atmel/7.0/toolchain/avr8/avr8-gnu-toolchain/bin/../lib/gcc/avr/5.4.0/../../../../avr/lib/avr5\libc.a
LOAD D:/Soft/ATMEL/7.0/Packs/atmel/ATmega_DFP/1.7.374/gcc/dev/atmega328p/avr5\libatmega328p.a
END GROUP
                0x00000000                __TEXT_REGION_ORIGIN__ = DEFINED (__TEXT_REGION_ORIGIN__)?__TEXT_REGION_ORIGIN__:0x0
                [0x00800100]                __DATA_REGION_ORIGIN__ = DEFINED (__DATA_REGION_ORIGIN__)?__DATA_REGION_ORIGIN__:0x800060
                [0x00008000]                __TEXT_REGION_LENGTH__ = DEFINED (__TEXT_REGION_LENGTH__)?__TEXT_REGION_LENGTH__:0x20000
                [0x00000800]                __DATA_REGION_LENGTH__ = DEFINED (__DATA_REGION_LENGTH__)?__DATA_REGION_LENGTH__:0xffa0
                [0x00000400]                __EEPROM_REGION_LENGTH__ = DEFINED (__EEPROM_REGION_LENGTH__)?__EEPROM_REGION_LENGTH__:0x10000
                [0x00000003]                __FUSE_REGION_LENGTH__ = DEFINED (__FUSE_REGION_LENGTH__)?__FUSE_REGION_LENGTH__:0x400
                0x00000400                __LOCK_REGION_LENGTH__ = DEFINED (__LOCK_REGION_LENGTH__)?__LOCK_REGION_LENGTH__:0x400
                0x00000400                __SIGNATURE_REGION_LENGTH__ = DEFINED (__SIGNATURE_REGION_LENGTH__)?__SIGNATURE_REGION_LENGTH__:0x400
                0x00000400                __USER_SIGNATURE_REGION_LENGTH__ = DEFINED (__USER_SIGNATURE_REGION_LENGTH__)?__USER_SIGNATURE_REGION_LENGTH__:0x400

.hash
 *(.hash)

.dynsym
 *(.dynsym)

.dynstr
 *(.dynstr)

.gnu.version
 *(.gnu.version)

.gnu.version_d
 *(.gnu.version_d)

.gnu.version_r
 *(.gnu.version_r)

.rel.init
 *(.rel.init)

.rela.init
 *(.rela.init)

.rel.text
 *(.rel.text)
 *(.rel.text.*)
 *(.rel.gnu.linkonce.t*)

.rela.text
 *(.rela.text)
 *(.rela.text.*)
 *(.rela.gnu.linkonce.t*)

.rel.fini
 *(.rel.fini)

.rela.fini
 *(.rela.fini)

.rel.rodata
 *(.rel.rodata)
 *(.rel.rodata.*)
 *(.rel.gnu.linkonce.r*)

.rela.rodata
 *(.rela.rodata)
 *(.rela.rodata.*)
 *(.rela.gnu.linkonce.r*)

.rel.data
 *(.rel.data)
 *(.rel.data.*)
 *(.rel.gnu.linkonce.d*)

.rela.data
 *(.rela.data)
 *(.rela.data.*)
 *(.rela.gnu.linkonce.d*)

.rel.ctors
 *(.rel.ctors)

.rela.ctors
 *(.rela.ctors)

.rel.dtors
 *(.rel.dtors)

.rela.dtors
 *(.rela.dtors)

.rel.got
 *(.rel.got)

.rela.got
 *(.rela.got)

.rel.bss
 *(.rel.bss)

.rela.bss
 *(.rela.bss)

.rel.plt
 *(.rel.plt)

.rela.plt
 *(.rela.plt)

.text           0x00000000      0xcce
 *(.vectors)
 .vectors       0x00000000       0x68 D:/Soft/ATMEL/7.0/Packs/atmel/ATmega_DFP/1.7.374/gcc/dev/atmega328p/avr5/crtatmega328p.o
                0x00000000                __vector_default
                0x00000000                __vectors
 *(.vectors)
 *(.progmem.gcc*)
                0x00000068                . = ALIGN (0x2)
                0x00000068                __trampolines_start = .
 *(.trampolines)
 .trampolines   0x00000068        0x0 linker stubs
 *(.trampolines*)
                0x00000068                __trampolines_end = .
 *libprintf_flt.a:*(.progmem.data)
 *libc.a:*(.progmem.data)
 *(.progmem*)
                0x00000068                . = ALIGN (0x2)
 *(.jumptables)
 *(.jumptables*)
 *(.lowtext)
 *(.lowtext*)
                0x00000068                __ctors_start = .
 *(.ctors)
                0x00000068                __ctors_end = .
                0x00000068                __dtors_start = .
 *(.dtors)
                0x00000068                __dtors_end = .
 SORT(*)(.ctors)
 SORT(*)(.dtors)
 *(.init0)
 .init0         0x00000068        0x0 D:/Soft/ATMEL/7.0/Packs/atmel/ATmega_DFP/1.7.374/gcc/dev/atmega328p/avr5/crtatmega328p.o
                0x00000068                __init
 *(.init0)
 *(.init1)
 *(.init1)
 *(.init2)
 .init2         0x00000068        0xc D:/Soft/ATMEL/7.0/Packs/atmel/ATmega_DFP/1.7.374/gcc/dev/atmega328p/avr5/crtatmega328p.o
 *(.init2)
 *(.init3)
 *(.init3)
 *(.init4)
 .init4         0x00000074       0x16 d:/soft/atmel/7.0/toolchain/avr8/avr8-gnu-toolchain/bin/../lib/gcc/avr/5.4.0/avr5\libgcc.a(_copy_data.o)
                0x00000074                __do_copy_data
 .init4         0x0000008a       0x10 d:/soft/atmel/7.0/toolchain/avr8/avr8-gnu-toolchain/bin/../lib/gcc/avr/5.4.0/avr5\libgcc.a(_clear_bss.o)
                0x0000008a                __do_clear_bss
 *(.init4)
 *(.init5)
 *(.init5)
 *(.init6)
 *(.init6)
 *(.init7)
 *(.init7)
 *(.init8)
 *(.init8)
 *(.init9)
 .init9         0x0000009a        0x8 D:/Soft/ATMEL/7.0/Packs/atmel/ATmega_DFP/1.7.374/gcc/dev/atmega328p/avr5/crtatmega328p.o
 *(.init9)
 *(.text)
 .text          0x000000a2        0x4 D:/Soft/ATMEL/7.0/Packs/atmel/ATmega_DFP/1.7.374/gcc/dev/atmega328p/avr5/crtatmega328p.o
                0x000000a2                __vector_22
                0x000000a2                __vector_1
                0x000000a2                __vector_24
                0x000000a2                __vector_12
                0x000000a2                __bad_interrupt
                0x000000a2                __vector_6
                0x000000a2                __vector_3
                0x000000a2                __vector_23
                0x000000a2                __vector_25
                0x000000a2                __vector_13
                0x000000a2                __vector_17
                0x000000a2                __vector_19
                0x000000a2                __vector_7
                0x000000a2                __vector_5
                0x000000a2                __vector_4
                0x000000a2                __vector_9
                0x000000a2                __vector_2
                0x000000a2                __vector_21
                0x000000a2                __vector_15
                0x000000a2                __vector_8
                0x000000a2                __vector_14
                0x000000a2                __vector_10
                0x000000a2                __vector_16
                0x000000a2                __vector_18
                0x000000a2                __vector_20
                0x000000a6                . = ALIGN (0x2)
 *(.text.*)
 .text._Z7Blink10Pv
                0x000000a6       0x2e main.o
                0x000000a6                _Z7Blink10Pv
 .text._Z7Blink11Pv
                0x000000d4       0x2e main.o
                0x000000d4                _Z7Blink11Pv
 .text.main     0x00000102       0x3e main.o
                0x00000102                main
 .text.prvResetNextTaskUnblockTime
                0x00000140       0x3e D:\Tmp\probs\AVR\P016_rtos\FreeRTOS-ATMega328P\BlinkDemo\FreeRTOS\Debug\libFreeRTOS.a(tasks.o)
 .text.prvAddCurrentTaskToDelayedList
                0x0000017e       0xb0 D:\Tmp\probs\AVR\P016_rtos\FreeRTOS-ATMega328P\BlinkDemo\FreeRTOS\Debug\libFreeRTOS.a(tasks.o)
 .text.xTaskCreate
                0x0000022e      0x21a D:\Tmp\probs\AVR\P016_rtos\FreeRTOS-ATMega328P\BlinkDemo\FreeRTOS\Debug\libFreeRTOS.a(tasks.o)
                0x0000022e                xTaskCreate
 .text.vTaskStartScheduler
                0x00000448       0x54 D:\Tmp\probs\AVR\P016_rtos\FreeRTOS-ATMega328P\BlinkDemo\FreeRTOS\Debug\libFreeRTOS.a(tasks.o)
                0x00000448                vTaskStartScheduler
 .text.vTaskSuspendAll
                0x0000049c        0xc D:\Tmp\probs\AVR\P016_rtos\FreeRTOS-ATMega328P\BlinkDemo\FreeRTOS\Debug\libFreeRTOS.a(tasks.o)
                0x0000049c                vTaskSuspendAll
 .text.xTaskIncrementTick
                0x000004a8      0x176 D:\Tmp\probs\AVR\P016_rtos\FreeRTOS-ATMega328P\BlinkDemo\FreeRTOS\Debug\libFreeRTOS.a(tasks.o)
                0x000004a8                xTaskIncrementTick
 .text.xTaskResumeAll
                0x0000061e       0xfe D:\Tmp\probs\AVR\P016_rtos\FreeRTOS-ATMega328P\BlinkDemo\FreeRTOS\Debug\libFreeRTOS.a(tasks.o)
                0x0000061e                xTaskResumeAll
 .text.vTaskDelay
                0x0000071c       0x28 D:\Tmp\probs\AVR\P016_rtos\FreeRTOS-ATMega328P\BlinkDemo\FreeRTOS\Debug\libFreeRTOS.a(tasks.o)
                0x0000071c                vTaskDelay
 .text.prvIdleTask
                0x00000744       0x7a D:\Tmp\probs\AVR\P016_rtos\FreeRTOS-ATMega328P\BlinkDemo\FreeRTOS\Debug\libFreeRTOS.a(tasks.o)
 .text.vTaskSwitchContext
                0x000007be       0xcc D:\Tmp\probs\AVR\P016_rtos\FreeRTOS-ATMega328P\BlinkDemo\FreeRTOS\Debug\libFreeRTOS.a(tasks.o)
                0x000007be                vTaskSwitchContext
 .text.pvPortMalloc
                0x0000088a       0x6a D:\Tmp\probs\AVR\P016_rtos\FreeRTOS-ATMega328P\BlinkDemo\FreeRTOS\Debug\libFreeRTOS.a(heap_1.o)
                0x0000088a                pvPortMalloc
 .text.vPortFree
                0x000008f4        0x2 D:\Tmp\probs\AVR\P016_rtos\FreeRTOS-ATMega328P\BlinkDemo\FreeRTOS\Debug\libFreeRTOS.a(heap_1.o)
                0x000008f4                vPortFree
 .text.vListInitialise
                0x000008f6       0x1c D:\Tmp\probs\AVR\P016_rtos\FreeRTOS-ATMega328P\BlinkDemo\FreeRTOS\Debug\libFreeRTOS.a(list.o)
                0x000008f6                vListInitialise
 .text.vListInitialiseItem
                0x00000912        0x8 D:\Tmp\probs\AVR\P016_rtos\FreeRTOS-ATMega328P\BlinkDemo\FreeRTOS\Debug\libFreeRTOS.a(list.o)
                0x00000912                vListInitialiseItem
 .text.vListInsertEnd
                0x0000091a       0x42 D:\Tmp\probs\AVR\P016_rtos\FreeRTOS-ATMega328P\BlinkDemo\FreeRTOS\Debug\libFreeRTOS.a(list.o)
                0x0000091a                vListInsertEnd
 .text.vListInsert
                0x0000095c       0x62 D:\Tmp\probs\AVR\P016_rtos\FreeRTOS-ATMega328P\BlinkDemo\FreeRTOS\Debug\libFreeRTOS.a(list.o)
                0x0000095c                vListInsert
 .text.uxListRemove
                0x000009be       0x4c D:\Tmp\probs\AVR\P016_rtos\FreeRTOS-ATMega328P\BlinkDemo\FreeRTOS\Debug\libFreeRTOS.a(list.o)
                0x000009be                uxListRemove
 .text.pxPortInitialiseStack
                0x00000a0a       0xd8 D:\Tmp\probs\AVR\P016_rtos\FreeRTOS-ATMega328P\BlinkDemo\FreeRTOS\Debug\libFreeRTOS.a(port.o)
                0x00000a0a                pxPortInitialiseStack
 .text.xPortStartScheduler
                0x00000ae2       0x78 D:\Tmp\probs\AVR\P016_rtos\FreeRTOS-ATMega328P\BlinkDemo\FreeRTOS\Debug\libFreeRTOS.a(port.o)
                0x00000ae2                xPortStartScheduler
 .text.vPortYield
                0x00000b5a       0xb2 D:\Tmp\probs\AVR\P016_rtos\FreeRTOS-ATMega328P\BlinkDemo\FreeRTOS\Debug\libFreeRTOS.a(port.o)
                0x00000b5a                vPortYield
 .text.vPortYieldFromTick
                0x00000c0c       0xb8 D:\Tmp\probs\AVR\P016_rtos\FreeRTOS-ATMega328P\BlinkDemo\FreeRTOS\Debug\libFreeRTOS.a(port.o)
                0x00000c0c                vPortYieldFromTick
 .text.__vector_11
                0x00000cc4        0x6 D:\Tmp\probs\AVR\P016_rtos\FreeRTOS-ATMega328P\BlinkDemo\FreeRTOS\Debug\libFreeRTOS.a(port.o)
                0x00000cc4                __vector_11
                0x00000cca                . = ALIGN (0x2)
 *(.fini9)
 .fini9         0x00000cca        0x0 d:/soft/atmel/7.0/toolchain/avr8/avr8-gnu-toolchain/bin/../lib/gcc/avr/5.4.0/avr5\libgcc.a(_exit.o)
                0x00000cca                _exit
                0x00000cca                exit
 *(.fini9)
 *(.fini8)
 *(.fini8)
 *(.fini7)
 *(.fini7)
 *(.fini6)
 *(.fini6)
 *(.fini5)
 *(.fini5)
 *(.fini4)
 *(.fini4)
 *(.fini3)
 *(.fini3)
 *(.fini2)
 *(.fini2)
 *(.fini1)
 *(.fini1)
 *(.fini0)
 .fini0         0x00000cca        0x4 d:/soft/atmel/7.0/toolchain/avr8/avr8-gnu-toolchain/bin/../lib/gcc/avr/5.4.0/avr5\libgcc.a(_exit.o)
 *(.fini0)
                0x00000cce                _etext = .

.data           0x00800100        0x6 load address 0x00000cce
                0x00800100                PROVIDE (__data_start, .)
 *(.data)
 *(.data*)
 *(.gnu.linkonce.d*)
 *(.rodata)
 *(.rodata*)
 .rodata.str1.1
                0x00800100        0x5 D:\Tmp\probs\AVR\P016_rtos\FreeRTOS-ATMega328P\BlinkDemo\FreeRTOS\Debug\libFreeRTOS.a(tasks.o)
 *(.gnu.linkonce.r*)
                0x00800106                . = ALIGN (0x2)
 *fill*         0x00800105        0x1 
                0x00800106                _edata = .
                0x00800106                PROVIDE (__data_end, .)

.bss            0x00800106      0x646
                0x00800106                PROVIDE (__bss_start, .)
 *(.bss)
 *(.bss*)
 .bss.uxSchedulerSuspended
                0x00800106        0x1 D:\Tmp\probs\AVR\P016_rtos\FreeRTOS-ATMega328P\BlinkDemo\FreeRTOS\Debug\libFreeRTOS.a(tasks.o)
 .bss.xIdleTaskHandle
                0x00800107        0x2 D:\Tmp\probs\AVR\P016_rtos\FreeRTOS-ATMega328P\BlinkDemo\FreeRTOS\Debug\libFreeRTOS.a(tasks.o)
 .bss.xNextTaskUnblockTime
                0x00800109        0x2 D:\Tmp\probs\AVR\P016_rtos\FreeRTOS-ATMega328P\BlinkDemo\FreeRTOS\Debug\libFreeRTOS.a(tasks.o)
 .bss.uxTaskNumber
                0x0080010b        0x1 D:\Tmp\probs\AVR\P016_rtos\FreeRTOS-ATMega328P\BlinkDemo\FreeRTOS\Debug\libFreeRTOS.a(tasks.o)
 .bss.xNumOfOverflows
                0x0080010c        0x1 D:\Tmp\probs\AVR\P016_rtos\FreeRTOS-ATMega328P\BlinkDemo\FreeRTOS\Debug\libFreeRTOS.a(tasks.o)
 .bss.xYieldPending
                0x0080010d        0x1 D:\Tmp\probs\AVR\P016_rtos\FreeRTOS-ATMega328P\BlinkDemo\FreeRTOS\Debug\libFreeRTOS.a(tasks.o)
 .bss.uxPendedTicks
                0x0080010e        0x1 D:\Tmp\probs\AVR\P016_rtos\FreeRTOS-ATMega328P\BlinkDemo\FreeRTOS\Debug\libFreeRTOS.a(tasks.o)
 .bss.xSchedulerRunning
                0x0080010f        0x1 D:\Tmp\probs\AVR\P016_rtos\FreeRTOS-ATMega328P\BlinkDemo\FreeRTOS\Debug\libFreeRTOS.a(tasks.o)
 .bss.uxTopReadyPriority
                0x00800110        0x1 D:\Tmp\probs\AVR\P016_rtos\FreeRTOS-ATMega328P\BlinkDemo\FreeRTOS\Debug\libFreeRTOS.a(tasks.o)
 .bss.xTickCount
                0x00800111        0x2 D:\Tmp\probs\AVR\P016_rtos\FreeRTOS-ATMega328P\BlinkDemo\FreeRTOS\Debug\libFreeRTOS.a(tasks.o)
 .bss.uxCurrentNumberOfTasks
                0x00800113        0x1 D:\Tmp\probs\AVR\P016_rtos\FreeRTOS-ATMega328P\BlinkDemo\FreeRTOS\Debug\libFreeRTOS.a(tasks.o)
 .bss.xSuspendedTaskList
                0x00800114        0x9 D:\Tmp\probs\AVR\P016_rtos\FreeRTOS-ATMega328P\BlinkDemo\FreeRTOS\Debug\libFreeRTOS.a(tasks.o)
 .bss.uxDeletedTasksWaitingCleanUp
                0x0080011d        0x1 D:\Tmp\probs\AVR\P016_rtos\FreeRTOS-ATMega328P\BlinkDemo\FreeRTOS\Debug\libFreeRTOS.a(tasks.o)
 .bss.xTasksWaitingTermination
                0x0080011e        0x9 D:\Tmp\probs\AVR\P016_rtos\FreeRTOS-ATMega328P\BlinkDemo\FreeRTOS\Debug\libFreeRTOS.a(tasks.o)
 .bss.xPendingReadyList
                0x00800127        0x9 D:\Tmp\probs\AVR\P016_rtos\FreeRTOS-ATMega328P\BlinkDemo\FreeRTOS\Debug\libFreeRTOS.a(tasks.o)
 .bss.pxOverflowDelayedTaskList
                0x00800130        0x2 D:\Tmp\probs\AVR\P016_rtos\FreeRTOS-ATMega328P\BlinkDemo\FreeRTOS\Debug\libFreeRTOS.a(tasks.o)
 .bss.pxDelayedTaskList
                0x00800132        0x2 D:\Tmp\probs\AVR\P016_rtos\FreeRTOS-ATMega328P\BlinkDemo\FreeRTOS\Debug\libFreeRTOS.a(tasks.o)
 .bss.xDelayedTaskList2
                0x00800134        0x9 D:\Tmp\probs\AVR\P016_rtos\FreeRTOS-ATMega328P\BlinkDemo\FreeRTOS\Debug\libFreeRTOS.a(tasks.o)
 .bss.xDelayedTaskList1
                0x0080013d        0x9 D:\Tmp\probs\AVR\P016_rtos\FreeRTOS-ATMega328P\BlinkDemo\FreeRTOS\Debug\libFreeRTOS.a(tasks.o)
 .bss.pxReadyTasksLists
                0x00800146       0x24 D:\Tmp\probs\AVR\P016_rtos\FreeRTOS-ATMega328P\BlinkDemo\FreeRTOS\Debug\libFreeRTOS.a(tasks.o)
 .bss.pxCurrentTCB
                0x0080016a        0x2 D:\Tmp\probs\AVR\P016_rtos\FreeRTOS-ATMega328P\BlinkDemo\FreeRTOS\Debug\libFreeRTOS.a(tasks.o)
                0x0080016a                pxCurrentTCB
 .bss.pucAlignedHeap.2068
                0x0080016c        0x2 D:\Tmp\probs\AVR\P016_rtos\FreeRTOS-ATMega328P\BlinkDemo\FreeRTOS\Debug\libFreeRTOS.a(heap_1.o)
 .bss.xNextFreeByte
                0x0080016e        0x2 D:\Tmp\probs\AVR\P016_rtos\FreeRTOS-ATMega328P\BlinkDemo\FreeRTOS\Debug\libFreeRTOS.a(heap_1.o)
 .bss.ucHeap    0x00800170      0x5dc D:\Tmp\probs\AVR\P016_rtos\FreeRTOS-ATMega328P\BlinkDemo\FreeRTOS\Debug\libFreeRTOS.a(heap_1.o)
 *(COMMON)
                0x0080074c                PROVIDE (__bss_end, .)
                0x00000cce                __data_load_start = LOADADDR (.data)
                0x00000cd4                __data_load_end = (__data_load_start + SIZEOF (.data))

.noinit         0x0080074c        0x0
                [!provide]                PROVIDE (__noinit_start, .)
 *(.noinit*)
                [!provide]                PROVIDE (__noinit_end, .)
                0x0080074c                _end = .
                [!provide]                PROVIDE (__heap_start, .)

.eeprom         0x00810000        0x0
 *(.eeprom*)
                0x00810000                __eeprom_end = .

.fuse
 *(.fuse)
 *(.lfuse)
 *(.hfuse)
 *(.efuse)

.lock
 *(.lock*)

.signature
 *(.signature*)

.user_signatures
 *(.user_signatures*)

.stab
 *(.stab)

.stabstr
 *(.stabstr)

.stab.excl
 *(.stab.excl)

.stab.exclstr
 *(.stab.exclstr)

.stab.index
 *(.stab.index)

.stab.indexstr
 *(.stab.indexstr)

.comment        0x00000000       0x30
 *(.comment)
 .comment       0x00000000       0x30 main.o
                                 0x31 (size before relaxing)
 .comment       0x00000030       0x31 D:\Tmp\probs\AVR\P016_rtos\FreeRTOS-ATMega328P\BlinkDemo\FreeRTOS\Debug\libFreeRTOS.a(tasks.o)
 .comment       0x00000030       0x31 D:\Tmp\probs\AVR\P016_rtos\FreeRTOS-ATMega328P\BlinkDemo\FreeRTOS\Debug\libFreeRTOS.a(heap_1.o)
 .comment       0x00000030       0x31 D:\Tmp\probs\AVR\P016_rtos\FreeRTOS-ATMega328P\BlinkDemo\FreeRTOS\Debug\libFreeRTOS.a(list.o)
 .comment       0x00000030       0x31 D:\Tmp\probs\AVR\P016_rtos\FreeRTOS-ATMega328P\BlinkDemo\FreeRTOS\Debug\libFreeRTOS.a(port.o)

.note.gnu.avr.deviceinfo
                0x00000000       0x40
 .note.gnu.avr.deviceinfo
                0x00000000       0x40 D:/Soft/ATMEL/7.0/Packs/atmel/ATmega_DFP/1.7.374/gcc/dev/atmega328p/avr5/crtatmega328p.o

.note.gnu.build-id
 *(.note.gnu.build-id)

.debug
 *(.debug)

.line
 *(.line)

.debug_srcinfo
 *(.debug_srcinfo)

.debug_sfnames
 *(.debug_sfnames)

.debug_aranges  0x00000000      0x218
 *(.debug_aranges)
 .debug_aranges
                0x00000000       0x30 main.o
 .debug_aranges
                0x00000030      0x128 D:\Tmp\probs\AVR\P016_rtos\FreeRTOS-ATMega328P\BlinkDemo\FreeRTOS\Debug\libFreeRTOS.a(tasks.o)
 .debug_aranges
                0x00000158       0x38 D:\Tmp\probs\AVR\P016_rtos\FreeRTOS-ATMega328P\BlinkDemo\FreeRTOS\Debug\libFreeRTOS.a(heap_1.o)
 .debug_aranges
                0x00000190       0x40 D:\Tmp\probs\AVR\P016_rtos\FreeRTOS-ATMega328P\BlinkDemo\FreeRTOS\Debug\libFreeRTOS.a(list.o)
 .debug_aranges
                0x000001d0       0x48 D:\Tmp\probs\AVR\P016_rtos\FreeRTOS-ATMega328P\BlinkDemo\FreeRTOS\Debug\libFreeRTOS.a(port.o)

.debug_pubnames
 *(.debug_pubnames)

.debug_info     0x00000000     0x2a9d
 *(.debug_info .gnu.linkonce.wi.*)
 .debug_info    0x00000000      0x5f4 D:/Soft/ATMEL/7.0/Packs/atmel/ATmega_DFP/1.7.374/gcc/dev/atmega328p/avr5/crtatmega328p.o
 .debug_info    0x000005f4      0x2ab main.o
 .debug_info    0x0000089f     0x1b2d D:\Tmp\probs\AVR\P016_rtos\FreeRTOS-ATMega328P\BlinkDemo\FreeRTOS\Debug\libFreeRTOS.a(tasks.o)
 .debug_info    0x000023cc      0x1a4 D:\Tmp\probs\AVR\P016_rtos\FreeRTOS-ATMega328P\BlinkDemo\FreeRTOS\Debug\libFreeRTOS.a(heap_1.o)
 .debug_info    0x00002570      0x2cd D:\Tmp\probs\AVR\P016_rtos\FreeRTOS-ATMega328P\BlinkDemo\FreeRTOS\Debug\libFreeRTOS.a(list.o)
 .debug_info    0x0000283d      0x260 D:\Tmp\probs\AVR\P016_rtos\FreeRTOS-ATMega328P\BlinkDemo\FreeRTOS\Debug\libFreeRTOS.a(port.o)

.debug_abbrev   0x00000000      0xd0d
 *(.debug_abbrev)
 .debug_abbrev  0x00000000      0x5a2 D:/Soft/ATMEL/7.0/Packs/atmel/ATmega_DFP/1.7.374/gcc/dev/atmega328p/avr5/crtatmega328p.o
 .debug_abbrev  0x000005a2       0xd9 main.o
 .debug_abbrev  0x0000067b      0x329 D:\Tmp\probs\AVR\P016_rtos\FreeRTOS-ATMega328P\BlinkDemo\FreeRTOS\Debug\libFreeRTOS.a(tasks.o)
 .debug_abbrev  0x000009a4      0x11c D:\Tmp\probs\AVR\P016_rtos\FreeRTOS-ATMega328P\BlinkDemo\FreeRTOS\Debug\libFreeRTOS.a(heap_1.o)
 .debug_abbrev  0x00000ac0       0xf8 D:\Tmp\probs\AVR\P016_rtos\FreeRTOS-ATMega328P\BlinkDemo\FreeRTOS\Debug\libFreeRTOS.a(list.o)
 .debug_abbrev  0x00000bb8      0x155 D:\Tmp\probs\AVR\P016_rtos\FreeRTOS-ATMega328P\BlinkDemo\FreeRTOS\Debug\libFreeRTOS.a(port.o)

.debug_line     0x00000000     0x168d
 *(.debug_line .debug_line.* .debug_line_end)
 .debug_line    0x00000000      0x134 D:/Soft/ATMEL/7.0/Packs/atmel/ATmega_DFP/1.7.374/gcc/dev/atmega328p/avr5/crtatmega328p.o
 .debug_line    0x00000134      0x1ae main.o
 .debug_line    0x000002e2      0xe1d D:\Tmp\probs\AVR\P016_rtos\FreeRTOS-ATMega328P\BlinkDemo\FreeRTOS\Debug\libFreeRTOS.a(tasks.o)
 .debug_line    0x000010ff      0x173 D:\Tmp\probs\AVR\P016_rtos\FreeRTOS-ATMega328P\BlinkDemo\FreeRTOS\Debug\libFreeRTOS.a(heap_1.o)
 .debug_line    0x00001272      0x1b5 D:\Tmp\probs\AVR\P016_rtos\FreeRTOS-ATMega328P\BlinkDemo\FreeRTOS\Debug\libFreeRTOS.a(list.o)
 .debug_line    0x00001427      0x266 D:\Tmp\probs\AVR\P016_rtos\FreeRTOS-ATMega328P\BlinkDemo\FreeRTOS\Debug\libFreeRTOS.a(port.o)

.debug_frame    0x00000000      0x5f0
 *(.debug_frame)
 .debug_frame   0x00000000       0x44 main.o
 .debug_frame   0x00000044      0x450 D:\Tmp\probs\AVR\P016_rtos\FreeRTOS-ATMega328P\BlinkDemo\FreeRTOS\Debug\libFreeRTOS.a(tasks.o)
 .debug_frame   0x00000494       0x60 D:\Tmp\probs\AVR\P016_rtos\FreeRTOS-ATMega328P\BlinkDemo\FreeRTOS\Debug\libFreeRTOS.a(heap_1.o)
 .debug_frame   0x000004f4       0x88 D:\Tmp\probs\AVR\P016_rtos\FreeRTOS-ATMega328P\BlinkDemo\FreeRTOS\Debug\libFreeRTOS.a(list.o)
 .debug_frame   0x0000057c       0x74 D:\Tmp\probs\AVR\P016_rtos\FreeRTOS-ATMega328P\BlinkDemo\FreeRTOS\Debug\libFreeRTOS.a(port.o)

.debug_str      0x00000000     0x1013
 *(.debug_str)
 .debug_str     0x00000000      0x208 D:/Soft/ATMEL/7.0/Packs/atmel/ATmega_DFP/1.7.374/gcc/dev/atmega328p/avr5/crtatmega328p.o
 .debug_str     0x00000208      0x1fe main.o
                                0x237 (size before relaxing)
 .debug_str     0x00000406      0xad0 D:\Tmp\probs\AVR\P016_rtos\FreeRTOS-ATMega328P\BlinkDemo\FreeRTOS\Debug\libFreeRTOS.a(tasks.o)
                                0xbe8 (size before relaxing)
 .debug_str     0x00000ed6       0x72 D:\Tmp\probs\AVR\P016_rtos\FreeRTOS-ATMega328P\BlinkDemo\FreeRTOS\Debug\libFreeRTOS.a(heap_1.o)
                                0x228 (size before relaxing)
 .debug_str     0x00000f48       0x54 D:\Tmp\probs\AVR\P016_rtos\FreeRTOS-ATMega328P\BlinkDemo\FreeRTOS\Debug\libFreeRTOS.a(list.o)
                                0x2b7 (size before relaxing)
 .debug_str     0x00000f9c       0x77 D:\Tmp\probs\AVR\P016_rtos\FreeRTOS-ATMega328P\BlinkDemo\FreeRTOS\Debug\libFreeRTOS.a(port.o)
                                0x2b1 (size before relaxing)

.debug_loc      0x00000000     0x21a7
 *(.debug_loc)
 .debug_loc     0x00000000     0x1cfd D:\Tmp\probs\AVR\P016_rtos\FreeRTOS-ATMega328P\BlinkDemo\FreeRTOS\Debug\libFreeRTOS.a(tasks.o)
 .debug_loc     0x00001cfd       0xf1 D:\Tmp\probs\AVR\P016_rtos\FreeRTOS-ATMega328P\BlinkDemo\FreeRTOS\Debug\libFreeRTOS.a(heap_1.o)
 .debug_loc     0x00001dee      0x145 D:\Tmp\probs\AVR\P016_rtos\FreeRTOS-ATMega328P\BlinkDemo\FreeRTOS\Debug\libFreeRTOS.a(list.o)
 .debug_loc     0x00001f33      0x274 D:\Tmp\probs\AVR\P016_rtos\FreeRTOS-ATMega328P\BlinkDemo\FreeRTOS\Debug\libFreeRTOS.a(port.o)

.debug_macinfo
 *(.debug_macinfo)

.debug_weaknames
 *(.debug_weaknames)

.debug_funcnames
 *(.debug_funcnames)

.debug_typenames
 *(.debug_typenames)

.debug_varnames
 *(.debug_varnames)

.debug_pubtypes
 *(.debug_pubtypes)

.debug_ranges   0x00000000      0x240
 *(.debug_ranges)
 .debug_ranges  0x00000000       0x20 main.o
 .debug_ranges  0x00000020      0x190 D:\Tmp\probs\AVR\P016_rtos\FreeRTOS-ATMega328P\BlinkDemo\FreeRTOS\Debug\libFreeRTOS.a(tasks.o)
 .debug_ranges  0x000001b0       0x28 D:\Tmp\probs\AVR\P016_rtos\FreeRTOS-ATMega328P\BlinkDemo\FreeRTOS\Debug\libFreeRTOS.a(heap_1.o)
 .debug_ranges  0x000001d8       0x30 D:\Tmp\probs\AVR\P016_rtos\FreeRTOS-ATMega328P\BlinkDemo\FreeRTOS\Debug\libFreeRTOS.a(list.o)
 .debug_ranges  0x00000208       0x38 D:\Tmp\probs\AVR\P016_rtos\FreeRTOS-ATMega328P\BlinkDemo\FreeRTOS\Debug\libFreeRTOS.a(port.o)

.debug_macro
 *(.debug_macro)
OUTPUT(GccApplication3.elf elf32-avr)
LOAD linker stubs
